Archive member included to satisfy reference by file (symbol)

C:\Users\torin\OneDrive\Desktop\ELEC291\gcc-arm-none-eabi-10.3-2021.10\arm-none-eabi\lib\thumb\v6-m\nofp\libnosys.a(errno.o)
                              newlib_stubs.o (errno)
C:\Users\torin\OneDrive\Desktop\ELEC291\gcc-arm-none-eabi-10.3-2021.10\lib\gcc\arm-none-eabi\10.3.1\thumb\v6-m\nofp\libgcc.a(_udivsi3.o)
                              uart.o (__aeabi_uidiv)
C:\Users\torin\OneDrive\Desktop\ELEC291\gcc-arm-none-eabi-10.3-2021.10\lib\gcc\arm-none-eabi\10.3.1\thumb\v6-m\nofp\libgcc.a(_divsi3.o)
                              serial.o (__aeabi_idiv)
C:\Users\torin\OneDrive\Desktop\ELEC291\gcc-arm-none-eabi-10.3-2021.10\lib\gcc\arm-none-eabi\10.3.1\thumb\v6-m\nofp\libgcc.a(_dvmd_tls.o)
                              C:\Users\torin\OneDrive\Desktop\ELEC291\gcc-arm-none-eabi-10.3-2021.10\lib\gcc\arm-none-eabi\10.3.1\thumb\v6-m\nofp\libgcc.a(_udivsi3.o) (__aeabi_idiv0)
C:\Users\torin\OneDrive\Desktop\ELEC291\gcc-arm-none-eabi-10.3-2021.10\lib\gcc\arm-none-eabi\10.3.1\thumb\v6-m\nofp\libgcc.a(_arm_cmpsf2.o)
                              motor.o (__aeabi_fcmplt)
C:\Users\torin\OneDrive\Desktop\ELEC291\gcc-arm-none-eabi-10.3-2021.10\lib\gcc\arm-none-eabi\10.3.1\thumb\v6-m\nofp\libgcc.a(addsf3.o)
                              motor.o (__aeabi_fadd)
C:\Users\torin\OneDrive\Desktop\ELEC291\gcc-arm-none-eabi-10.3-2021.10\lib\gcc\arm-none-eabi\10.3.1\thumb\v6-m\nofp\libgcc.a(divsf3.o)
                              motor.o (__aeabi_fdiv)
C:\Users\torin\OneDrive\Desktop\ELEC291\gcc-arm-none-eabi-10.3-2021.10\lib\gcc\arm-none-eabi\10.3.1\thumb\v6-m\nofp\libgcc.a(eqsf2.o)
                              C:\Users\torin\OneDrive\Desktop\ELEC291\gcc-arm-none-eabi-10.3-2021.10\lib\gcc\arm-none-eabi\10.3.1\thumb\v6-m\nofp\libgcc.a(_arm_cmpsf2.o) (__eqsf2)
C:\Users\torin\OneDrive\Desktop\ELEC291\gcc-arm-none-eabi-10.3-2021.10\lib\gcc\arm-none-eabi\10.3.1\thumb\v6-m\nofp\libgcc.a(gesf2.o)
                              C:\Users\torin\OneDrive\Desktop\ELEC291\gcc-arm-none-eabi-10.3-2021.10\lib\gcc\arm-none-eabi\10.3.1\thumb\v6-m\nofp\libgcc.a(_arm_cmpsf2.o) (__gesf2)
C:\Users\torin\OneDrive\Desktop\ELEC291\gcc-arm-none-eabi-10.3-2021.10\lib\gcc\arm-none-eabi\10.3.1\thumb\v6-m\nofp\libgcc.a(lesf2.o)
                              C:\Users\torin\OneDrive\Desktop\ELEC291\gcc-arm-none-eabi-10.3-2021.10\lib\gcc\arm-none-eabi\10.3.1\thumb\v6-m\nofp\libgcc.a(_arm_cmpsf2.o) (__lesf2)
C:\Users\torin\OneDrive\Desktop\ELEC291\gcc-arm-none-eabi-10.3-2021.10\lib\gcc\arm-none-eabi\10.3.1\thumb\v6-m\nofp\libgcc.a(mulsf3.o)
                              motor.o (__aeabi_fmul)
C:\Users\torin\OneDrive\Desktop\ELEC291\gcc-arm-none-eabi-10.3-2021.10\lib\gcc\arm-none-eabi\10.3.1\thumb\v6-m\nofp\libgcc.a(subsf3.o)
                              motor.o (__aeabi_fsub)
C:\Users\torin\OneDrive\Desktop\ELEC291\gcc-arm-none-eabi-10.3-2021.10\lib\gcc\arm-none-eabi\10.3.1\thumb\v6-m\nofp\libgcc.a(fixsfsi.o)
                              motor.o (__aeabi_f2iz)
C:\Users\torin\OneDrive\Desktop\ELEC291\gcc-arm-none-eabi-10.3-2021.10\lib\gcc\arm-none-eabi\10.3.1\thumb\v6-m\nofp\libgcc.a(floatsisf.o)
                              decoder.o (__aeabi_i2f)
C:\Users\torin\OneDrive\Desktop\ELEC291\gcc-arm-none-eabi-10.3-2021.10\lib\gcc\arm-none-eabi\10.3.1\thumb\v6-m\nofp\libgcc.a(_clzsi2.o)
                              C:\Users\torin\OneDrive\Desktop\ELEC291\gcc-arm-none-eabi-10.3-2021.10\lib\gcc\arm-none-eabi\10.3.1\thumb\v6-m\nofp\libgcc.a(addsf3.o) (__clzsi2)
C:\Users\torin\OneDrive\Desktop\ELEC291\gcc-arm-none-eabi-10.3-2021.10\arm-none-eabi\lib\thumb\v6-m\nofp\libc_nano.a(lib_a-fflush.o)
                              collision.o (fflush)
C:\Users\torin\OneDrive\Desktop\ELEC291\gcc-arm-none-eabi-10.3-2021.10\arm-none-eabi\lib\thumb\v6-m\nofp\libc_nano.a(lib_a-findfp.o)
                              C:\Users\torin\OneDrive\Desktop\ELEC291\gcc-arm-none-eabi-10.3-2021.10\arm-none-eabi\lib\thumb\v6-m\nofp\libc_nano.a(lib_a-fflush.o) (__sinit)
C:\Users\torin\OneDrive\Desktop\ELEC291\gcc-arm-none-eabi-10.3-2021.10\arm-none-eabi\lib\thumb\v6-m\nofp\libc_nano.a(lib_a-fwalk.o)
                              C:\Users\torin\OneDrive\Desktop\ELEC291\gcc-arm-none-eabi-10.3-2021.10\arm-none-eabi\lib\thumb\v6-m\nofp\libc_nano.a(lib_a-findfp.o) (_fwalk)
C:\Users\torin\OneDrive\Desktop\ELEC291\gcc-arm-none-eabi-10.3-2021.10\arm-none-eabi\lib\thumb\v6-m\nofp\libc_nano.a(lib_a-impure.o)
                              C:\Users\torin\OneDrive\Desktop\ELEC291\gcc-arm-none-eabi-10.3-2021.10\arm-none-eabi\lib\thumb\v6-m\nofp\libc_nano.a(lib_a-fflush.o) (_global_impure_ptr)
C:\Users\torin\OneDrive\Desktop\ELEC291\gcc-arm-none-eabi-10.3-2021.10\arm-none-eabi\lib\thumb\v6-m\nofp\libc_nano.a(lib_a-lock.o)
[...]
Memory Configuration

Name             Origin             Length             Attributes
flash            0x08000000         0x00010000
ram              0x20000000         0x00002000
*default*        0x00000000         0xffffffff

Linker script and memory map

LOAD main.o
LOAD startup.o
LOAD serial.o
LOAD newlib_stubs.o
LOAD collision.o
LOAD motor.o
LOAD ADC.o
LOAD decoder.o
LOAD uart.o
LOAD vl53l0x.o
LOAD C:\Users\torin\OneDrive\Desktop\ELEC291\gcc-arm-none-eabi-10.3-2021.10\arm-none-eabi\lib\thumb\v6-m\nofp\libnosys.a
LOAD C:\Users\torin\OneDrive\Desktop\ELEC291\gcc-arm-none-eabi-10.3-2021.10\lib\gcc\arm-none-eabi\10.3.1\thumb\v6-m\nofp\libgcc.a
START GROUP
LOAD C:\Users\torin\OneDrive\Desktop\ELEC291\gcc-arm-none-eabi-10.3-2021.10\lib\gcc\arm-none-eabi\10.3.1\thumb\v6-m\nofp\libgcc.a
LOAD C:\Users\torin\OneDrive\Desktop\ELEC291\gcc-arm-none-eabi-10.3-2021.10\arm-none-eabi\lib\thumb\v6-m\nofp\libc_nano.a
LOAD C:\Users\torin\OneDrive\Desktop\ELEC291\gcc-arm-none-eabi-10.3-2021.10\arm-none-eabi\lib\thumb\v6-m\nofp\libm.a
END GROUP

.text           0x08000000     0x949c
 *(.vectors)
 .vectors       0x08000000       0xb8 startup.o
                0x08000000                Vectors
 *(.after_vectors*)
 .after_vectors
                0x080000b8       0x28 startup.o
                0x080000b8                ResetInit
 *(.text*)
 .text          0x080000e0      0x1a4 main.o
                0x080000e0                delay
                0x080000fe                wait_1ms
                0x08000138                waitms
                0x0800015a                GetPeriod
                0x08000254                main
 .text          0x08000284      0x1a8 startup.o
                0x080002fc                initClock
                0x08000404                EXTI2_3_Handler
                0x08000404                TIM21_Handler
                0x08000404                SysTick_Handler
                0x08000404                I2C1_Handler
                0x08000404                PendSV_Handler
                0x08000404                NMI_Handler
                0x08000404                WWDG_Handler
                0x08000404                RTC_Handler
                0x08000404                EXTI4_15_Handler
                0x08000404                TIM2_Handler
                0x08000404                DMA_CH4_5_6_7_Handler
                0x08000404                Default_Handler
                0x08000404                LPUART1_Handler
                0x08000404                FLASH_Handler
                0x08000404                EXTI0_1_Handler
                0x08000404                DMA_CH1_Handler
                0x08000404                SPI2_Handler
                0x08000404                DMA_CH2_3_Handler
                0x08000404                I2C2_Handler
                0x08000404                SVC_Handler
                0x08000404                LPTIM1_Handler
                0x08000404                USART2_Handler
                0x08000404                SPI1_Handler
                0x08000404                RCC_Handler
                0x08000404                PVD_Handler
                0x08000404                TIM6_Handler
                0x08000404                TIM22_Handler
                0x08000404                ADC_COMP_Handler
                0x08000418                Hard_Fault_Handler
 .text          0x0800042c      0x5b4 serial.o
                0x0800042c                ReadCom
                0x080004a0                WriteCom
                0x08000540                initUART
                0x08000690                USART1_Handler
                0x080006bc                usart_rx
                0x080006ec                usart_tx
                0x08000754                PutBuf
                0x080007b6                GetBuf
                0x0800080c                GetBufCount
                0x08000820                eputs
                0x0800085c                eputc
                0x0800087a                egetc
                0x08000894                egets
                0x08000920                egetc_echo
                0x08000946                egets_echo
 .text          0x080009e0      0x29c newlib_stubs.o
                0x080009e0                _exit
                0x080009ea                _close
                0x080009fe                _execve
                0x08000a20                _fork
                0x08000a38                _fstat
                0x08000a54                _getpid
                0x08000a60                _kill
                0x08000a80                _link
                0x08000aa0                _lseek
                0x08000ab6                _stat
                0x08000ad2                _times
                0x08000ae6                _unlink
                0x08000b04                _wait
                0x08000b24                _isatty
                0x08000b4c                _sbrk
                0x08000bb0                _read
                0x08000c28                _write
 .text          0x08000c7c      0x444 collision.o
                0x08000c7c                I2C_init
                0x08000d18                i2c_read_addr8_data8
                0x08000db8                i2c_read_addr8_data16
                0x08000e7c                i2c_write_addr8_data8
                0x08000efc                validate_I2C_interface
                0x08000fc0                colli
 .text          0x080010c0      0x450 motor.o
                0x080010c0                Motor_Init
                0x08001244                Motor_SetPWM
                0x080012f8                PID_Init
                0x0800132c                PID_Compute
                0x080013fc                Motor_Drive
 .text          0x08001510      0x120 ADC.o
                0x08001510                ADC_Init
                0x080015d4                ADC_Read_Channel
 .text          0x08001630      0x368 decoder.o
                0x0800165c                initialize_decoder
                0x080016e4                initialize_timer22
                0x08001768                TIM22_IRQHandler
                0x080017ec                decode
 .text          0x08001998      0x168 uart.o
                0x08001998                UART2_Init
                0x08001a2c                UART2_WriteChar
                0x08001a58                UART2_WriteString
                0x08001a82                UART2_WriteInt
 .text          0x08001b00      0xdd8 vl53l0x.o
                0x080026ac                vl53l0x_init
                0x08002710                vl53l0x_read_range_single
 .text          0x080028d8        0x0 C:\Users\torin\OneDrive\Desktop\ELEC291\gcc-arm-none-eabi-10.3-2021.10\arm-none-eabi\lib\thumb\v6-m\nofp\libnosys.a(errno.o)
 .text          0x080028d8      0x114 C:\Users\torin\OneDrive\Desktop\ELEC291\gcc-arm-none-eabi-10.3-2021.10\lib\gcc\arm-none-eabi\10.3.1\thumb\v6-m\nofp\libgcc.a(_udivsi3.o)
                0x080028d8                __aeabi_uidiv
                0x080028d8                __udivsi3
                0x080029e4                __aeabi_uidivmod
 .text          0x080029ec      0x1d4 C:\Users\torin\OneDrive\Desktop\ELEC291\gcc-arm-none-eabi-10.3-2021.10\lib\gcc\arm-none-eabi\10.3.1\thumb\v6-m\nofp\libgcc.a(_divsi3.o)
                0x080029ec                __divsi3
                0x080029ec                __aeabi_idiv
                0x08002bb8                __aeabi_idivmod
 .text          0x08002bc0        0x4 C:\Users\torin\OneDrive\Desktop\ELEC291\gcc-arm-none-eabi-10.3-2021.10\lib\gcc\arm-none-eabi\10.3.1\thumb\v6-m\nofp\libgcc.a(_dvmd_tls.o)
                0x08002bc0                __aeabi_idiv0
                0x08002bc0                __aeabi_ldiv0
 .text          0x08002bc4       0x74 C:\Users\torin\OneDrive\Desktop\ELEC291\gcc-arm-none-eabi-10.3-2021.10\lib\gcc\arm-none-eabi\10.3.1\thumb\v6-m\nofp\libgcc.a(_arm_cmpsf2.o)
                0x08002bc4                __aeabi_cfrcmple
                0x08002bcc                __aeabi_cfcmpeq
                0x08002bcc                __aeabi_cfcmple
                0x08002bdc                __aeabi_fcmpeq
                0x08002be8                __aeabi_fcmplt
                0x08002bfc                __aeabi_fcmple
                0x08002c10                __aeabi_fcmpgt
                0x08002c24                __aeabi_fcmpge
 .text          0x08002c38      0x33c C:\Users\torin\OneDrive\Desktop\ELEC291\gcc-arm-none-eabi-10.3-2021.10\lib\gcc\arm-none-eabi\10.3.1\thumb\v6-m\nofp\libgcc.a(addsf3.o)
                0x08002c38                __aeabi_fadd
 .text          0x08002f74      0x230 C:\Users\torin\OneDrive\Desktop\ELEC291\gcc-arm-none-eabi-10.3-2021.10\lib\gcc\arm-none-eabi\10.3.1\thumb\v6-m\nofp\libgcc.a(divsf3.o)
                0x08002f74                __aeabi_fdiv
 .text          0x080031a4       0x4c C:\Users\torin\OneDrive\Desktop\ELEC291\gcc-arm-none-eabi-10.3-2021.10\lib\gcc\arm-none-eabi\10.3.1\thumb\v6-m\nofp\libgcc.a(eqsf2.o)
                0x080031a4                __eqsf2
                0x080031a4                __nesf2
 .text          0x080031f0       0x8c C:\Users\torin\OneDrive\Desktop\ELEC291\gcc-arm-none-eabi-10.3-2021.10\lib\gcc\arm-none-eabi\10.3.1\thumb\v6-m\nofp\libgcc.a(gesf2.o)
                0x080031f0                __gesf2
                0x080031f0                __gtsf2
 .text          0x0800327c       0x88 C:\Users\torin\OneDrive\Desktop\ELEC291\gcc-arm-none-eabi-10.3-2021.10\lib\gcc\arm-none-eabi\10.3.1\thumb\v6-m\nofp\libgcc.a(lesf2.o)
                0x0800327c                __ltsf2
                0x0800327c                __lesf2
 .text          0x08003304      0x24c C:\Users\torin\OneDrive\Desktop\ELEC291\gcc-arm-none-eabi-10.3-2021.10\lib\gcc\arm-none-eabi\10.3.1\thumb\v6-m\nofp\libgcc.a(mulsf3.o)
                0x08003304                __aeabi_fmul
 .text          0x08003550      0x35c C:\Users\torin\OneDrive\Desktop\ELEC291\gcc-arm-none-eabi-10.3-2021.10\lib\gcc\arm-none-eabi\10.3.1\thumb\v6-m\nofp\libgcc.a(subsf3.o)
                0x08003550                __aeabi_fsub
 .text          0x080038ac       0x40 C:\Users\torin\OneDrive\Desktop\ELEC291\gcc-arm-none-eabi-10.3-2021.10\lib\gcc\arm-none-eabi\10.3.1\thumb\v6-m\nofp\libgcc.a(fixsfsi.o)
                0x080038ac                __aeabi_f2iz
 .text          0x080038ec       0x9c C:\Users\torin\OneDrive\Desktop\ELEC291\gcc-arm-none-eabi-10.3-2021.10\lib\gcc\arm-none-eabi\10.3.1\thumb\v6-m\nofp\libgcc.a(floatsisf.o)
                0x080038ec                __aeabi_i2f
 .text          0x08003988       0x3c C:\Users\torin\OneDrive\Desktop\ELEC291\gcc-arm-none-eabi-10.3-2021.10\lib\gcc\arm-none-eabi\10.3.1\thumb\v6-m\nofp\libgcc.a(_clzsi2.o)
                0x08003988                __clzsi2
 .text          0x080039c4        0x0 C:\Users\torin\OneDrive\Desktop\ELEC291\gcc-arm-none-eabi-10.3-2021.10\arm-none-eabi\lib\thumb\v6-m\nofp\libc_nano.a(lib_a-fflush.o)
 .text.__sflush_r
                0x080039c4      0x118 C:\Users\torin\OneDrive\Desktop\ELEC291\gcc-arm-none-eabi-10.3-2021.10\arm-none-eabi\lib\thumb\v6-m\nofp\libc_nano.a(lib_a-fflush.o)
                0x080039c4                __sflush_r
 .text._fflush_r
                0x08003adc       0x80 C:\Users\torin\OneDrive\Desktop\ELEC291\gcc-arm-none-eabi-10.3-2021.10\arm-none-eabi\lib\thumb\v6-m\nofp\libc_nano.a(lib_a-fflush.o)
                0x08003adc                _fflush_r
 .text.fflush   0x08003b5c       0x2c C:\Users\torin\OneDrive\Desktop\ELEC291\gcc-arm-none-eabi-10.3-2021.10\arm-none-eabi\lib\thumb\v6-m\nofp\libc_nano.a(lib_a-fflush.o)
                0x08003b5c                fflush
 .text          0x08003b88        0x0 C:\Users\torin\OneDrive\Desktop\ELEC291\gcc-arm-none-eabi-10.3-2021.10\arm-none-eabi\lib\thumb\v6-m\nofp\libc_nano.a(lib_a-findfp.o)
 .text.std      0x08003b88       0x48 C:\Users\torin\OneDrive\Desktop\ELEC291\gcc-arm-none-eabi-10.3-2021.10\arm-none-eabi\lib\thumb\v6-m\nofp\libc_nano.a(lib_a-findfp.o)
 .text._cleanup_r
                0x08003bd0       0x10 C:\Users\torin\OneDrive\Desktop\ELEC291\gcc-arm-none-eabi-10.3-2021.10\arm-none-eabi\lib\thumb\v6-m\nofp\libc_nano.a(lib_a-findfp.o)
                0x08003bd0                _cleanup_r
 .text.__fp_lock
                0x08003be0       0x18 C:\Users\torin\OneDrive\Desktop\ELEC291\gcc-arm-none-eabi-10.3-2021.10\arm-none-eabi\lib\thumb\v6-m\nofp\libc_nano.a(lib_a-findfp.o)
 .text.__fp_unlock
                0x08003bf8       0x18 C:\Users\torin\OneDrive\Desktop\ELEC291\gcc-arm-none-eabi-10.3-2021.10\arm-none-eabi\lib\thumb\v6-m\nofp\libc_nano.a(lib_a-findfp.o)
 .text.__sfmoreglue
                0x08003c10       0x2c C:\Users\torin\OneDrive\Desktop\ELEC291\gcc-arm-none-eabi-10.3-2021.10\arm-none-eabi\lib\thumb\v6-m\nofp\libc_nano.a(lib_a-findfp.o)
                0x08003c10                __sfmoreglue
 .text._cleanup
                0x08003c3c       0x10 C:\Users\torin\OneDrive\Desktop\ELEC291\gcc-arm-none-eabi-10.3-2021.10\arm-none-eabi\lib\thumb\v6-m\nofp\libc_nano.a(lib_a-findfp.o)
                0x08003c3c                _cleanup
 .text.__sfp_lock_acquire
                0x08003c4c       0x10 C:\Users\torin\OneDrive\Desktop\ELEC291\gcc-arm-none-eabi-10.3-2021.10\arm-none-eabi\lib\thumb\v6-m\nofp\libc_nano.a(lib_a-findfp.o)
                0x08003c4c                __sfp_lock_acquire
 .text.__sfp_lock_release
                0x08003c5c       0x10 C:\Users\torin\OneDrive\Desktop\ELEC291\gcc-arm-none-eabi-10.3-2021.10\arm-none-eabi\lib\thumb\v6-m\nofp\libc_nano.a(lib_a-findfp.o)
                0x08003c5c                __sfp_lock_release
 .text.__sinit_lock_acquire
                0x08003c6c       0x10 C:\Users\torin\OneDrive\Desktop\ELEC291\gcc-arm-none-eabi-10.3-2021.10\arm-none-eabi\lib\thumb\v6-m\nofp\libc_nano.a(lib_a-findfp.o)
                0x08003c6c                __sinit_lock_acquire
 .text.__sinit_lock_release
                0x08003c7c       0x10 C:\Users\torin\OneDrive\Desktop\ELEC291\gcc-arm-none-eabi-10.3-2021.10\arm-none-eabi\lib\thumb\v6-m\nofp\libc_nano.a(lib_a-findfp.o)
                0x08003c7c                __sinit_lock_release
 .text.__sinit  0x08003c8c       0x70 C:\Users\torin\OneDrive\Desktop\ELEC291\gcc-arm-none-eabi-10.3-2021.10\arm-none-eabi\lib\thumb\v6-m\nofp\libc_nano.a(lib_a-findfp.o)
                0x08003c8c                __sinit
 .text.__sfp    0x08003cfc       0x90 C:\Users\torin\OneDrive\Desktop\ELEC291\gcc-arm-none-eabi-10.3-2021.10\arm-none-eabi\lib\thumb\v6-m\nofp\libc_nano.a(lib_a-findfp.o)
                0x08003cfc                __sfp
 .text.__fp_lock_all
                0x08003d8c       0x1c C:\Users\torin\OneDrive\Desktop\ELEC291\gcc-arm-none-eabi-10.3-2021.10\arm-none-eabi\lib\thumb\v6-m\nofp\libc_nano.a(lib_a-findfp.o)
                0x08003d8c                __fp_lock_all
 .text.__fp_unlock_all
                0x08003da8       0x1c C:\Users\torin\OneDrive\Desktop\ELEC291\gcc-arm-none-eabi-10.3-2021.10\arm-none-eabi\lib\thumb\v6-m\nofp\libc_nano.a(lib_a-findfp.o)
                0x08003da8                __fp_unlock_all
 .text          0x08003dc4        0x0 C:\Users\torin\OneDrive\Desktop\ELEC291\gcc-arm-none-eabi-10.3-2021.10\arm-none-eabi\lib\thumb\v6-m\nofp\libc_nano.a(lib_a-fwalk.o)
 .text._fwalk   0x08003dc4       0x36 C:\Users\torin\OneDrive\Desktop\ELEC291\gcc-arm-none-eabi-10.3-2021.10\arm-none-eabi\lib\thumb\v6-m\nofp\libc_nano.a(lib_a-fwalk.o)
                0x08003dc4                _fwalk
 .text._fwalk_reent
                0x08003dfa       0x40 C:\Users\torin\OneDrive\Desktop\ELEC291\gcc-arm-none-eabi-10.3-2021.10\arm-none-eabi\lib\thumb\v6-m\nofp\libc_nano.a(lib_a-fwalk.o)
                0x08003dfa                _fwalk_reent
 .text          0x08003e3a        0x0 C:\Users\torin\OneDrive\Desktop\ELEC291\gcc-arm-none-eabi-10.3-2021.10\arm-none-eabi\lib\thumb\v6-m\nofp\libc_nano.a(lib_a-impure.o)
 .text          0x08003e3a        0x0 C:\Users\torin\OneDrive\Desktop\ELEC291\gcc-arm-none-eabi-10.3-2021.10\arm-none-eabi\lib\thumb\v6-m\nofp\libc_nano.a(lib_a-lock.o)
 .text.__retarget_lock_init
                0x08003e3a        0x2 C:\Users\torin\OneDrive\Desktop\ELEC291\gcc-arm-none-eabi-10.3-2021.10\arm-none-eabi\lib\thumb\v6-m\nofp\libc_nano.a(lib_a-lock.o)
                0x08003e3a                __retarget_lock_init
 .text.__retarget_lock_init_recursive
                0x08003e3c        0x2 C:\Users\torin\OneDrive\Desktop\ELEC291\gcc-arm-none-eabi-10.3-2021.10\arm-none-eabi\lib\thumb\v6-m\nofp\libc_nano.a(lib_a-lock.o)
                0x08003e3c                __retarget_lock_init_recursive
 .text.__retarget_lock_close
                0x08003e3e        0x2 C:\Users\torin\OneDrive\Desktop\ELEC291\gcc-arm-none-eabi-10.3-2021.10\arm-none-eabi\lib\thumb\v6-m\nofp\libc_nano.a(lib_a-lock.o)
                0x08003e3e                __retarget_lock_close
 .text.__retarget_lock_close_recursive
                0x08003e40        0x2 C:\Users\torin\OneDrive\Desktop\ELEC291\gcc-arm-none-eabi-10.3-2021.10\arm-none-eabi\lib\thumb\v6-m\nofp\libc_nano.a(lib_a-lock.o)
                0x08003e40                __retarget_lock_close_recursive
 .text.__retarget_lock_acquire
                0x08003e42        0x2 C:\Users\torin\OneDrive\Desktop\ELEC291\gcc-arm-none-eabi-10.3-2021.10\arm-none-eabi\lib\thumb\v6-m\nofp\libc_nano.a(lib_a-lock.o)
                0x08003e42                __retarget_lock_acquire
 .text.__retarget_lock_acquire_recursive
                0x08003e44        0x2 C:\Users\torin\OneDrive\Desktop\ELEC291\gcc-arm-none-eabi-10.3-2021.10\arm-none-eabi\lib\thumb\v6-m\nofp\libc_nano.a(lib_a-lock.o)
                0x08003e44                __retarget_lock_acquire_recursive
 .text.__retarget_lock_try_acquire
                0x08003e46        0x4 C:\Users\torin\OneDrive\Desktop\ELEC291\gcc-arm-none-eabi-10.3-2021.10\arm-none-eabi\lib\thumb\v6-m\nofp\libc_nano.a(lib_a-lock.o)
                0x08003e46                __retarget_lock_try_acquire
 .text.__retarget_lock_try_acquire_recursive
                0x08003e4a        0x4 C:\Users\torin\OneDrive\Desktop\ELEC291\gcc-arm-none-eabi-10.3-2021.10\arm-none-eabi\lib\thumb\v6-m\nofp\libc_nano.a(lib_a-lock.o)
                0x08003e4a                __retarget_lock_try_acquire_recursive
 .text.__retarget_lock_release
                0x08003e4e        0x2 C:\Users\torin\OneDrive\Desktop\ELEC291\gcc-arm-none-eabi-10.3-2021.10\arm-none-eabi\lib\thumb\v6-m\nofp\libc_nano.a(lib_a-lock.o)
                0x08003e4e                __retarget_lock_release
 .text.__retarget_lock_release_recursive
                0x08003e50        0x2 C:\Users\torin\OneDrive\Desktop\ELEC291\gcc-arm-none-eabi-10.3-2021.10\arm-none-eabi\lib\thumb\v6-m\nofp\libc_nano.a(lib_a-lock.o)
                0x08003e50                __retarget_lock_release_recursive
 .text          0x08003e52        0x0 C:\Users\torin\OneDrive\Desktop\ELEC291\gcc-arm-none-eabi-10.3-2021.10\arm-none-eabi\lib\thumb\v6-m\nofp\libc_nano.a(lib_a-memset.o)
 .text.memset   0x08003e52       0x10 C:\Users\torin\OneDrive\Desktop\ELEC291\gcc-arm-none-eabi-10.3-2021.10\arm-none-eabi\lib\thumb\v6-m\nofp\libc_nano.a(lib_a-memset.o)
                0x08003e52                memset
 .text          0x08003e62        0x0 C:\Users\torin\OneDrive\Desktop\ELEC291\gcc-arm-none-eabi-10.3-2021.10\arm-none-eabi\lib\thumb\v6-m\nofp\libc_nano.a(lib_a-nano-freer.o)
 *fill*         0x08003e62        0x2 
 .text._free_r  0x08003e64       0x94 C:\Users\torin\OneDrive\Desktop\ELEC291\gcc-arm-none-eabi-10.3-2021.10\arm-none-eabi\lib\thumb\v6-m\nofp\libc_nano.a(lib_a-nano-freer.o)
                0x08003e64                _free_r
 .text          0x08003ef8        0x0 C:\Users\torin\OneDrive\Desktop\ELEC291\gcc-arm-none-eabi-10.3-2021.10\arm-none-eabi\lib\thumb\v6-m\nofp\libc_nano.a(lib_a-nano-mallocr.o)
 .text.sbrk_aligned
                0x08003ef8       0x44 C:\Users\torin\OneDrive\Desktop\ELEC291\gcc-arm-none-eabi-10.3-2021.10\arm-none-eabi\lib\thumb\v6-m\nofp\libc_nano.a(lib_a-nano-mallocr.o)
 .text._malloc_r
                0x08003f3c       0xec C:\Users\torin\OneDrive\Desktop\ELEC291\gcc-arm-none-eabi-10.3-2021.10\arm-none-eabi\lib\thumb\v6-m\nofp\libc_nano.a(lib_a-nano-mallocr.o)
                0x08003f3c                _malloc_r
 .text          0x08004028        0x0 C:\Users\torin\OneDrive\Desktop\ELEC291\gcc-arm-none-eabi-10.3-2021.10\arm-none-eabi\lib\thumb\v6-m\nofp\libc_nano.a(lib_a-nano-vfprintf_float.o)
 .text.__cvt    0x08004028       0xc6 C:\Users\torin\OneDrive\Desktop\ELEC291\gcc-arm-none-eabi-10.3-2021.10\arm-none-eabi\lib\thumb\v6-m\nofp\libc_nano.a(lib_a-nano-vfprintf_float.o)
                0x08004028                __cvt
 .text.__exponent
                0x080040ee       0x8e C:\Users\torin\OneDrive\Desktop\ELEC291\gcc-arm-none-eabi-10.3-2021.10\arm-none-eabi\lib\thumb\v6-m\nofp\libc_nano.a(lib_a-nano-vfprintf_float.o)
                0x080040ee                __exponent
 .text._printf_float
                0x0800417c      0x484 C:\Users\torin\OneDrive\Desktop\ELEC291\gcc-arm-none-eabi-10.3-2021.10\arm-none-eabi\lib\thumb\v6-m\nofp\libc_nano.a(lib_a-nano-vfprintf_float.o)
                0x0800417c                _printf_float
 .text          0x08004600        0x0 C:\Users\torin\OneDrive\Desktop\ELEC291\gcc-arm-none-eabi-10.3-2021.10\arm-none-eabi\lib\thumb\v6-m\nofp\libc_nano.a(lib_a-nano-vfprintf_i.o)
 .text._printf_common
                0x08004600       0xde C:\Users\torin\OneDrive\Desktop\ELEC291\gcc-arm-none-eabi-10.3-2021.10\arm-none-eabi\lib\thumb\v6-m\nofp\libc_nano.a(lib_a-nano-vfprintf_i.o)
                0x08004600                _printf_common
 *fill*         0x080046de        0x2 
 .text._printf_i
                0x080046e0      0x224 C:\Users\torin\OneDrive\Desktop\ELEC291\gcc-arm-none-eabi-10.3-2021.10\arm-none-eabi\lib\thumb\v6-m\nofp\libc_nano.a(lib_a-nano-vfprintf_i.o)
                0x080046e0                _printf_i
 .text          0x08004904        0x0 C:\Users\torin\OneDrive\Desktop\ELEC291\gcc-arm-none-eabi-10.3-2021.10\arm-none-eabi\lib\thumb\v6-m\nofp\libc_nano.a(lib_a-printf.o)
 .text._printf_r
                0x08004904       0x28 C:\Users\torin\OneDrive\Desktop\ELEC291\gcc-arm-none-eabi-10.3-2021.10\arm-none-eabi\lib\thumb\v6-m\nofp\libc_nano.a(lib_a-printf.o)
                0x08004904                _iprintf_r
                0x08004904                _printf_r
 .text.printf   0x0800492c       0x34 C:\Users\torin\OneDrive\Desktop\ELEC291\gcc-arm-none-eabi-10.3-2021.10\arm-none-eabi\lib\thumb\v6-m\nofp\libc_nano.a(lib_a-printf.o)
                0x0800492c                iprintf
                0x0800492c                printf
 .text          0x08004960        0x0 C:\Users\torin\OneDrive\Desktop\ELEC291\gcc-arm-none-eabi-10.3-2021.10\arm-none-eabi\lib\thumb\v6-m\nofp\libc_nano.a(lib_a-putchar.o)
 .text._putchar_r
                0x08004960       0x20 C:\Users\torin\OneDrive\Desktop\ELEC291\gcc-arm-none-eabi-10.3-2021.10\arm-none-eabi\lib\thumb\v6-m\nofp\libc_nano.a(lib_a-putchar.o)
                0x08004960                _putchar_r
 .text.putchar  0x08004980       0x28 C:\Users\torin\OneDrive\Desktop\ELEC291\gcc-arm-none-eabi-10.3-2021.10\arm-none-eabi\lib\thumb\v6-m\nofp\libc_nano.a(lib_a-putchar.o)
                0x08004980                putchar
 .text          0x080049a8        0x0 C:\Users\torin\OneDrive\Desktop\ELEC291\gcc-arm-none-eabi-10.3-2021.10\arm-none-eabi\lib\thumb\v6-m\nofp\libc_nano.a(lib_a-puts.o)
 .text._puts_r  0x080049a8       0xe4 C:\Users\torin\OneDrive\Desktop\ELEC291\gcc-arm-none-eabi-10.3-2021.10\arm-none-eabi\lib\thumb\v6-m\nofp\libc_nano.a(lib_a-puts.o)
                0x080049a8                _puts_r
 .text.puts     0x08004a8c       0x14 C:\Users\torin\OneDrive\Desktop\ELEC291\gcc-arm-none-eabi-10.3-2021.10\arm-none-eabi\lib\thumb\v6-m\nofp\libc_nano.a(lib_a-puts.o)
                0x08004a8c                puts
 .text          0x08004aa0        0x0 C:\Users\torin\OneDrive\Desktop\ELEC291\gcc-arm-none-eabi-10.3-2021.10\arm-none-eabi\lib\thumb\v6-m\nofp\libc_nano.a(lib_a-sbrkr.o)
 .text._sbrk_r  0x08004aa0       0x24 C:\Users\torin\OneDrive\Desktop\ELEC291\gcc-arm-none-eabi-10.3-2021.10\arm-none-eabi\lib\thumb\v6-m\nofp\libc_nano.a(lib_a-sbrkr.o)
                0x08004aa0                _sbrk_r
 .text          0x08004ac4        0x0 C:\Users\torin\OneDrive\Desktop\ELEC291\gcc-arm-none-eabi-10.3-2021.10\arm-none-eabi\lib\thumb\v6-m\nofp\libc_nano.a(lib_a-stdio.o)
 .text.__sread  0x08004ac4       0x28 C:\Users\torin\OneDrive\Desktop\ELEC291\gcc-arm-none-eabi-10.3-2021.10\arm-none-eabi\lib\thumb\v6-m\nofp\libc_nano.a(lib_a-stdio.o)
                0x08004ac4                __sread
 .text.__seofread
                0x08004aec        0x4 C:\Users\torin\OneDrive\Desktop\ELEC291\gcc-arm-none-eabi-10.3-2021.10\arm-none-eabi\lib\thumb\v6-m\nofp\libc_nano.a(lib_a-stdio.o)
                0x08004aec                __seofread
 .text.__swrite
                0x08004af0       0x38 C:\Users\torin\OneDrive\Desktop\ELEC291\gcc-arm-none-eabi-10.3-2021.10\arm-none-eabi\lib\thumb\v6-m\nofp\libc_nano.a(lib_a-stdio.o)
                0x08004af0                __swrite
 .text.__sseek  0x08004b28       0x2c C:\Users\torin\OneDrive\Desktop\ELEC291\gcc-arm-none-eabi-10.3-2021.10\arm-none-eabi\lib\thumb\v6-m\nofp\libc_nano.a(lib_a-stdio.o)
                0x08004b28                __sseek
 .text.__sclose
                0x08004b54        0xc C:\Users\torin\OneDrive\Desktop\ELEC291\gcc-arm-none-eabi-10.3-2021.10\arm-none-eabi\lib\thumb\v6-m\nofp\libc_nano.a(lib_a-stdio.o)
                0x08004b54                __sclose
 .text          0x08004b60        0xe C:\Users\torin\OneDrive\Desktop\ELEC291\gcc-arm-none-eabi-10.3-2021.10\arm-none-eabi\lib\thumb\v6-m\nofp\libc_nano.a(lib_a-strlen.o)
                0x08004b60                strlen
 .text          0x08004b6e        0x0 C:\Users\torin\OneDrive\Desktop\ELEC291\gcc-arm-none-eabi-10.3-2021.10\arm-none-eabi\lib\thumb\v6-m\nofp\libc_nano.a(lib_a-wbuf.o)
 *fill*         0x08004b6e        0x2 
 .text.__swbuf_r
                0x08004b70       0xac C:\Users\torin\OneDrive\Desktop\ELEC291\gcc-arm-none-eabi-10.3-2021.10\arm-none-eabi\lib\thumb\v6-m\nofp\libc_nano.a(lib_a-wbuf.o)
                0x08004b70                __swbuf_r
 .text.__swbuf  0x08004c1c       0x14 C:\Users\torin\OneDrive\Desktop\ELEC291\gcc-arm-none-eabi-10.3-2021.10\arm-none-eabi\lib\thumb\v6-m\nofp\libc_nano.a(lib_a-wbuf.o)
                0x08004c1c                __swbuf
 .text          0x08004c30        0x0 C:\Users\torin\OneDrive\Desktop\ELEC291\gcc-arm-none-eabi-10.3-2021.10\arm-none-eabi\lib\thumb\v6-m\nofp\libc_nano.a(lib_a-writer.o)
 .text._write_r
                0x08004c30       0x28 C:\Users\torin\OneDrive\Desktop\ELEC291\gcc-arm-none-eabi-10.3-2021.10\arm-none-eabi\lib\thumb\v6-m\nofp\libc_nano.a(lib_a-writer.o)
                0x08004c30                _write_r
 .text          0x08004c58        0x0 C:\Users\torin\OneDrive\Desktop\ELEC291\gcc-arm-none-eabi-10.3-2021.10\arm-none-eabi\lib\thumb\v6-m\nofp\libc_nano.a(lib_a-wsetup.o)
 .text.__swsetup_r
                0x08004c58       0xf0 C:\Users\torin\OneDrive\Desktop\ELEC291\gcc-arm-none-eabi-10.3-2021.10\arm-none-eabi\lib\thumb\v6-m\nofp\libc_nano.a(lib_a-wsetup.o)
                0x08004c58                __swsetup_r
 .text          0x08004d48        0x0 C:\Users\torin\OneDrive\Desktop\ELEC291\gcc-arm-none-eabi-10.3-2021.10\arm-none-eabi\lib\thumb\v6-m\nofp\libc_nano.a(lib_a-closer.o)
 .text._close_r
                0x08004d48       0x24 C:\Users\torin\OneDrive\Desktop\ELEC291\gcc-arm-none-eabi-10.3-2021.10\arm-none-eabi\lib\thumb\v6-m\nofp\libc_nano.a(lib_a-closer.o)
                0x08004d48                _close_r
 .text          0x08004d6c        0x0 C:\Users\torin\OneDrive\Desktop\ELEC291\gcc-arm-none-eabi-10.3-2021.10\arm-none-eabi\lib\thumb\v6-m\nofp\libc_nano.a(lib_a-dtoa.o)
 .text.quorem   0x08004d6c      0x116 C:\Users\torin\OneDrive\Desktop\ELEC291\gcc-arm-none-eabi-10.3-2021.10\arm-none-eabi\lib\thumb\v6-m\nofp\libc_nano.a(lib_a-dtoa.o)
 *fill*         0x08004e82        0x2 
 .text._dtoa_r  0x08004e84      0xc34 C:\Users\torin\OneDrive\Desktop\ELEC291\gcc-arm-none-eabi-10.3-2021.10\arm-none-eabi\lib\thumb\v6-m\nofp\libc_nano.a(lib_a-dtoa.o)
                0x08004e84                _dtoa_r
 .text          0x08005ab8        0x0 C:\Users\torin\OneDrive\Desktop\ELEC291\gcc-arm-none-eabi-10.3-2021.10\arm-none-eabi\lib\thumb\v6-m\nofp\libc_nano.a(lib_a-localeconv.o)
 .text.__localeconv_l
                0x08005ab8        0x4 C:\Users\torin\OneDrive\Desktop\ELEC291\gcc-arm-none-eabi-10.3-2021.10\arm-none-eabi\lib\thumb\v6-m\nofp\libc_nano.a(lib_a-localeconv.o)
                0x08005ab8                __localeconv_l
 .text._localeconv_r
                0x08005abc        0x8 C:\Users\torin\OneDrive\Desktop\ELEC291\gcc-arm-none-eabi-10.3-2021.10\arm-none-eabi\lib\thumb\v6-m\nofp\libc_nano.a(lib_a-localeconv.o)
                0x08005abc                _localeconv_r
 .text.localeconv
                0x08005ac4        0x8 C:\Users\torin\OneDrive\Desktop\ELEC291\gcc-arm-none-eabi-10.3-2021.10\arm-none-eabi\lib\thumb\v6-m\nofp\libc_nano.a(lib_a-localeconv.o)
                0x08005ac4                localeconv
 .text          0x08005acc        0x0 C:\Users\torin\OneDrive\Desktop\ELEC291\gcc-arm-none-eabi-10.3-2021.10\arm-none-eabi\lib\thumb\v6-m\nofp\libc_nano.a(lib_a-lseekr.o)
 .text._lseek_r
                0x08005acc       0x28 C:\Users\torin\OneDrive\Desktop\ELEC291\gcc-arm-none-eabi-10.3-2021.10\arm-none-eabi\lib\thumb\v6-m\nofp\libc_nano.a(lib_a-lseekr.o)
                0x08005acc                _lseek_r
 .text          0x08005af4        0x0 C:\Users\torin\OneDrive\Desktop\ELEC291\gcc-arm-none-eabi-10.3-2021.10\arm-none-eabi\lib\thumb\v6-m\nofp\libc_nano.a(lib_a-makebuf.o)
 .text.__swhatbuf_r
                0x08005af4       0x50 C:\Users\torin\OneDrive\Desktop\ELEC291\gcc-arm-none-eabi-10.3-2021.10\arm-none-eabi\lib\thumb\v6-m\nofp\libc_nano.a(lib_a-makebuf.o)
                0x08005af4                __swhatbuf_r
 .text.__smakebuf_r
                0x08005b44       0x88 C:\Users\torin\OneDrive\Desktop\ELEC291\gcc-arm-none-eabi-10.3-2021.10\arm-none-eabi\lib\thumb\v6-m\nofp\libc_nano.a(lib_a-makebuf.o)
                0x08005b44                __smakebuf_r
 .text          0x08005bcc        0x0 C:\Users\torin\OneDrive\Desktop\ELEC291\gcc-arm-none-eabi-10.3-2021.10\arm-none-eabi\lib\thumb\v6-m\nofp\libc_nano.a(lib_a-malloc.o)
 .text.malloc   0x08005bcc       0x14 C:\Users\torin\OneDrive\Desktop\ELEC291\gcc-arm-none-eabi-10.3-2021.10\arm-none-eabi\lib\thumb\v6-m\nofp\libc_nano.a(lib_a-malloc.o)
                0x08005bcc                malloc
 .text.free     0x08005be0       0x14 C:\Users\torin\OneDrive\Desktop\ELEC291\gcc-arm-none-eabi-10.3-2021.10\arm-none-eabi\lib\thumb\v6-m\nofp\libc_nano.a(lib_a-malloc.o)
                0x08005be0                free
 .text          0x08005bf4        0x0 C:\Users\torin\OneDrive\Desktop\ELEC291\gcc-arm-none-eabi-10.3-2021.10\arm-none-eabi\lib\thumb\v6-m\nofp\libc_nano.a(lib_a-memchr-stub.o)
 .text.memchr   0x08005bf4       0x16 C:\Users\torin\OneDrive\Desktop\ELEC291\gcc-arm-none-eabi-10.3-2021.10\arm-none-eabi\lib\thumb\v6-m\nofp\libc_nano.a(lib_a-memchr-stub.o)
                0x08005bf4                memchr
 .text          0x08005c0a        0x0 C:\Users\torin\OneDrive\Desktop\ELEC291\gcc-arm-none-eabi-10.3-2021.10\arm-none-eabi\lib\thumb\v6-m\nofp\libc_nano.a(lib_a-memcpy-stub.o)
 .text.memcpy   0x08005c0a       0x12 C:\Users\torin\OneDrive\Desktop\ELEC291\gcc-arm-none-eabi-10.3-2021.10\arm-none-eabi\lib\thumb\v6-m\nofp\libc_nano.a(lib_a-memcpy-stub.o)
                0x08005c0a                memcpy
 .text          0x08005c1c        0x0 C:\Users\torin\OneDrive\Desktop\ELEC291\gcc-arm-none-eabi-10.3-2021.10\arm-none-eabi\lib\thumb\v6-m\nofp\libc_nano.a(lib_a-mlock.o)
 .text.__malloc_lock
                0x08005c1c       0x10 C:\Users\torin\OneDrive\Desktop\ELEC291\gcc-arm-none-eabi-10.3-2021.10\arm-none-eabi\lib\thumb\v6-m\nofp\libc_nano.a(lib_a-mlock.o)
                0x08005c1c                __malloc_lock
 .text.__malloc_unlock
                0x08005c2c       0x10 C:\Users\torin\OneDrive\Desktop\ELEC291\gcc-arm-none-eabi-10.3-2021.10\arm-none-eabi\lib\thumb\v6-m\nofp\libc_nano.a(lib_a-mlock.o)
                0x08005c2c                __malloc_unlock
 .text          0x08005c3c        0x0 C:\Users\torin\OneDrive\Desktop\ELEC291\gcc-arm-none-eabi-10.3-2021.10\arm-none-eabi\lib\thumb\v6-m\nofp\libc_nano.a(lib_a-mprec.o)
 .text._Balloc  0x08005c3c       0x88 C:\Users\torin\OneDrive\Desktop\ELEC291\gcc-arm-none-eabi-10.3-2021.10\arm-none-eabi\lib\thumb\v6-m\nofp\libc_nano.a(lib_a-mprec.o)
                0x08005c3c                _Balloc
 .text._Bfree   0x08005cc4       0x48 C:\Users\torin\OneDrive\Desktop\ELEC291\gcc-arm-none-eabi-10.3-2021.10\arm-none-eabi\lib\thumb\v6-m\nofp\libc_nano.a(lib_a-mprec.o)
                0x08005cc4                _Bfree
 .text.__multadd
                0x08005d0c       0x88 C:\Users\torin\OneDrive\Desktop\ELEC291\gcc-arm-none-eabi-10.3-2021.10\arm-none-eabi\lib\thumb\v6-m\nofp\libc_nano.a(lib_a-mprec.o)
                0x08005d0c                __multadd
 .text.__s2b    0x08005d94       0x98 C:\Users\torin\OneDrive\Desktop\ELEC291\gcc-arm-none-eabi-10.3-2021.10\arm-none-eabi\lib\thumb\v6-m\nofp\libc_nano.a(lib_a-mprec.o)
                0x08005d94                __s2b
 .text.__hi0bits
                0x08005e2c       0x34 C:\Users\torin\OneDrive\Desktop\ELEC291\gcc-arm-none-eabi-10.3-2021.10\arm-none-eabi\lib\thumb\v6-m\nofp\libc_nano.a(lib_a-mprec.o)
                0x08005e2c                __hi0bits
 .text.__lo0bits
                0x08005e60       0x5c C:\Users\torin\OneDrive\Desktop\ELEC291\gcc-arm-none-eabi-10.3-2021.10\arm-none-eabi\lib\thumb\v6-m\nofp\libc_nano.a(lib_a-mprec.o)
                0x08005e60                __lo0bits
 .text.__i2b    0x08005ebc       0x2c C:\Users\torin\OneDrive\Desktop\ELEC291\gcc-arm-none-eabi-10.3-2021.10\arm-none-eabi\lib\thumb\v6-m\nofp\libc_nano.a(lib_a-mprec.o)
                0x08005ebc                __i2b
 .text.__multiply
                0x08005ee8      0x160 C:\Users\torin\OneDrive\Desktop\ELEC291\gcc-arm-none-eabi-10.3-2021.10\arm-none-eabi\lib\thumb\v6-m\nofp\libc_nano.a(lib_a-mprec.o)
                0x08005ee8                __multiply
 .text.__pow5mult
                0x08006048       0xb8 C:\Users\torin\OneDrive\Desktop\ELEC291\gcc-arm-none-eabi-10.3-2021.10\arm-none-eabi\lib\thumb\v6-m\nofp\libc_nano.a(lib_a-mprec.o)
                0x08006048                __pow5mult
 .text.__lshift
                0x08006100       0xdc C:\Users\torin\OneDrive\Desktop\ELEC291\gcc-arm-none-eabi-10.3-2021.10\arm-none-eabi\lib\thumb\v6-m\nofp\libc_nano.a(lib_a-mprec.o)
                0x08006100                __lshift
 .text.__mcmp   0x080061dc       0x36 C:\Users\torin\OneDrive\Desktop\ELEC291\gcc-arm-none-eabi-10.3-2021.10\arm-none-eabi\lib\thumb\v6-m\nofp\libc_nano.a(lib_a-mprec.o)
                0x080061dc                __mcmp
 *fill*         0x08006212        0x2 
 .text.__mdiff  0x08006214      0x130 C:\Users\torin\OneDrive\Desktop\ELEC291\gcc-arm-none-eabi-10.3-2021.10\arm-none-eabi\lib\thumb\v6-m\nofp\libc_nano.a(lib_a-mprec.o)
                0x08006214                __mdiff
 .text.__ulp    0x08006344       0x48 C:\Users\torin\OneDrive\Desktop\ELEC291\gcc-arm-none-eabi-10.3-2021.10\arm-none-eabi\lib\thumb\v6-m\nofp\libc_nano.a(lib_a-mprec.o)
                0x08006344                __ulp
 .text.__b2d    0x0800638c       0xa0 C:\Users\torin\OneDrive\Desktop\ELEC291\gcc-arm-none-eabi-10.3-2021.10\arm-none-eabi\lib\thumb\v6-m\nofp\libc_nano.a(lib_a-mprec.o)
                0x0800638c                __b2d
 .text.__d2b    0x0800642c       0xc8 C:\Users\torin\OneDrive\Desktop\ELEC291\gcc-arm-none-eabi-10.3-2021.10\arm-none-eabi\lib\thumb\v6-m\nofp\libc_nano.a(lib_a-mprec.o)
                0x0800642c                __d2b
 .text.__ratio  0x080064f4       0x52 C:\Users\torin\OneDrive\Desktop\ELEC291\gcc-arm-none-eabi-10.3-2021.10\arm-none-eabi\lib\thumb\v6-m\nofp\libc_nano.a(lib_a-mprec.o)
                0x080064f4                __ratio
 *fill*         0x08006546        0x2 
 .text._mprec_log10
                0x08006548       0x34 C:\Users\torin\OneDrive\Desktop\ELEC291\gcc-arm-none-eabi-10.3-2021.10\arm-none-eabi\lib\thumb\v6-m\nofp\libc_nano.a(lib_a-mprec.o)
                0x08006548                _mprec_log10
 .text.__copybits
                0x0800657c       0x42 C:\Users\torin\OneDrive\Desktop\ELEC291\gcc-arm-none-eabi-10.3-2021.10\arm-none-eabi\lib\thumb\v6-m\nofp\libc_nano.a(lib_a-mprec.o)
                0x0800657c                __copybits
 .text.__any_on
                0x080065be       0x46 C:\Users\torin\OneDrive\Desktop\ELEC291\gcc-arm-none-eabi-10.3-2021.10\arm-none-eabi\lib\thumb\v6-m\nofp\libc_nano.a(lib_a-mprec.o)
                0x080065be                __any_on
 .text          0x08006604        0x0 C:\Users\torin\OneDrive\Desktop\ELEC291\gcc-arm-none-eabi-10.3-2021.10\arm-none-eabi\lib\thumb\v6-m\nofp\libc_nano.a(lib_a-nano-callocr.o)
 .text._calloc_r
                0x08006604       0x58 C:\Users\torin\OneDrive\Desktop\ELEC291\gcc-arm-none-eabi-10.3-2021.10\arm-none-eabi\lib\thumb\v6-m\nofp\libc_nano.a(lib_a-nano-callocr.o)
                0x08006604                _calloc_r
 .text          0x0800665c        0x0 C:\Users\torin\OneDrive\Desktop\ELEC291\gcc-arm-none-eabi-10.3-2021.10\arm-none-eabi\lib\thumb\v6-m\nofp\libc_nano.a(lib_a-nano-vfprintf.o)
 .text.__sfputc_r
                0x0800665c       0x2a C:\Users\torin\OneDrive\Desktop\ELEC291\gcc-arm-none-eabi-10.3-2021.10\arm-none-eabi\lib\thumb\v6-m\nofp\libc_nano.a(lib_a-nano-vfprintf.o)
 .text.__sfputs_r
                0x08006686       0x24 C:\Users\torin\OneDrive\Desktop\ELEC291\gcc-arm-none-eabi-10.3-2021.10\arm-none-eabi\lib\thumb\v6-m\nofp\libc_nano.a(lib_a-nano-vfprintf.o)
                0x08006686                __sfputs_r
 .text.__sprint_r
                0x080066aa       0x1c C:\Users\torin\OneDrive\Desktop\ELEC291\gcc-arm-none-eabi-10.3-2021.10\arm-none-eabi\lib\thumb\v6-m\nofp\libc_nano.a(lib_a-nano-vfprintf.o)
                0x080066aa                __sprint_r
 *fill*         0x080066c6        0x2 
 .text._vfprintf_r
                0x080066c8      0x274 C:\Users\torin\OneDrive\Desktop\ELEC291\gcc-arm-none-eabi-10.3-2021.10\arm-none-eabi\lib\thumb\v6-m\nofp\libc_nano.a(lib_a-nano-vfprintf.o)
                0x080066c8                _vfprintf_r
                0x080066c8                _vfiprintf_r
 .text.vfprintf
                0x0800693c       0x18 C:\Users\torin\OneDrive\Desktop\ELEC291\gcc-arm-none-eabi-10.3-2021.10\arm-none-eabi\lib\thumb\v6-m\nofp\libc_nano.a(lib_a-nano-vfprintf.o)
                0x0800693c                vfprintf
                0x0800693c                vfiprintf
 .text          0x08006954        0x0 C:\Users\torin\OneDrive\Desktop\ELEC291\gcc-arm-none-eabi-10.3-2021.10\arm-none-eabi\lib\thumb\v6-m\nofp\libc_nano.a(lib_a-putc.o)
 .text._putc_r  0x08006954       0x94 C:\Users\torin\OneDrive\Desktop\ELEC291\gcc-arm-none-eabi-10.3-2021.10\arm-none-eabi\lib\thumb\v6-m\nofp\libc_nano.a(lib_a-putc.o)
                0x08006954                _putc_r
 .text.putc     0x080069e8       0x14 C:\Users\torin\OneDrive\Desktop\ELEC291\gcc-arm-none-eabi-10.3-2021.10\arm-none-eabi\lib\thumb\v6-m\nofp\libc_nano.a(lib_a-putc.o)
                0x080069e8                putc
 .text          0x080069fc        0x0 C:\Users\torin\OneDrive\Desktop\ELEC291\gcc-arm-none-eabi-10.3-2021.10\arm-none-eabi\lib\thumb\v6-m\nofp\libc_nano.a(lib_a-readr.o)
 .text._read_r  0x080069fc       0x28 C:\Users\torin\OneDrive\Desktop\ELEC291\gcc-arm-none-eabi-10.3-2021.10\arm-none-eabi\lib\thumb\v6-m\nofp\libc_nano.a(lib_a-readr.o)
                0x080069fc                _read_r
 .text          0x08006a24        0x0 C:\Users\torin\OneDrive\Desktop\ELEC291\gcc-arm-none-eabi-10.3-2021.10\arm-none-eabi\lib\thumb\v6-m\nofp\libc_nano.a(lib_a-assert.o)
 .text.__assert_func
                0x08006a24       0x3c C:\Users\torin\OneDrive\Desktop\ELEC291\gcc-arm-none-eabi-10.3-2021.10\arm-none-eabi\lib\thumb\v6-m\nofp\libc_nano.a(lib_a-assert.o)
                0x08006a24                __assert_func
 .text.__assert
                0x08006a60        0xa C:\Users\torin\OneDrive\Desktop\ELEC291\gcc-arm-none-eabi-10.3-2021.10\arm-none-eabi\lib\thumb\v6-m\nofp\libc_nano.a(lib_a-assert.o)
                0x08006a60                __assert
 .text          0x08006a6a        0x0 C:\Users\torin\OneDrive\Desktop\ELEC291\gcc-arm-none-eabi-10.3-2021.10\arm-none-eabi\lib\thumb\v6-m\nofp\libc_nano.a(lib_a-fprintf.o)
 .text._fprintf_r
                0x08006a6a       0x16 C:\Users\torin\OneDrive\Desktop\ELEC291\gcc-arm-none-eabi-10.3-2021.10\arm-none-eabi\lib\thumb\v6-m\nofp\libc_nano.a(lib_a-fprintf.o)
                0x08006a6a                _fiprintf_r
                0x08006a6a                _fprintf_r
 .text.fprintf  0x08006a80       0x20 C:\Users\torin\OneDrive\Desktop\ELEC291\gcc-arm-none-eabi-10.3-2021.10\arm-none-eabi\lib\thumb\v6-m\nofp\libc_nano.a(lib_a-fprintf.o)
                0x08006a80                fiprintf
                0x08006a80                fprintf
 .text          0x08006aa0        0x0 C:\Users\torin\OneDrive\Desktop\ELEC291\gcc-arm-none-eabi-10.3-2021.10\arm-none-eabi\lib\thumb\v6-m\nofp\libc_nano.a(lib_a-fstatr.o)
 .text._fstat_r
                0x08006aa0       0x24 C:\Users\torin\OneDrive\Desktop\ELEC291\gcc-arm-none-eabi-10.3-2021.10\arm-none-eabi\lib\thumb\v6-m\nofp\libc_nano.a(lib_a-fstatr.o)
                0x08006aa0                _fstat_r
 .text          0x08006ac4        0x0 C:\Users\torin\OneDrive\Desktop\ELEC291\gcc-arm-none-eabi-10.3-2021.10\arm-none-eabi\lib\thumb\v6-m\nofp\libc_nano.a(lib_a-fvwrite.o)
 .text.__sfvwrite_r
                0x08006ac4      0x2d0 C:\Users\torin\OneDrive\Desktop\ELEC291\gcc-arm-none-eabi-10.3-2021.10\arm-none-eabi\lib\thumb\v6-m\nofp\libc_nano.a(lib_a-fvwrite.o)
                0x08006ac4                __sfvwrite_r
 .text          0x08006d94        0x0 C:\Users\torin\OneDrive\Desktop\ELEC291\gcc-arm-none-eabi-10.3-2021.10\arm-none-eabi\lib\thumb\v6-m\nofp\libc_nano.a(lib_a-isattyr.o)
 .text._isatty_r
                0x08006d94       0x24 C:\Users\torin\OneDrive\Desktop\ELEC291\gcc-arm-none-eabi-10.3-2021.10\arm-none-eabi\lib\thumb\v6-m\nofp\libc_nano.a(lib_a-isattyr.o)
                0x08006d94                _isatty_r
 .text          0x08006db8        0x0 C:\Users\torin\OneDrive\Desktop\ELEC291\gcc-arm-none-eabi-10.3-2021.10\arm-none-eabi\lib\thumb\v6-m\nofp\libc_nano.a(lib_a-locale.o)
 .text._setlocale_r
                0x08006db8       0x40 C:\Users\torin\OneDrive\Desktop\ELEC291\gcc-arm-none-eabi-10.3-2021.10\arm-none-eabi\lib\thumb\v6-m\nofp\libc_nano.a(lib_a-locale.o)
                0x08006db8                _setlocale_r
 .text.__locale_mb_cur_max
                0x08006df8       0x10 C:\Users\torin\OneDrive\Desktop\ELEC291\gcc-arm-none-eabi-10.3-2021.10\arm-none-eabi\lib\thumb\v6-m\nofp\libc_nano.a(lib_a-locale.o)
                0x08006df8                __locale_mb_cur_max
 .text.setlocale
                0x08006e08       0x14 C:\Users\torin\OneDrive\Desktop\ELEC291\gcc-arm-none-eabi-10.3-2021.10\arm-none-eabi\lib\thumb\v6-m\nofp\libc_nano.a(lib_a-locale.o)
                0x08006e08                setlocale
 .text          0x08006e1c        0x0 C:\Users\torin\OneDrive\Desktop\ELEC291\gcc-arm-none-eabi-10.3-2021.10\arm-none-eabi\lib\thumb\v6-m\nofp\libc_nano.a(lib_a-mbtowc_r.o)
 .text._mbtowc_r
                0x08006e1c       0x14 C:\Users\torin\OneDrive\Desktop\ELEC291\gcc-arm-none-eabi-10.3-2021.10\arm-none-eabi\lib\thumb\v6-m\nofp\libc_nano.a(lib_a-mbtowc_r.o)
                0x08006e1c                _mbtowc_r
 .text.__ascii_mbtowc
                0x08006e30       0x24 C:\Users\torin\OneDrive\Desktop\ELEC291\gcc-arm-none-eabi-10.3-2021.10\arm-none-eabi\lib\thumb\v6-m\nofp\libc_nano.a(lib_a-mbtowc_r.o)
                0x08006e30                __ascii_mbtowc
 .text          0x08006e54        0x0 C:\Users\torin\OneDrive\Desktop\ELEC291\gcc-arm-none-eabi-10.3-2021.10\arm-none-eabi\lib\thumb\v6-m\nofp\libc_nano.a(lib_a-memmove.o)
 .text.memmove  0x08006e54       0x26 C:\Users\torin\OneDrive\Desktop\ELEC291\gcc-arm-none-eabi-10.3-2021.10\arm-none-eabi\lib\thumb\v6-m\nofp\libc_nano.a(lib_a-memmove.o)
                0x08006e54                memmove
 .text          0x08006e7a        0x0 C:\Users\torin\OneDrive\Desktop\ELEC291\gcc-arm-none-eabi-10.3-2021.10\arm-none-eabi\lib\thumb\v6-m\nofp\libc_nano.a(lib_a-nano-reallocr.o)
 .text._realloc_r
                0x08006e7a       0x5e C:\Users\torin\OneDrive\Desktop\ELEC291\gcc-arm-none-eabi-10.3-2021.10\arm-none-eabi\lib\thumb\v6-m\nofp\libc_nano.a(lib_a-nano-reallocr.o)
                0x08006e7a                _realloc_r
 .text          0x08006ed8       0x14 C:\Users\torin\OneDrive\Desktop\ELEC291\gcc-arm-none-eabi-10.3-2021.10\arm-none-eabi\lib\thumb\v6-m\nofp\libc_nano.a(lib_a-strcmp.o)
                0x08006ed8                strcmp
 .text          0x08006eec        0x0 C:\Users\torin\OneDrive\Desktop\ELEC291\gcc-arm-none-eabi-10.3-2021.10\arm-none-eabi\lib\thumb\v6-m\nofp\libc_nano.a(lib_a-wctomb_r.o)
 .text._wctomb_r
                0x08006eec       0x10 C:\Users\torin\OneDrive\Desktop\ELEC291\gcc-arm-none-eabi-10.3-2021.10\arm-none-eabi\lib\thumb\v6-m\nofp\libc_nano.a(lib_a-wctomb_r.o)
                0x08006eec                _wctomb_r
 .text.__ascii_wctomb
                0x08006efc       0x1a C:\Users\torin\OneDrive\Desktop\ELEC291\gcc-arm-none-eabi-10.3-2021.10\arm-none-eabi\lib\thumb\v6-m\nofp\libc_nano.a(lib_a-wctomb_r.o)
                0x08006efc                __ascii_wctomb
 .text          0x08006f16        0x0 C:\Users\torin\OneDrive\Desktop\ELEC291\gcc-arm-none-eabi-10.3-2021.10\arm-none-eabi\lib\thumb\v6-m\nofp\libc_nano.a(lib_a-abort.o)
 .text.abort    0x08006f16        0xe C:\Users\torin\OneDrive\Desktop\ELEC291\gcc-arm-none-eabi-10.3-2021.10\arm-none-eabi\lib\thumb\v6-m\nofp\libc_nano.a(lib_a-abort.o)
                0x08006f16                abort
 .text          0x08006f24        0x0 C:\Users\torin\OneDrive\Desktop\ELEC291\gcc-arm-none-eabi-10.3-2021.10\arm-none-eabi\lib\thumb\v6-m\nofp\libc_nano.a(lib_a-ctype_.o)
 .text          0x08006f24        0x0 C:\Users\torin\OneDrive\Desktop\ELEC291\gcc-arm-none-eabi-10.3-2021.10\arm-none-eabi\lib\thumb\v6-m\nofp\libc_nano.a(lib_a-nano-msizer.o)
 .text._malloc_usable_size_r
                0x08006f24       0x10 C:\Users\torin\OneDrive\Desktop\ELEC291\gcc-arm-none-eabi-10.3-2021.10\arm-none-eabi\lib\thumb\v6-m\nofp\libc_nano.a(lib_a-nano-msizer.o)
                0x08006f24                _malloc_usable_size_r
 .text          0x08006f34        0x0 C:\Users\torin\OneDrive\Desktop\ELEC291\gcc-arm-none-eabi-10.3-2021.10\arm-none-eabi\lib\thumb\v6-m\nofp\libc_nano.a(lib_a-signal.o)
 .text._init_signal_r
                0x08006f34       0x2a C:\Users\torin\OneDrive\Desktop\ELEC291\gcc-arm-none-eabi-10.3-2021.10\arm-none-eabi\lib\thumb\v6-m\nofp\libc_nano.a(lib_a-signal.o)
                0x08006f34                _init_signal_r
 .text._signal_r
                0x08006f5e       0x32 C:\Users\torin\OneDrive\Desktop\ELEC291\gcc-arm-none-eabi-10.3-2021.10\arm-none-eabi\lib\thumb\v6-m\nofp\libc_nano.a(lib_a-signal.o)
                0x08006f5e                _signal_r
 .text._raise_r
                0x08006f90       0x54 C:\Users\torin\OneDrive\Desktop\ELEC291\gcc-arm-none-eabi-10.3-2021.10\arm-none-eabi\lib\thumb\v6-m\nofp\libc_nano.a(lib_a-signal.o)
                0x08006f90                _raise_r
 .text.__sigtramp_r
                0x08006fe4       0x46 C:\Users\torin\OneDrive\Desktop\ELEC291\gcc-arm-none-eabi-10.3-2021.10\arm-none-eabi\lib\thumb\v6-m\nofp\libc_nano.a(lib_a-signal.o)
                0x08006fe4                __sigtramp_r
 *fill*         0x0800702a        0x2 
 .text.raise    0x0800702c       0x14 C:\Users\torin\OneDrive\Desktop\ELEC291\gcc-arm-none-eabi-10.3-2021.10\arm-none-eabi\lib\thumb\v6-m\nofp\libc_nano.a(lib_a-signal.o)
                0x0800702c                raise
 .text.signal   0x08007040       0x14 C:\Users\torin\OneDrive\Desktop\ELEC291\gcc-arm-none-eabi-10.3-2021.10\arm-none-eabi\lib\thumb\v6-m\nofp\libc_nano.a(lib_a-signal.o)
                0x08007040                signal
 .text._init_signal
                0x08007054       0x10 C:\Users\torin\OneDrive\Desktop\ELEC291\gcc-arm-none-eabi-10.3-2021.10\arm-none-eabi\lib\thumb\v6-m\nofp\libc_nano.a(lib_a-signal.o)
                0x08007054                _init_signal
 .text.__sigtramp
                0x08007064       0x14 C:\Users\torin\OneDrive\Desktop\ELEC291\gcc-arm-none-eabi-10.3-2021.10\arm-none-eabi\lib\thumb\v6-m\nofp\libc_nano.a(lib_a-signal.o)
                0x08007064                __sigtramp
 .text          0x08007078        0x0 C:\Users\torin\OneDrive\Desktop\ELEC291\gcc-arm-none-eabi-10.3-2021.10\arm-none-eabi\lib\thumb\v6-m\nofp\libc_nano.a(lib_a-signalr.o)
 .text._kill_r  0x08007078       0x24 C:\Users\torin\OneDrive\Desktop\ELEC291\gcc-arm-none-eabi-10.3-2021.10\arm-none-eabi\lib\thumb\v6-m\nofp\libc_nano.a(lib_a-signalr.o)
                0x08007078                _kill_r
 .text._getpid_r
                0x0800709c        0x8 C:\Users\torin\OneDrive\Desktop\ELEC291\gcc-arm-none-eabi-10.3-2021.10\arm-none-eabi\lib\thumb\v6-m\nofp\libc_nano.a(lib_a-signalr.o)
                0x0800709c                _getpid_r
 .text          0x080070a4       0x14 C:\Users\torin\OneDrive\Desktop\ELEC291\gcc-arm-none-eabi-10.3-2021.10\lib\gcc\arm-none-eabi\10.3.1\thumb\v6-m\nofp\libgcc.a(_thumb1_case_uqi.o)
                0x080070a4                __gnu_thumb1_case_uqi
 .text          0x080070b8       0x14 C:\Users\torin\OneDrive\Desktop\ELEC291\gcc-arm-none-eabi-10.3-2021.10\lib\gcc\arm-none-eabi\10.3.1\thumb\v6-m\nofp\libgcc.a(_thumb1_case_shi.o)
                0x080070b8                __gnu_thumb1_case_shi
 .text          0x080070cc       0x7c C:\Users\torin\OneDrive\Desktop\ELEC291\gcc-arm-none-eabi-10.3-2021.10\lib\gcc\arm-none-eabi\10.3.1\thumb\v6-m\nofp\libgcc.a(_arm_cmpdf2.o)
                0x080070cc                __aeabi_cdrcmple
                0x080070dc                __aeabi_cdcmple
                0x080070dc                __aeabi_cdcmpeq
                0x080070ec                __aeabi_dcmpeq
                0x080070f8                __aeabi_dcmplt
                0x0800710c                __aeabi_dcmple
                0x08007120                __aeabi_dcmpgt
                0x08007134                __aeabi_dcmpge
 .text          0x08007148      0x678 C:\Users\torin\OneDrive\Desktop\ELEC291\gcc-arm-none-eabi-10.3-2021.10\lib\gcc\arm-none-eabi\10.3.1\thumb\v6-m\nofp\libgcc.a(adddf3.o)
                0x08007148                __aeabi_dadd
 .text          0x080077c0      0x5ec C:\Users\torin\OneDrive\Desktop\ELEC291\gcc-arm-none-eabi-10.3-2021.10\lib\gcc\arm-none-eabi\10.3.1\thumb\v6-m\nofp\libgcc.a(divdf3.o)
                0x080077c0                __aeabi_ddiv
 .text          0x08007dac       0x84 C:\Users\torin\OneDrive\Desktop\ELEC291\gcc-arm-none-eabi-10.3-2021.10\lib\gcc\arm-none-eabi\10.3.1\thumb\v6-m\nofp\libgcc.a(eqdf2.o)
                0x08007dac                __nedf2
                0x08007dac                __eqdf2
 .text          0x08007e30       0xcc C:\Users\torin\OneDrive\Desktop\ELEC291\gcc-arm-none-eabi-10.3-2021.10\lib\gcc\arm-none-eabi\10.3.1\thumb\v6-m\nofp\libgcc.a(gedf2.o)
                0x08007e30                __gedf2
                0x08007e30                __gtdf2
 .text          0x08007efc       0xc8 C:\Users\torin\OneDrive\Desktop\ELEC291\gcc-arm-none-eabi-10.3-2021.10\lib\gcc\arm-none-eabi\10.3.1\thumb\v6-m\nofp\libgcc.a(ledf2.o)
                0x08007efc                __ledf2
                0x08007efc                __ltdf2
 .text          0x08007fc4      0x4d8 C:\Users\torin\OneDrive\Desktop\ELEC291\gcc-arm-none-eabi-10.3-2021.10\lib\gcc\arm-none-eabi\10.3.1\thumb\v6-m\nofp\libgcc.a(muldf3.o)
                0x08007fc4                __aeabi_dmul
 .text          0x0800849c      0x724 C:\Users\torin\OneDrive\Desktop\ELEC291\gcc-arm-none-eabi-10.3-2021.10\lib\gcc\arm-none-eabi\10.3.1\thumb\v6-m\nofp\libgcc.a(subdf3.o)
                0x0800849c                __aeabi_dsub
 .text          0x08008bc0       0x3c C:\Users\torin\OneDrive\Desktop\ELEC291\gcc-arm-none-eabi-10.3-2021.10\lib\gcc\arm-none-eabi\10.3.1\thumb\v6-m\nofp\libgcc.a(unorddf2.o)
                0x08008bc0                __aeabi_dcmpun
 .text          0x08008bfc       0x6c C:\Users\torin\OneDrive\Desktop\ELEC291\gcc-arm-none-eabi-10.3-2021.10\lib\gcc\arm-none-eabi\10.3.1\thumb\v6-m\nofp\libgcc.a(fixdfsi.o)
                0x08008bfc                __aeabi_d2iz
 .text          0x08008c68       0x60 C:\Users\torin\OneDrive\Desktop\ELEC291\gcc-arm-none-eabi-10.3-2021.10\lib\gcc\arm-none-eabi\10.3.1\thumb\v6-m\nofp\libgcc.a(floatsidf.o)
                0x08008c68                __aeabi_i2d
 .text          0x08008cc8       0x4c C:\Users\torin\OneDrive\Desktop\ELEC291\gcc-arm-none-eabi-10.3-2021.10\lib\gcc\arm-none-eabi\10.3.1\thumb\v6-m\nofp\libgcc.a(floatunsidf.o)
                0x08008cc8                __aeabi_ui2d
 *(.rodata*)
 .rodata        0x08008d14       0x7c startup.o
 .rodata        0x08008d90      0x161 collision.o
 *fill*         0x08008ef1        0x3 
 .rodata        0x08008ef4       0x20 decoder.o
                0x08008ef4                commands
 .rodata        0x08008f14       0x80 C:\Users\torin\OneDrive\Desktop\ELEC291\gcc-arm-none-eabi-10.3-2021.10\lib\gcc\arm-none-eabi\10.3.1\thumb\v6-m\nofp\libgcc.a(divsf3.o)
 .rodata        0x08008f94       0x40 C:\Users\torin\OneDrive\Desktop\ELEC291\gcc-arm-none-eabi-10.3-2021.10\lib\gcc\arm-none-eabi\10.3.1\thumb\v6-m\nofp\libgcc.a(mulsf3.o)
 .rodata.__sf_fake_stderr
                0x08008fd4       0x20 C:\Users\torin\OneDrive\Desktop\ELEC291\gcc-arm-none-eabi-10.3-2021.10\arm-none-eabi\lib\thumb\v6-m\nofp\libc_nano.a(lib_a-findfp.o)
                0x08008fd4                __sf_fake_stderr
 .rodata.__sf_fake_stdin
                0x08008ff4       0x20 C:\Users\torin\OneDrive\Desktop\ELEC291\gcc-arm-none-eabi-10.3-2021.10\arm-none-eabi\lib\thumb\v6-m\nofp\libc_nano.a(lib_a-findfp.o)
                0x08008ff4                __sf_fake_stdin
 .rodata.__sf_fake_stdout
                0x08009014       0x20 C:\Users\torin\OneDrive\Desktop\ELEC291\gcc-arm-none-eabi-10.3-2021.10\arm-none-eabi\lib\thumb\v6-m\nofp\libc_nano.a(lib_a-findfp.o)
                0x08009014                __sf_fake_stdout
 .rodata._global_impure_ptr
                0x08009034        0x4 C:\Users\torin\OneDrive\Desktop\ELEC291\gcc-arm-none-eabi-10.3-2021.10\arm-none-eabi\lib\thumb\v6-m\nofp\libc_nano.a(lib_a-impure.o)
                0x08009034                _global_impure_ptr
 .rodata._printf_float.str1.1
                0x08009038       0x12 C:\Users\torin\OneDrive\Desktop\ELEC291\gcc-arm-none-eabi-10.3-2021.10\arm-none-eabi\lib\thumb\v6-m\nofp\libc_nano.a(lib_a-nano-vfprintf_float.o)
 .rodata._printf_i.str1.1
                0x0800904a       0x22 C:\Users\torin\OneDrive\Desktop\ELEC291\gcc-arm-none-eabi-10.3-2021.10\arm-none-eabi\lib\thumb\v6-m\nofp\libc_nano.a(lib_a-nano-vfprintf_i.o)
 .rodata._dtoa_r.str1.1
                0x0800906c       0xb3 C:\Users\torin\OneDrive\Desktop\ELEC291\gcc-arm-none-eabi-10.3-2021.10\arm-none-eabi\lib\thumb\v6-m\nofp\libc_nano.a(lib_a-dtoa.o)
                                 0xb5 (size before relaxing)
 .rodata._Balloc.str1.1
                0x0800911f       0x7f C:\Users\torin\OneDrive\Desktop\ELEC291\gcc-arm-none-eabi-10.3-2021.10\arm-none-eabi\lib\thumb\v6-m\nofp\libc_nano.a(lib_a-mprec.o)
                                 0x96 (size before relaxing)
 .rodata.__multadd.str1.1
                0x0800919e       0x11 C:\Users\torin\OneDrive\Desktop\ELEC291\gcc-arm-none-eabi-10.3-2021.10\arm-none-eabi\lib\thumb\v6-m\nofp\libc_nano.a(lib_a-mprec.o)
 *fill*         0x0800919e        0x2 
 .rodata.__mprec_bigtens
                0x080091a0       0x28 C:\Users\torin\OneDrive\Desktop\ELEC291\gcc-arm-none-eabi-10.3-2021.10\arm-none-eabi\lib\thumb\v6-m\nofp\libc_nano.a(lib_a-mprec.o)
                0x080091a0                __mprec_bigtens
 .rodata.__mprec_tens
                0x080091c8       0xc8 C:\Users\torin\OneDrive\Desktop\ELEC291\gcc-arm-none-eabi-10.3-2021.10\arm-none-eabi\lib\thumb\v6-m\nofp\libc_nano.a(lib_a-mprec.o)
                0x080091c8                __mprec_tens
 .rodata.__mprec_tinytens
                0x08009290       0x28 C:\Users\torin\OneDrive\Desktop\ELEC291\gcc-arm-none-eabi-10.3-2021.10\arm-none-eabi\lib\thumb\v6-m\nofp\libc_nano.a(lib_a-mprec.o)
                0x08009290                __mprec_tinytens
 .rodata.p05.0  0x080092b8        0xc C:\Users\torin\OneDrive\Desktop\ELEC291\gcc-arm-none-eabi-10.3-2021.10\arm-none-eabi\lib\thumb\v6-m\nofp\libc_nano.a(lib_a-mprec.o)
 .rodata._vfprintf_r.str1.1
                0x080092c4       0x11 C:\Users\torin\OneDrive\Desktop\ELEC291\gcc-arm-none-eabi-10.3-2021.10\arm-none-eabi\lib\thumb\v6-m\nofp\libc_nano.a(lib_a-nano-vfprintf.o)
 .rodata.__assert_func.str1.1
                0x080092d5       0x3c C:\Users\torin\OneDrive\Desktop\ELEC291\gcc-arm-none-eabi-10.3-2021.10\arm-none-eabi\lib\thumb\v6-m\nofp\libc_nano.a(lib_a-assert.o)
                                 0x3d (size before relaxing)
 .rodata._setlocale_r.str1.1
                0x08009311        0x8 C:\Users\torin\OneDrive\Desktop\ELEC291\gcc-arm-none-eabi-10.3-2021.10\arm-none-eabi\lib\thumb\v6-m\nofp\libc_nano.a(lib_a-locale.o)
                                  0x9 (size before relaxing)
 .rodata.str1.1
                0x08009319        0x2 C:\Users\torin\OneDrive\Desktop\ELEC291\gcc-arm-none-eabi-10.3-2021.10\arm-none-eabi\lib\thumb\v6-m\nofp\libc_nano.a(lib_a-locale.o)
 .rodata._ctype_
                0x0800931b      0x101 C:\Users\torin\OneDrive\Desktop\ELEC291\gcc-arm-none-eabi-10.3-2021.10\arm-none-eabi\lib\thumb\v6-m\nofp\libc_nano.a(lib_a-ctype_.o)
                0x0800931b                _ctype_
 .rodata        0x0800941c       0x40 C:\Users\torin\OneDrive\Desktop\ELEC291\gcc-arm-none-eabi-10.3-2021.10\lib\gcc\arm-none-eabi\10.3.1\thumb\v6-m\nofp\libgcc.a(divdf3.o)
 .rodata        0x0800945c       0x40 C:\Users\torin\OneDrive\Desktop\ELEC291\gcc-arm-none-eabi-10.3-2021.10\lib\gcc\arm-none-eabi\10.3.1\thumb\v6-m\nofp\libgcc.a(muldf3.o)
                0x0800949c                . = ALIGN (0x4)
                0x0800949c                PROVIDE (__init_array_start = .)
 *(SORT_BY_NAME(.init_array.*))
 *(.init_array)
                0x0800949c                PROVIDE (__init_array_end = .)
                0x0800949c                . = ALIGN (0x4)
                0x0800949c                _etext = .

.glue_7         0x0800949c        0x0
 .glue_7        0x0800949c        0x0 linker stubs

.glue_7t        0x0800949c        0x0
 .glue_7t       0x0800949c        0x0 linker stubs

.vfp11_veneer   0x0800949c        0x0
 .vfp11_veneer  0x0800949c        0x0 linker stubs

.v4_bx          0x0800949c        0x0
 .v4_bx         0x0800949c        0x0 linker stubs

.iplt           0x0800949c        0x0
 .iplt          0x0800949c        0x0 main.o

.rel.dyn        0x0800949c        0x0
 .rel.iplt      0x0800949c        0x0 main.o

.data           0x20000000      0x1d4 load address 0x0800949c
                0x20000000                . = ALIGN (0x4)
                0x20000000                _data = .
 *(.data*)
 .data          0x20000000        0x0 main.o
 .data          0x20000000        0x0 startup.o
 .data          0x20000000        0x0 serial.o
 .data          0x20000000        0x4 newlib_stubs.o
                0x20000000                environ
 .data          0x20000004        0x0 collision.o
 .data          0x20000004        0x0 motor.o
 .data          0x20000004        0x0 ADC.o
 .data          0x20000004        0x0 decoder.o
 .data          0x20000004        0x0 uart.o
 .data          0x20000004        0x0 vl53l0x.o
 .data          0x20000004        0x0 C:\Users\torin\OneDrive\Desktop\ELEC291\gcc-arm-none-eabi-10.3-2021.10\arm-none-eabi\lib\thumb\v6-m\nofp\libnosys.a(errno.o)
 .data          0x20000004        0x0 C:\Users\torin\OneDrive\Desktop\ELEC291\gcc-arm-none-eabi-10.3-2021.10\lib\gcc\arm-none-eabi\10.3.1\thumb\v6-m\nofp\libgcc.a(_udivsi3.o)
 .data          0x20000004        0x0 C:\Users\torin\OneDrive\Desktop\ELEC291\gcc-arm-none-eabi-10.3-2021.10\lib\gcc\arm-none-eabi\10.3.1\thumb\v6-m\nofp\libgcc.a(_divsi3.o)
 .data          0x20000004        0x0 C:\Users\torin\OneDrive\Desktop\ELEC291\gcc-arm-none-eabi-10.3-2021.10\lib\gcc\arm-none-eabi\10.3.1\thumb\v6-m\nofp\libgcc.a(_dvmd_tls.o)
 .data          0x20000004        0x0 C:\Users\torin\OneDrive\Desktop\ELEC291\gcc-arm-none-eabi-10.3-2021.10\lib\gcc\arm-none-eabi\10.3.1\thumb\v6-m\nofp\libgcc.a(_arm_cmpsf2.o)
 .data          0x20000004        0x0 C:\Users\torin\OneDrive\Desktop\ELEC291\gcc-arm-none-eabi-10.3-2021.10\lib\gcc\arm-none-eabi\10.3.1\thumb\v6-m\nofp\libgcc.a(addsf3.o)
 .data          0x20000004        0x0 C:\Users\torin\OneDrive\Desktop\ELEC291\gcc-arm-none-eabi-10.3-2021.10\lib\gcc\arm-none-eabi\10.3.1\thumb\v6-m\nofp\libgcc.a(divsf3.o)
 .data          0x20000004        0x0 C:\Users\torin\OneDrive\Desktop\ELEC291\gcc-arm-none-eabi-10.3-2021.10\lib\gcc\arm-none-eabi\10.3.1\thumb\v6-m\nofp\libgcc.a(eqsf2.o)
 .data          0x20000004        0x0 C:\Users\torin\OneDrive\Desktop\ELEC291\gcc-arm-none-eabi-10.3-2021.10\lib\gcc\arm-none-eabi\10.3.1\thumb\v6-m\nofp\libgcc.a(gesf2.o)
 .data          0x20000004        0x0 C:\Users\torin\OneDrive\Desktop\ELEC291\gcc-arm-none-eabi-10.3-2021.10\lib\gcc\arm-none-eabi\10.3.1\thumb\v6-m\nofp\libgcc.a(lesf2.o)
 .data          0x20000004        0x0 C:\Users\torin\OneDrive\Desktop\ELEC291\gcc-arm-none-eabi-10.3-2021.10\lib\gcc\arm-none-eabi\10.3.1\thumb\v6-m\nofp\libgcc.a(mulsf3.o)
 .data          0x20000004        0x0 C:\Users\torin\OneDrive\Desktop\ELEC291\gcc-arm-none-eabi-10.3-2021.10\lib\gcc\arm-none-eabi\10.3.1\thumb\v6-m\nofp\libgcc.a(subsf3.o)
 .data          0x20000004        0x0 C:\Users\torin\OneDrive\Desktop\ELEC291\gcc-arm-none-eabi-10.3-2021.10\lib\gcc\arm-none-eabi\10.3.1\thumb\v6-m\nofp\libgcc.a(fixsfsi.o)
 .data          0x20000004        0x0 C:\Users\torin\OneDrive\Desktop\ELEC291\gcc-arm-none-eabi-10.3-2021.10\lib\gcc\arm-none-eabi\10.3.1\thumb\v6-m\nofp\libgcc.a(floatsisf.o)
 .data          0x20000004        0x0 C:\Users\torin\OneDrive\Desktop\ELEC291\gcc-arm-none-eabi-10.3-2021.10\lib\gcc\arm-none-eabi\10.3.1\thumb\v6-m\nofp\libgcc.a(_clzsi2.o)
 .data          0x20000004        0x0 C:\Users\torin\OneDrive\Desktop\ELEC291\gcc-arm-none-eabi-10.3-2021.10\arm-none-eabi\lib\thumb\v6-m\nofp\libc_nano.a(lib_a-fflush.o)
 .data          0x20000004        0x0 C:\Users\torin\OneDrive\Desktop\ELEC291\gcc-arm-none-eabi-10.3-2021.10\arm-none-eabi\lib\thumb\v6-m\nofp\libc_nano.a(lib_a-findfp.o)
 .data          0x20000004        0x0 C:\Users\torin\OneDrive\Desktop\ELEC291\gcc-arm-none-eabi-10.3-2021.10\arm-none-eabi\lib\thumb\v6-m\nofp\libc_nano.a(lib_a-fwalk.o)
 .data          0x20000004        0x0 C:\Users\torin\OneDrive\Desktop\ELEC291\gcc-arm-none-eabi-10.3-2021.10\arm-none-eabi\lib\thumb\v6-m\nofp\libc_nano.a(lib_a-impure.o)
 .data._impure_ptr
                0x20000004        0x4 C:\Users\torin\OneDrive\Desktop\ELEC291\gcc-arm-none-eabi-10.3-2021.10\arm-none-eabi\lib\thumb\v6-m\nofp\libc_nano.a(lib_a-impure.o)
                0x20000004                _impure_ptr
 .data.impure_data
                0x20000008       0x60 C:\Users\torin\OneDrive\Desktop\ELEC291\gcc-arm-none-eabi-10.3-2021.10\arm-none-eabi\lib\thumb\v6-m\nofp\libc_nano.a(lib_a-impure.o)
 .data          0x20000068        0x0 C:\Users\torin\OneDrive\Desktop\ELEC291\gcc-arm-none-eabi-10.3-2021.10\arm-none-eabi\lib\thumb\v6-m\nofp\libc_nano.a(lib_a-lock.o)
 .data          0x20000068        0x0 C:\Users\torin\OneDrive\Desktop\ELEC291\gcc-arm-none-eabi-10.3-2021.10\arm-none-eabi\lib\thumb\v6-m\nofp\libc_nano.a(lib_a-memset.o)
 .data          0x20000068        0x0 C:\Users\torin\OneDrive\Desktop\ELEC291\gcc-arm-none-eabi-10.3-2021.10\arm-none-eabi\lib\thumb\v6-m\nofp\libc_nano.a(lib_a-nano-freer.o)
 .data          0x20000068        0x0 C:\Users\torin\OneDrive\Desktop\ELEC291\gcc-arm-none-eabi-10.3-2021.10\arm-none-eabi\lib\thumb\v6-m\nofp\libc_nano.a(lib_a-nano-mallocr.o)
 .data          0x20000068        0x0 C:\Users\torin\OneDrive\Desktop\ELEC291\gcc-arm-none-eabi-10.3-2021.10\arm-none-eabi\lib\thumb\v6-m\nofp\libc_nano.a(lib_a-nano-vfprintf_float.o)
 .data          0x20000068        0x0 C:\Users\torin\OneDrive\Desktop\ELEC291\gcc-arm-none-eabi-10.3-2021.10\arm-none-eabi\lib\thumb\v6-m\nofp\libc_nano.a(lib_a-nano-vfprintf_i.o)
 .data          0x20000068        0x0 C:\Users\torin\OneDrive\Desktop\ELEC291\gcc-arm-none-eabi-10.3-2021.10\arm-none-eabi\lib\thumb\v6-m\nofp\libc_nano.a(lib_a-printf.o)
 .data          0x20000068        0x0 C:\Users\torin\OneDrive\Desktop\ELEC291\gcc-arm-none-eabi-10.3-2021.10\arm-none-eabi\lib\thumb\v6-m\nofp\libc_nano.a(lib_a-putchar.o)
 .data          0x20000068        0x0 C:\Users\torin\OneDrive\Desktop\ELEC291\gcc-arm-none-eabi-10.3-2021.10\arm-none-eabi\lib\thumb\v6-m\nofp\libc_nano.a(lib_a-puts.o)
 .data          0x20000068        0x0 C:\Users\torin\OneDrive\Desktop\ELEC291\gcc-arm-none-eabi-10.3-2021.10\arm-none-eabi\lib\thumb\v6-m\nofp\libc_nano.a(lib_a-sbrkr.o)
 .data          0x20000068        0x0 C:\Users\torin\OneDrive\Desktop\ELEC291\gcc-arm-none-eabi-10.3-2021.10\arm-none-eabi\lib\thumb\v6-m\nofp\libc_nano.a(lib_a-stdio.o)
 .data          0x20000068        0x0 C:\Users\torin\OneDrive\Desktop\ELEC291\gcc-arm-none-eabi-10.3-2021.10\arm-none-eabi\lib\thumb\v6-m\nofp\libc_nano.a(lib_a-strlen.o)
 .data          0x20000068        0x0 C:\Users\torin\OneDrive\Desktop\ELEC291\gcc-arm-none-eabi-10.3-2021.10\arm-none-eabi\lib\thumb\v6-m\nofp\libc_nano.a(lib_a-wbuf.o)
 .data          0x20000068        0x0 C:\Users\torin\OneDrive\Desktop\ELEC291\gcc-arm-none-eabi-10.3-2021.10\arm-none-eabi\lib\thumb\v6-m\nofp\libc_nano.a(lib_a-writer.o)
 .data          0x20000068        0x0 C:\Users\torin\OneDrive\Desktop\ELEC291\gcc-arm-none-eabi-10.3-2021.10\arm-none-eabi\lib\thumb\v6-m\nofp\libc_nano.a(lib_a-wsetup.o)
 .data          0x20000068        0x0 C:\Users\torin\OneDrive\Desktop\ELEC291\gcc-arm-none-eabi-10.3-2021.10\arm-none-eabi\lib\thumb\v6-m\nofp\libc_nano.a(lib_a-closer.o)
 .data          0x20000068        0x0 C:\Users\torin\OneDrive\Desktop\ELEC291\gcc-arm-none-eabi-10.3-2021.10\arm-none-eabi\lib\thumb\v6-m\nofp\libc_nano.a(lib_a-dtoa.o)
 .data          0x20000068        0x0 C:\Users\torin\OneDrive\Desktop\ELEC291\gcc-arm-none-eabi-10.3-2021.10\arm-none-eabi\lib\thumb\v6-m\nofp\libc_nano.a(lib_a-localeconv.o)
 .data          0x20000068        0x0 C:\Users\torin\OneDrive\Desktop\ELEC291\gcc-arm-none-eabi-10.3-2021.10\arm-none-eabi\lib\thumb\v6-m\nofp\libc_nano.a(lib_a-lseekr.o)
 .data          0x20000068        0x0 C:\Users\torin\OneDrive\Desktop\ELEC291\gcc-arm-none-eabi-10.3-2021.10\arm-none-eabi\lib\thumb\v6-m\nofp\libc_nano.a(lib_a-makebuf.o)
 .data          0x20000068        0x0 C:\Users\torin\OneDrive\Desktop\ELEC291\gcc-arm-none-eabi-10.3-2021.10\arm-none-eabi\lib\thumb\v6-m\nofp\libc_nano.a(lib_a-malloc.o)
 .data          0x20000068        0x0 C:\Users\torin\OneDrive\Desktop\ELEC291\gcc-arm-none-eabi-10.3-2021.10\arm-none-eabi\lib\thumb\v6-m\nofp\libc_nano.a(lib_a-memchr-stub.o)
 .data          0x20000068        0x0 C:\Users\torin\OneDrive\Desktop\ELEC291\gcc-arm-none-eabi-10.3-2021.10\arm-none-eabi\lib\thumb\v6-m\nofp\libc_nano.a(lib_a-memcpy-stub.o)
 .data          0x20000068        0x0 C:\Users\torin\OneDrive\Desktop\ELEC291\gcc-arm-none-eabi-10.3-2021.10\arm-none-eabi\lib\thumb\v6-m\nofp\libc_nano.a(lib_a-mlock.o)
 .data          0x20000068        0x0 C:\Users\torin\OneDrive\Desktop\ELEC291\gcc-arm-none-eabi-10.3-2021.10\arm-none-eabi\lib\thumb\v6-m\nofp\libc_nano.a(lib_a-mprec.o)
 .data          0x20000068        0x0 C:\Users\torin\OneDrive\Desktop\ELEC291\gcc-arm-none-eabi-10.3-2021.10\arm-none-eabi\lib\thumb\v6-m\nofp\libc_nano.a(lib_a-nano-callocr.o)
 .data          0x20000068        0x0 C:\Users\torin\OneDrive\Desktop\ELEC291\gcc-arm-none-eabi-10.3-2021.10\arm-none-eabi\lib\thumb\v6-m\nofp\libc_nano.a(lib_a-nano-vfprintf.o)
 .data          0x20000068        0x0 C:\Users\torin\OneDrive\Desktop\ELEC291\gcc-arm-none-eabi-10.3-2021.10\arm-none-eabi\lib\thumb\v6-m\nofp\libc_nano.a(lib_a-putc.o)
 .data          0x20000068        0x0 C:\Users\torin\OneDrive\Desktop\ELEC291\gcc-arm-none-eabi-10.3-2021.10\arm-none-eabi\lib\thumb\v6-m\nofp\libc_nano.a(lib_a-readr.o)
 .data          0x20000068        0x0 C:\Users\torin\OneDrive\Desktop\ELEC291\gcc-arm-none-eabi-10.3-2021.10\arm-none-eabi\lib\thumb\v6-m\nofp\libc_nano.a(lib_a-assert.o)
 .data          0x20000068        0x0 C:\Users\torin\OneDrive\Desktop\ELEC291\gcc-arm-none-eabi-10.3-2021.10\arm-none-eabi\lib\thumb\v6-m\nofp\libc_nano.a(lib_a-fprintf.o)
 .data          0x20000068        0x0 C:\Users\torin\OneDrive\Desktop\ELEC291\gcc-arm-none-eabi-10.3-2021.10\arm-none-eabi\lib\thumb\v6-m\nofp\libc_nano.a(lib_a-fstatr.o)
 .data          0x20000068        0x0 C:\Users\torin\OneDrive\Desktop\ELEC291\gcc-arm-none-eabi-10.3-2021.10\arm-none-eabi\lib\thumb\v6-m\nofp\libc_nano.a(lib_a-fvwrite.o)
 .data          0x20000068        0x0 C:\Users\torin\OneDrive\Desktop\ELEC291\gcc-arm-none-eabi-10.3-2021.10\arm-none-eabi\lib\thumb\v6-m\nofp\libc_nano.a(lib_a-isattyr.o)
 .data          0x20000068        0x0 C:\Users\torin\OneDrive\Desktop\ELEC291\gcc-arm-none-eabi-10.3-2021.10\arm-none-eabi\lib\thumb\v6-m\nofp\libc_nano.a(lib_a-locale.o)
 .data.__global_locale
                0x20000068      0x16c C:\Users\torin\OneDrive\Desktop\ELEC291\gcc-arm-none-eabi-10.3-2021.10\arm-none-eabi\lib\thumb\v6-m\nofp\libc_nano.a(lib_a-locale.o)
                0x20000068                __global_locale
 .data          0x200001d4        0x0 C:\Users\torin\OneDrive\Desktop\ELEC291\gcc-arm-none-eabi-10.3-2021.10\arm-none-eabi\lib\thumb\v6-m\nofp\libc_nano.a(lib_a-mbtowc_r.o)
 .data          0x200001d4        0x0 C:\Users\torin\OneDrive\Desktop\ELEC291\gcc-arm-none-eabi-10.3-2021.10\arm-none-eabi\lib\thumb\v6-m\nofp\libc_nano.a(lib_a-memmove.o)
 .data          0x200001d4        0x0 C:\Users\torin\OneDrive\Desktop\ELEC291\gcc-arm-none-eabi-10.3-2021.10\arm-none-eabi\lib\thumb\v6-m\nofp\libc_nano.a(lib_a-nano-reallocr.o)
 .data          0x200001d4        0x0 C:\Users\torin\OneDrive\Desktop\ELEC291\gcc-arm-none-eabi-10.3-2021.10\arm-none-eabi\lib\thumb\v6-m\nofp\libc_nano.a(lib_a-strcmp.o)
 .data          0x200001d4        0x0 C:\Users\torin\OneDrive\Desktop\ELEC291\gcc-arm-none-eabi-10.3-2021.10\arm-none-eabi\lib\thumb\v6-m\nofp\libc_nano.a(lib_a-wctomb_r.o)
 .data          0x200001d4        0x0 C:\Users\torin\OneDrive\Desktop\ELEC291\gcc-arm-none-eabi-10.3-2021.10\arm-none-eabi\lib\thumb\v6-m\nofp\libc_nano.a(lib_a-abort.o)
 .data          0x200001d4        0x0 C:\Users\torin\OneDrive\Desktop\ELEC291\gcc-arm-none-eabi-10.3-2021.10\arm-none-eabi\lib\thumb\v6-m\nofp\libc_nano.a(lib_a-ctype_.o)
 .data          0x200001d4        0x0 C:\Users\torin\OneDrive\Desktop\ELEC291\gcc-arm-none-eabi-10.3-2021.10\arm-none-eabi\lib\thumb\v6-m\nofp\libc_nano.a(lib_a-nano-msizer.o)
 .data          0x200001d4        0x0 C:\Users\torin\OneDrive\Desktop\ELEC291\gcc-arm-none-eabi-10.3-2021.10\arm-none-eabi\lib\thumb\v6-m\nofp\libc_nano.a(lib_a-signal.o)
 .data          0x200001d4        0x0 C:\Users\torin\OneDrive\Desktop\ELEC291\gcc-arm-none-eabi-10.3-2021.10\arm-none-eabi\lib\thumb\v6-m\nofp\libc_nano.a(lib_a-signalr.o)
 .data          0x200001d4        0x0 C:\Users\torin\OneDrive\Desktop\ELEC291\gcc-arm-none-eabi-10.3-2021.10\lib\gcc\arm-none-eabi\10.3.1\thumb\v6-m\nofp\libgcc.a(_thumb1_case_uqi.o)
 .data          0x200001d4        0x0 C:\Users\torin\OneDrive\Desktop\ELEC291\gcc-arm-none-eabi-10.3-2021.10\lib\gcc\arm-none-eabi\10.3.1\thumb\v6-m\nofp\libgcc.a(_thumb1_case_shi.o)
 .data          0x200001d4        0x0 C:\Users\torin\OneDrive\Desktop\ELEC291\gcc-arm-none-eabi-10.3-2021.10\lib\gcc\arm-none-eabi\10.3.1\thumb\v6-m\nofp\libgcc.a(_arm_cmpdf2.o)
 .data          0x200001d4        0x0 C:\Users\torin\OneDrive\Desktop\ELEC291\gcc-arm-none-eabi-10.3-2021.10\lib\gcc\arm-none-eabi\10.3.1\thumb\v6-m\nofp\libgcc.a(adddf3.o)
 .data          0x200001d4        0x0 C:\Users\torin\OneDrive\Desktop\ELEC291\gcc-arm-none-eabi-10.3-2021.10\lib\gcc\arm-none-eabi\10.3.1\thumb\v6-m\nofp\libgcc.a(divdf3.o)
 .data          0x200001d4        0x0 C:\Users\torin\OneDrive\Desktop\ELEC291\gcc-arm-none-eabi-10.3-2021.10\lib\gcc\arm-none-eabi\10.3.1\thumb\v6-m\nofp\libgcc.a(eqdf2.o)
 .data          0x200001d4        0x0 C:\Users\torin\OneDrive\Desktop\ELEC291\gcc-arm-none-eabi-10.3-2021.10\lib\gcc\arm-none-eabi\10.3.1\thumb\v6-m\nofp\libgcc.a(gedf2.o)
 .data          0x200001d4        0x0 C:\Users\torin\OneDrive\Desktop\ELEC291\gcc-arm-none-eabi-10.3-2021.10\lib\gcc\arm-none-eabi\10.3.1\thumb\v6-m\nofp\libgcc.a(ledf2.o)
 .data          0x200001d4        0x0 C:\Users\torin\OneDrive\Desktop\ELEC291\gcc-arm-none-eabi-10.3-2021.10\lib\gcc\arm-none-eabi\10.3.1\thumb\v6-m\nofp\libgcc.a(muldf3.o)
 .data          0x200001d4        0x0 C:\Users\torin\OneDrive\Desktop\ELEC291\gcc-arm-none-eabi-10.3-2021.10\lib\gcc\arm-none-eabi\10.3.1\thumb\v6-m\nofp\libgcc.a(subdf3.o)
 .data          0x200001d4        0x0 C:\Users\torin\OneDrive\Desktop\ELEC291\gcc-arm-none-eabi-10.3-2021.10\lib\gcc\arm-none-eabi\10.3.1\thumb\v6-m\nofp\libgcc.a(unorddf2.o)
 .data          0x200001d4        0x0 C:\Users\torin\OneDrive\Desktop\ELEC291\gcc-arm-none-eabi-10.3-2021.10\lib\gcc\arm-none-eabi\10.3.1\thumb\v6-m\nofp\libgcc.a(fixdfsi.o)
 .data          0x200001d4        0x0 C:\Users\torin\OneDrive\Desktop\ELEC291\gcc-arm-none-eabi-10.3-2021.10\lib\gcc\arm-none-eabi\10.3.1\thumb\v6-m\nofp\libgcc.a(floatsidf.o)
 .data          0x200001d4        0x0 C:\Users\torin\OneDrive\Desktop\ELEC291\gcc-arm-none-eabi-10.3-2021.10\lib\gcc\arm-none-eabi\10.3.1\thumb\v6-m\nofp\libgcc.a(floatunsidf.o)
                0x200001d4                . = ALIGN (0x4)
                0x200001d4                _edata = .

.igot.plt       0x200001d4        0x0 load address 0x08009670
 .igot.plt      0x200001d4        0x0 main.o

.bss            0x200001d4       0xe0 load address 0x08009670
                0x200001d4                _bss = .
 *(.bss*)
 .bss           0x200001d4        0x0 main.o
 .bss           0x200001d4        0x0 startup.o
 .bss           0x200001d4       0xa4 serial.o
                0x200001d4                ComRXBuffer
                0x20000220                ComTXBuffer
                0x2000026c                ComOpen
                0x20000270                ComError
                0x20000274                ComBusy
 .bss           0x20000278        0x8 newlib_stubs.o
                0x20000278                __env
 .bss           0x20000280        0x0 collision.o
 .bss           0x20000280        0x0 motor.o
 .bss           0x20000280        0x0 ADC.o
 .bss           0x20000280       0x14 decoder.o
                0x20000280                signal_length
                0x20000284                signal_start
                0x20000288                capture
                0x2000028c                pulse_width
                0x20000290                command_signal
 .bss           0x20000294        0x0 uart.o
 .bss           0x20000294        0x1 vl53l0x.o
 .bss           0x20000295        0x0 C:\Users\torin\OneDrive\Desktop\ELEC291\gcc-arm-none-eabi-10.3-2021.10\arm-none-eabi\lib\thumb\v6-m\nofp\libnosys.a(errno.o)
 *fill*         0x20000295        0x3 
 .bss.errno     0x20000298        0x4 C:\Users\torin\OneDrive\Desktop\ELEC291\gcc-arm-none-eabi-10.3-2021.10\arm-none-eabi\lib\thumb\v6-m\nofp\libnosys.a(errno.o)
                0x20000298                errno
 .bss           0x2000029c        0x0 C:\Users\torin\OneDrive\Desktop\ELEC291\gcc-arm-none-eabi-10.3-2021.10\lib\gcc\arm-none-eabi\10.3.1\thumb\v6-m\nofp\libgcc.a(_udivsi3.o)
 .bss           0x2000029c        0x0 C:\Users\torin\OneDrive\Desktop\ELEC291\gcc-arm-none-eabi-10.3-2021.10\lib\gcc\arm-none-eabi\10.3.1\thumb\v6-m\nofp\libgcc.a(_divsi3.o)
 .bss           0x2000029c        0x0 C:\Users\torin\OneDrive\Desktop\ELEC291\gcc-arm-none-eabi-10.3-2021.10\lib\gcc\arm-none-eabi\10.3.1\thumb\v6-m\nofp\libgcc.a(_dvmd_tls.o)
 .bss           0x2000029c        0x0 C:\Users\torin\OneDrive\Desktop\ELEC291\gcc-arm-none-eabi-10.3-2021.10\lib\gcc\arm-none-eabi\10.3.1\thumb\v6-m\nofp\libgcc.a(_arm_cmpsf2.o)
 .bss           0x2000029c        0x0 C:\Users\torin\OneDrive\Desktop\ELEC291\gcc-arm-none-eabi-10.3-2021.10\lib\gcc\arm-none-eabi\10.3.1\thumb\v6-m\nofp\libgcc.a(addsf3.o)
 .bss           0x2000029c        0x0 C:\Users\torin\OneDrive\Desktop\ELEC291\gcc-arm-none-eabi-10.3-2021.10\lib\gcc\arm-none-eabi\10.3.1\thumb\v6-m\nofp\libgcc.a(divsf3.o)
 .bss           0x2000029c        0x0 C:\Users\torin\OneDrive\Desktop\ELEC291\gcc-arm-none-eabi-10.3-2021.10\lib\gcc\arm-none-eabi\10.3.1\thumb\v6-m\nofp\libgcc.a(eqsf2.o)
 .bss           0x2000029c        0x0 C:\Users\torin\OneDrive\Desktop\ELEC291\gcc-arm-none-eabi-10.3-2021.10\lib\gcc\arm-none-eabi\10.3.1\thumb\v6-m\nofp\libgcc.a(gesf2.o)
 .bss           0x2000029c        0x0 C:\Users\torin\OneDrive\Desktop\ELEC291\gcc-arm-none-eabi-10.3-2021.10\lib\gcc\arm-none-eabi\10.3.1\thumb\v6-m\nofp\libgcc.a(lesf2.o)
 .bss           0x2000029c        0x0 C:\Users\torin\OneDrive\Desktop\ELEC291\gcc-arm-none-eabi-10.3-2021.10\lib\gcc\arm-none-eabi\10.3.1\thumb\v6-m\nofp\libgcc.a(mulsf3.o)
 .bss           0x2000029c        0x0 C:\Users\torin\OneDrive\Desktop\ELEC291\gcc-arm-none-eabi-10.3-2021.10\lib\gcc\arm-none-eabi\10.3.1\thumb\v6-m\nofp\libgcc.a(subsf3.o)
 .bss           0x2000029c        0x0 C:\Users\torin\OneDrive\Desktop\ELEC291\gcc-arm-none-eabi-10.3-2021.10\lib\gcc\arm-none-eabi\10.3.1\thumb\v6-m\nofp\libgcc.a(fixsfsi.o)
 .bss           0x2000029c        0x0 C:\Users\torin\OneDrive\Desktop\ELEC291\gcc-arm-none-eabi-10.3-2021.10\lib\gcc\arm-none-eabi\10.3.1\thumb\v6-m\nofp\libgcc.a(floatsisf.o)
 .bss           0x2000029c        0x0 C:\Users\torin\OneDrive\Desktop\ELEC291\gcc-arm-none-eabi-10.3-2021.10\lib\gcc\arm-none-eabi\10.3.1\thumb\v6-m\nofp\libgcc.a(_clzsi2.o)
 .bss           0x2000029c        0x0 C:\Users\torin\OneDrive\Desktop\ELEC291\gcc-arm-none-eabi-10.3-2021.10\arm-none-eabi\lib\thumb\v6-m\nofp\libc_nano.a(lib_a-fflush.o)
 .bss           0x2000029c        0x0 C:\Users\torin\OneDrive\Desktop\ELEC291\gcc-arm-none-eabi-10.3-2021.10\arm-none-eabi\lib\thumb\v6-m\nofp\libc_nano.a(lib_a-findfp.o)
 .bss           0x2000029c        0x0 C:\Users\torin\OneDrive\Desktop\ELEC291\gcc-arm-none-eabi-10.3-2021.10\arm-none-eabi\lib\thumb\v6-m\nofp\libc_nano.a(lib_a-fwalk.o)
 .bss           0x2000029c        0x0 C:\Users\torin\OneDrive\Desktop\ELEC291\gcc-arm-none-eabi-10.3-2021.10\arm-none-eabi\lib\thumb\v6-m\nofp\libc_nano.a(lib_a-impure.o)
 .bss           0x2000029c        0x0 C:\Users\torin\OneDrive\Desktop\ELEC291\gcc-arm-none-eabi-10.3-2021.10\arm-none-eabi\lib\thumb\v6-m\nofp\libc_nano.a(lib_a-lock.o)
 .bss.__lock___arc4random_mutex
                0x2000029c        0x1 C:\Users\torin\OneDrive\Desktop\ELEC291\gcc-arm-none-eabi-10.3-2021.10\arm-none-eabi\lib\thumb\v6-m\nofp\libc_nano.a(lib_a-lock.o)
                0x2000029c                __lock___arc4random_mutex
 .bss.__lock___at_quick_exit_mutex
                0x2000029d        0x1 C:\Users\torin\OneDrive\Desktop\ELEC291\gcc-arm-none-eabi-10.3-2021.10\arm-none-eabi\lib\thumb\v6-m\nofp\libc_nano.a(lib_a-lock.o)
                0x2000029d                __lock___at_quick_exit_mutex
 .bss.__lock___atexit_recursive_mutex
                0x2000029e        0x1 C:\Users\torin\OneDrive\Desktop\ELEC291\gcc-arm-none-eabi-10.3-2021.10\arm-none-eabi\lib\thumb\v6-m\nofp\libc_nano.a(lib_a-lock.o)
                0x2000029e                __lock___atexit_recursive_mutex
 .bss.__lock___dd_hash_mutex
                0x2000029f        0x1 C:\Users\torin\OneDrive\Desktop\ELEC291\gcc-arm-none-eabi-10.3-2021.10\arm-none-eabi\lib\thumb\v6-m\nofp\libc_nano.a(lib_a-lock.o)
                0x2000029f                __lock___dd_hash_mutex
 .bss.__lock___env_recursive_mutex
                0x200002a0        0x1 C:\Users\torin\OneDrive\Desktop\ELEC291\gcc-arm-none-eabi-10.3-2021.10\arm-none-eabi\lib\thumb\v6-m\nofp\libc_nano.a(lib_a-lock.o)
                0x200002a0                __lock___env_recursive_mutex
 .bss.__lock___malloc_recursive_mutex
                0x200002a1        0x1 C:\Users\torin\OneDrive\Desktop\ELEC291\gcc-arm-none-eabi-10.3-2021.10\arm-none-eabi\lib\thumb\v6-m\nofp\libc_nano.a(lib_a-lock.o)
                0x200002a1                __lock___malloc_recursive_mutex
 .bss.__lock___sfp_recursive_mutex
                0x200002a2        0x1 C:\Users\torin\OneDrive\Desktop\ELEC291\gcc-arm-none-eabi-10.3-2021.10\arm-none-eabi\lib\thumb\v6-m\nofp\libc_nano.a(lib_a-lock.o)
                0x200002a2                __lock___sfp_recursive_mutex
 .bss.__lock___sinit_recursive_mutex
                0x200002a3        0x1 C:\Users\torin\OneDrive\Desktop\ELEC291\gcc-arm-none-eabi-10.3-2021.10\arm-none-eabi\lib\thumb\v6-m\nofp\libc_nano.a(lib_a-lock.o)
                0x200002a3                __lock___sinit_recursive_mutex
 .bss.__lock___tz_mutex
                0x200002a4        0x1 C:\Users\torin\OneDrive\Desktop\ELEC291\gcc-arm-none-eabi-10.3-2021.10\arm-none-eabi\lib\thumb\v6-m\nofp\libc_nano.a(lib_a-lock.o)
                0x200002a4                __lock___tz_mutex
 .bss           0x200002a5        0x0 C:\Users\torin\OneDrive\Desktop\ELEC291\gcc-arm-none-eabi-10.3-2021.10\arm-none-eabi\lib\thumb\v6-m\nofp\libc_nano.a(lib_a-memset.o)
 .bss           0x200002a5        0x0 C:\Users\torin\OneDrive\Desktop\ELEC291\gcc-arm-none-eabi-10.3-2021.10\arm-none-eabi\lib\thumb\v6-m\nofp\libc_nano.a(lib_a-nano-freer.o)
 .bss           0x200002a5        0x0 C:\Users\torin\OneDrive\Desktop\ELEC291\gcc-arm-none-eabi-10.3-2021.10\arm-none-eabi\lib\thumb\v6-m\nofp\libc_nano.a(lib_a-nano-mallocr.o)
 *fill*         0x200002a5        0x3 
 .bss.__malloc_free_list
                0x200002a8        0x4 C:\Users\torin\OneDrive\Desktop\ELEC291\gcc-arm-none-eabi-10.3-2021.10\arm-none-eabi\lib\thumb\v6-m\nofp\libc_nano.a(lib_a-nano-mallocr.o)
                0x200002a8                __malloc_free_list
 .bss.__malloc_sbrk_start
                0x200002ac        0x4 C:\Users\torin\OneDrive\Desktop\ELEC291\gcc-arm-none-eabi-10.3-2021.10\arm-none-eabi\lib\thumb\v6-m\nofp\libc_nano.a(lib_a-nano-mallocr.o)
                0x200002ac                __malloc_sbrk_start
 .bss           0x200002b0        0x0 C:\Users\torin\OneDrive\Desktop\ELEC291\gcc-arm-none-eabi-10.3-2021.10\arm-none-eabi\lib\thumb\v6-m\nofp\libc_nano.a(lib_a-nano-vfprintf_float.o)
 .bss           0x200002b0        0x0 C:\Users\torin\OneDrive\Desktop\ELEC291\gcc-arm-none-eabi-10.3-2021.10\arm-none-eabi\lib\thumb\v6-m\nofp\libc_nano.a(lib_a-nano-vfprintf_i.o)
 .bss           0x200002b0        0x0 C:\Users\torin\OneDrive\Desktop\ELEC291\gcc-arm-none-eabi-10.3-2021.10\arm-none-eabi\lib\thumb\v6-m\nofp\libc_nano.a(lib_a-printf.o)
 .bss           0x200002b0        0x0 C:\Users\torin\OneDrive\Desktop\ELEC291\gcc-arm-none-eabi-10.3-2021.10\arm-none-eabi\lib\thumb\v6-m\nofp\libc_nano.a(lib_a-putchar.o)
 .bss           0x200002b0        0x0 C:\Users\torin\OneDrive\Desktop\ELEC291\gcc-arm-none-eabi-10.3-2021.10\arm-none-eabi\lib\thumb\v6-m\nofp\libc_nano.a(lib_a-puts.o)
 .bss           0x200002b0        0x0 C:\Users\torin\OneDrive\Desktop\ELEC291\gcc-arm-none-eabi-10.3-2021.10\arm-none-eabi\lib\thumb\v6-m\nofp\libc_nano.a(lib_a-sbrkr.o)
 .bss           0x200002b0        0x0 C:\Users\torin\OneDrive\Desktop\ELEC291\gcc-arm-none-eabi-10.3-2021.10\arm-none-eabi\lib\thumb\v6-m\nofp\libc_nano.a(lib_a-stdio.o)
 .bss           0x200002b0        0x0 C:\Users\torin\OneDrive\Desktop\ELEC291\gcc-arm-none-eabi-10.3-2021.10\arm-none-eabi\lib\thumb\v6-m\nofp\libc_nano.a(lib_a-strlen.o)
 .bss           0x200002b0        0x0 C:\Users\torin\OneDrive\Desktop\ELEC291\gcc-arm-none-eabi-10.3-2021.10\arm-none-eabi\lib\thumb\v6-m\nofp\libc_nano.a(lib_a-wbuf.o)
 .bss           0x200002b0        0x0 C:\Users\torin\OneDrive\Desktop\ELEC291\gcc-arm-none-eabi-10.3-2021.10\arm-none-eabi\lib\thumb\v6-m\nofp\libc_nano.a(lib_a-writer.o)
 .bss           0x200002b0        0x0 C:\Users\torin\OneDrive\Desktop\ELEC291\gcc-arm-none-eabi-10.3-2021.10\arm-none-eabi\lib\thumb\v6-m\nofp\libc_nano.a(lib_a-wsetup.o)
 .bss           0x200002b0        0x0 C:\Users\torin\OneDrive\Desktop\ELEC291\gcc-arm-none-eabi-10.3-2021.10\arm-none-eabi\lib\thumb\v6-m\nofp\libc_nano.a(lib_a-closer.o)
 .bss           0x200002b0        0x0 C:\Users\torin\OneDrive\Desktop\ELEC291\gcc-arm-none-eabi-10.3-2021.10\arm-none-eabi\lib\thumb\v6-m\nofp\libc_nano.a(lib_a-dtoa.o)
 .bss           0x200002b0        0x0 C:\Users\torin\OneDrive\Desktop\ELEC291\gcc-arm-none-eabi-10.3-2021.10\arm-none-eabi\lib\thumb\v6-m\nofp\libc_nano.a(lib_a-localeconv.o)
 .bss           0x200002b0        0x0 C:\Users\torin\OneDrive\Desktop\ELEC291\gcc-arm-none-eabi-10.3-2021.10\arm-none-eabi\lib\thumb\v6-m\nofp\libc_nano.a(lib_a-lseekr.o)
 .bss           0x200002b0        0x0 C:\Users\torin\OneDrive\Desktop\ELEC291\gcc-arm-none-eabi-10.3-2021.10\arm-none-eabi\lib\thumb\v6-m\nofp\libc_nano.a(lib_a-makebuf.o)
 .bss           0x200002b0        0x0 C:\Users\torin\OneDrive\Desktop\ELEC291\gcc-arm-none-eabi-10.3-2021.10\arm-none-eabi\lib\thumb\v6-m\nofp\libc_nano.a(lib_a-malloc.o)
 .bss           0x200002b0        0x0 C:\Users\torin\OneDrive\Desktop\ELEC291\gcc-arm-none-eabi-10.3-2021.10\arm-none-eabi\lib\thumb\v6-m\nofp\libc_nano.a(lib_a-memchr-stub.o)
 .bss           0x200002b0        0x0 C:\Users\torin\OneDrive\Desktop\ELEC291\gcc-arm-none-eabi-10.3-2021.10\arm-none-eabi\lib\thumb\v6-m\nofp\libc_nano.a(lib_a-memcpy-stub.o)
 .bss           0x200002b0        0x0 C:\Users\torin\OneDrive\Desktop\ELEC291\gcc-arm-none-eabi-10.3-2021.10\arm-none-eabi\lib\thumb\v6-m\nofp\libc_nano.a(lib_a-mlock.o)
 .bss           0x200002b0        0x0 C:\Users\torin\OneDrive\Desktop\ELEC291\gcc-arm-none-eabi-10.3-2021.10\arm-none-eabi\lib\thumb\v6-m\nofp\libc_nano.a(lib_a-mprec.o)
 .bss           0x200002b0        0x0 C:\Users\torin\OneDrive\Desktop\ELEC291\gcc-arm-none-eabi-10.3-2021.10\arm-none-eabi\lib\thumb\v6-m\nofp\libc_nano.a(lib_a-nano-callocr.o)
 .bss           0x200002b0        0x0 C:\Users\torin\OneDrive\Desktop\ELEC291\gcc-arm-none-eabi-10.3-2021.10\arm-none-eabi\lib\thumb\v6-m\nofp\libc_nano.a(lib_a-nano-vfprintf.o)
 .bss           0x200002b0        0x0 C:\Users\torin\OneDrive\Desktop\ELEC291\gcc-arm-none-eabi-10.3-2021.10\arm-none-eabi\lib\thumb\v6-m\nofp\libc_nano.a(lib_a-putc.o)
 .bss           0x200002b0        0x0 C:\Users\torin\OneDrive\Desktop\ELEC291\gcc-arm-none-eabi-10.3-2021.10\arm-none-eabi\lib\thumb\v6-m\nofp\libc_nano.a(lib_a-readr.o)
 .bss           0x200002b0        0x0 C:\Users\torin\OneDrive\Desktop\ELEC291\gcc-arm-none-eabi-10.3-2021.10\arm-none-eabi\lib\thumb\v6-m\nofp\libc_nano.a(lib_a-assert.o)
 .bss           0x200002b0        0x0 C:\Users\torin\OneDrive\Desktop\ELEC291\gcc-arm-none-eabi-10.3-2021.10\arm-none-eabi\lib\thumb\v6-m\nofp\libc_nano.a(lib_a-fprintf.o)
 .bss           0x200002b0        0x0 C:\Users\torin\OneDrive\Desktop\ELEC291\gcc-arm-none-eabi-10.3-2021.10\arm-none-eabi\lib\thumb\v6-m\nofp\libc_nano.a(lib_a-fstatr.o)
 .bss           0x200002b0        0x0 C:\Users\torin\OneDrive\Desktop\ELEC291\gcc-arm-none-eabi-10.3-2021.10\arm-none-eabi\lib\thumb\v6-m\nofp\libc_nano.a(lib_a-fvwrite.o)
 .bss           0x200002b0        0x0 C:\Users\torin\OneDrive\Desktop\ELEC291\gcc-arm-none-eabi-10.3-2021.10\arm-none-eabi\lib\thumb\v6-m\nofp\libc_nano.a(lib_a-isattyr.o)
 .bss           0x200002b0        0x0 C:\Users\torin\OneDrive\Desktop\ELEC291\gcc-arm-none-eabi-10.3-2021.10\arm-none-eabi\lib\thumb\v6-m\nofp\libc_nano.a(lib_a-locale.o)
 .bss._PathLocale
                0x200002b0        0x4 C:\Users\torin\OneDrive\Desktop\ELEC291\gcc-arm-none-eabi-10.3-2021.10\arm-none-eabi\lib\thumb\v6-m\nofp\libc_nano.a(lib_a-locale.o)
                0x200002b0                _PathLocale
 .bss           0x200002b4        0x0 C:\Users\torin\OneDrive\Desktop\ELEC291\gcc-arm-none-eabi-10.3-2021.10\arm-none-eabi\lib\thumb\v6-m\nofp\libc_nano.a(lib_a-mbtowc_r.o)
 .bss           0x200002b4        0x0 C:\Users\torin\OneDrive\Desktop\ELEC291\gcc-arm-none-eabi-10.3-2021.10\arm-none-eabi\lib\thumb\v6-m\nofp\libc_nano.a(lib_a-memmove.o)
 .bss           0x200002b4        0x0 C:\Users\torin\OneDrive\Desktop\ELEC291\gcc-arm-none-eabi-10.3-2021.10\arm-none-eabi\lib\thumb\v6-m\nofp\libc_nano.a(lib_a-nano-reallocr.o)
 .bss           0x200002b4        0x0 C:\Users\torin\OneDrive\Desktop\ELEC291\gcc-arm-none-eabi-10.3-2021.10\arm-none-eabi\lib\thumb\v6-m\nofp\libc_nano.a(lib_a-strcmp.o)
 .bss           0x200002b4        0x0 C:\Users\torin\OneDrive\Desktop\ELEC291\gcc-arm-none-eabi-10.3-2021.10\arm-none-eabi\lib\thumb\v6-m\nofp\libc_nano.a(lib_a-wctomb_r.o)
 .bss           0x200002b4        0x0 C:\Users\torin\OneDrive\Desktop\ELEC291\gcc-arm-none-eabi-10.3-2021.10\arm-none-eabi\lib\thumb\v6-m\nofp\libc_nano.a(lib_a-abort.o)
 .bss           0x200002b4        0x0 C:\Users\torin\OneDrive\Desktop\ELEC291\gcc-arm-none-eabi-10.3-2021.10\arm-none-eabi\lib\thumb\v6-m\nofp\libc_nano.a(lib_a-ctype_.o)
 .bss           0x200002b4        0x0 C:\Users\torin\OneDrive\Desktop\ELEC291\gcc-arm-none-eabi-10.3-2021.10\arm-none-eabi\lib\thumb\v6-m\nofp\libc_nano.a(lib_a-nano-msizer.o)
 .bss           0x200002b4        0x0 C:\Users\torin\OneDrive\Desktop\ELEC291\gcc-arm-none-eabi-10.3-2021.10\arm-none-eabi\lib\thumb\v6-m\nofp\libc_nano.a(lib_a-signal.o)
 .bss           0x200002b4        0x0 C:\Users\torin\OneDrive\Desktop\ELEC291\gcc-arm-none-eabi-10.3-2021.10\arm-none-eabi\lib\thumb\v6-m\nofp\libc_nano.a(lib_a-signalr.o)
 .bss           0x200002b4        0x0 C:\Users\torin\OneDrive\Desktop\ELEC291\gcc-arm-none-eabi-10.3-2021.10\lib\gcc\arm-none-eabi\10.3.1\thumb\v6-m\nofp\libgcc.a(_thumb1_case_uqi.o)
 .bss           0x200002b4        0x0 C:\Users\torin\OneDrive\Desktop\ELEC291\gcc-arm-none-eabi-10.3-2021.10\lib\gcc\arm-none-eabi\10.3.1\thumb\v6-m\nofp\libgcc.a(_thumb1_case_shi.o)
 .bss           0x200002b4        0x0 C:\Users\torin\OneDrive\Desktop\ELEC291\gcc-arm-none-eabi-10.3-2021.10\lib\gcc\arm-none-eabi\10.3.1\thumb\v6-m\nofp\libgcc.a(_arm_cmpdf2.o)
 .bss           0x200002b4        0x0 C:\Users\torin\OneDrive\Desktop\ELEC291\gcc-arm-none-eabi-10.3-2021.10\lib\gcc\arm-none-eabi\10.3.1\thumb\v6-m\nofp\libgcc.a(adddf3.o)
 .bss           0x200002b4        0x0 C:\Users\torin\OneDrive\Desktop\ELEC291\gcc-arm-none-eabi-10.3-2021.10\lib\gcc\arm-none-eabi\10.3.1\thumb\v6-m\nofp\libgcc.a(divdf3.o)
 .bss           0x200002b4        0x0 C:\Users\torin\OneDrive\Desktop\ELEC291\gcc-arm-none-eabi-10.3-2021.10\lib\gcc\arm-none-eabi\10.3.1\thumb\v6-m\nofp\libgcc.a(eqdf2.o)
 .bss           0x200002b4        0x0 C:\Users\torin\OneDrive\Desktop\ELEC291\gcc-arm-none-eabi-10.3-2021.10\lib\gcc\arm-none-eabi\10.3.1\thumb\v6-m\nofp\libgcc.a(gedf2.o)
 .bss           0x200002b4        0x0 C:\Users\torin\OneDrive\Desktop\ELEC291\gcc-arm-none-eabi-10.3-2021.10\lib\gcc\arm-none-eabi\10.3.1\thumb\v6-m\nofp\libgcc.a(ledf2.o)
 .bss           0x200002b4        0x0 C:\Users\torin\OneDrive\Desktop\ELEC291\gcc-arm-none-eabi-10.3-2021.10\lib\gcc\arm-none-eabi\10.3.1\thumb\v6-m\nofp\libgcc.a(muldf3.o)
 .bss           0x200002b4        0x0 C:\Users\torin\OneDrive\Desktop\ELEC291\gcc-arm-none-eabi-10.3-2021.10\lib\gcc\arm-none-eabi\10.3.1\thumb\v6-m\nofp\libgcc.a(subdf3.o)
 .bss           0x200002b4        0x0 C:\Users\torin\OneDrive\Desktop\ELEC291\gcc-arm-none-eabi-10.3-2021.10\lib\gcc\arm-none-eabi\10.3.1\thumb\v6-m\nofp\libgcc.a(unorddf2.o)
 .bss           0x200002b4        0x0 C:\Users\torin\OneDrive\Desktop\ELEC291\gcc-arm-none-eabi-10.3-2021.10\lib\gcc\arm-none-eabi\10.3.1\thumb\v6-m\nofp\libgcc.a(fixdfsi.o)
 .bss           0x200002b4        0x0 C:\Users\torin\OneDrive\Desktop\ELEC291\gcc-arm-none-eabi-10.3-2021.10\lib\gcc\arm-none-eabi\10.3.1\thumb\v6-m\nofp\libgcc.a(floatsidf.o)
 .bss           0x200002b4        0x0 C:\Users\torin\OneDrive\Desktop\ELEC291\gcc-arm-none-eabi-10.3-2021.10\lib\gcc\arm-none-eabi\10.3.1\thumb\v6-m\nofp\libgcc.a(floatunsidf.o)
 *(COMMON)
                0x200002b4                . = ALIGN (0x4)
                0x200002b4                _ebss = .
                [!provide]                PROVIDE (end = .)
                0x200002b4                PROVIDE (_HeapStart = .)
                0x20002000                PROVIDE (_StackTop = (ORIGIN (ram) + LENGTH (ram)))
OUTPUT(main.elf elf32-littlearm)
LOAD linker stubs

.debug_info     0x00000000     0x3873
 .debug_info    0x00000000      0x26c main.o
 .debug_info    0x0000026c      0x396 startup.o
 .debug_info    0x00000602      0x7a3 serial.o
 .debug_info    0x00000da5      0x709 newlib_stubs.o
 .debug_info    0x000014ae      0xcf5 collision.o
 .debug_info    0x000021a3      0x552 motor.o
 .debug_info    0x000026f5      0x40c ADC.o
 .debug_info    0x00002b01      0x6ab decoder.o
 .debug_info    0x000031ac      0x402 uart.o
 .debug_info    0x000035ae      0x2c5 vl53l0x.o

.debug_abbrev   0x00000000      0xfd4
 .debug_abbrev  0x00000000      0x152 main.o
 .debug_abbrev  0x00000152      0x1c8 startup.o
 .debug_abbrev  0x0000031a      0x20e serial.o
 .debug_abbrev  0x00000528      0x1bb newlib_stubs.o