Archive member included to satisfy reference by file (symbol)

C:\Users\wayne\Desktop\ELEC 291\gcc-arm-none-eabi-10.3-2021.10\arm-none-eabi\lib\thumb\v6-m\nofp\libnosys.a(errno.o)
                              newlib_stubs.o (errno)
C:\Users\wayne\Desktop\ELEC 291\gcc-arm-none-eabi-10.3-2021.10\lib\gcc\arm-none-eabi\10.3.1\thumb\v6-m\nofp\libgcc.a(_udivsi3.o)
                              uart.o (__aeabi_uidiv)
C:\Users\wayne\Desktop\ELEC 291\gcc-arm-none-eabi-10.3-2021.10\lib\gcc\arm-none-eabi\10.3.1\thumb\v6-m\nofp\libgcc.a(_divsi3.o)
                              serial.o (__aeabi_idiv)
C:\Users\wayne\Desktop\ELEC 291\gcc-arm-none-eabi-10.3-2021.10\lib\gcc\arm-none-eabi\10.3.1\thumb\v6-m\nofp\libgcc.a(_dvmd_tls.o)
                              C:\Users\wayne\Desktop\ELEC 291\gcc-arm-none-eabi-10.3-2021.10\lib\gcc\arm-none-eabi\10.3.1\thumb\v6-m\nofp\libgcc.a(_udivsi3.o) (__aeabi_idiv0)
C:\Users\wayne\Desktop\ELEC 291\gcc-arm-none-eabi-10.3-2021.10\lib\gcc\arm-none-eabi\10.3.1\thumb\v6-m\nofp\libgcc.a(_arm_cmpsf2.o)
                              motor.o (__aeabi_fcmplt)
C:\Users\wayne\Desktop\ELEC 291\gcc-arm-none-eabi-10.3-2021.10\lib\gcc\arm-none-eabi\10.3.1\thumb\v6-m\nofp\libgcc.a(addsf3.o)
                              motor.o (__aeabi_fadd)
C:\Users\wayne\Desktop\ELEC 291\gcc-arm-none-eabi-10.3-2021.10\lib\gcc\arm-none-eabi\10.3.1\thumb\v6-m\nofp\libgcc.a(divsf3.o)
                              motor.o (__aeabi_fdiv)
C:\Users\wayne\Desktop\ELEC 291\gcc-arm-none-eabi-10.3-2021.10\lib\gcc\arm-none-eabi\10.3.1\thumb\v6-m\nofp\libgcc.a(eqsf2.o)
                              C:\Users\wayne\Desktop\ELEC 291\gcc-arm-none-eabi-10.3-2021.10\lib\gcc\arm-none-eabi\10.3.1\thumb\v6-m\nofp\libgcc.a(_arm_cmpsf2.o) (__eqsf2)
C:\Users\wayne\Desktop\ELEC 291\gcc-arm-none-eabi-10.3-2021.10\lib\gcc\arm-none-eabi\10.3.1\thumb\v6-m\nofp\libgcc.a(gesf2.o)
                              C:\Users\wayne\Desktop\ELEC 291\gcc-arm-none-eabi-10.3-2021.10\lib\gcc\arm-none-eabi\10.3.1\thumb\v6-m\nofp\libgcc.a(_arm_cmpsf2.o) (__gesf2)
C:\Users\wayne\Desktop\ELEC 291\gcc-arm-none-eabi-10.3-2021.10\lib\gcc\arm-none-eabi\10.3.1\thumb\v6-m\nofp\libgcc.a(lesf2.o)
                              C:\Users\wayne\Desktop\ELEC 291\gcc-arm-none-eabi-10.3-2021.10\lib\gcc\arm-none-eabi\10.3.1\thumb\v6-m\nofp\libgcc.a(_arm_cmpsf2.o) (__lesf2)
C:\Users\wayne\Desktop\ELEC 291\gcc-arm-none-eabi-10.3-2021.10\lib\gcc\arm-none-eabi\10.3.1\thumb\v6-m\nofp\libgcc.a(mulsf3.o)
                              motor.o (__aeabi_fmul)
C:\Users\wayne\Desktop\ELEC 291\gcc-arm-none-eabi-10.3-2021.10\lib\gcc\arm-none-eabi\10.3.1\thumb\v6-m\nofp\libgcc.a(subsf3.o)
                              motor.o (__aeabi_fsub)
C:\Users\wayne\Desktop\ELEC 291\gcc-arm-none-eabi-10.3-2021.10\lib\gcc\arm-none-eabi\10.3.1\thumb\v6-m\nofp\libgcc.a(fixsfsi.o)
                              motor.o (__aeabi_f2iz)
C:\Users\wayne\Desktop\ELEC 291\gcc-arm-none-eabi-10.3-2021.10\lib\gcc\arm-none-eabi\10.3.1\thumb\v6-m\nofp\libgcc.a(floatsisf.o)
                              motor.o (__aeabi_i2f)
C:\Users\wayne\Desktop\ELEC 291\gcc-arm-none-eabi-10.3-2021.10\lib\gcc\arm-none-eabi\10.3.1\thumb\v6-m\nofp\libgcc.a(floatunsisf.o)
                              motor.o (__aeabi_ui2f)
C:\Users\wayne\Desktop\ELEC 291\gcc-arm-none-eabi-10.3-2021.10\lib\gcc\arm-none-eabi\10.3.1\thumb\v6-m\nofp\libgcc.a(_clzsi2.o)
                              C:\Users\wayne\Desktop\ELEC 291\gcc-arm-none-eabi-10.3-2021.10\lib\gcc\arm-none-eabi\10.3.1\thumb\v6-m\nofp\libgcc.a(addsf3.o) (__clzsi2)
C:\Users\wayne\Desktop\ELEC 291\gcc-arm-none-eabi-10.3-2021.10\arm-none-eabi\lib\thumb\v6-m\nofp\libc_nano.a(lib_a-fflush.o)
                              collision.o (fflush)
C:\Users\wayne\Desktop\ELEC 291\gcc-arm-none-eabi-10.3-2021.10\arm-none-eabi\lib\thumb\v6-m\nofp\libc_nano.a(lib_a-findfp.o)
                              C:\Users\wayne\Desktop\ELEC 291\gcc-arm-none-eabi-10.3-2021.10\arm-none-eabi\lib\thumb\v6-m\nofp\libc_nano.a(lib_a-fflush.o) (__sinit)
C:\Users\wayne\Desktop\ELEC 291\gcc-arm-none-eabi-10.3-2021.10\arm-none-eabi\lib\thumb\v6-m\nofp\libc_nano.a(lib_a-fwalk.o)
                              C:\Users\wayne\Desktop\ELEC 291\gcc-arm-none-eabi-10.3-2021.10\arm-none-eabi\lib\thumb\v6-m\nofp\libc_nano.a(lib_a-findfp.o) (_fwalk)
C:\Users\wayne\Desktop\ELEC 291\gcc-arm-none-eabi-10.3-2021.10\arm-none-eabi\lib\thumb\v6-m\nofp\libc_nano.a(lib_a-impure.o)
                              C:\Users\wayne\Desktop\ELEC 291\gcc-arm-none-eabi-10.3-2021.10\arm-none-eabi\lib\thumb\v6-m\nofp\libc_nano.a(lib_a-fflush.o) (_global_impure_ptr)
C:\Users\wayne\Desktop\ELEC 291\gcc-arm-none-eabi-10.3-2021.10\arm-none-eabi\lib\thumb\v6-m\nofp\libc_nano.a(lib_a-lock.o)
                              C:\Users\wayne\Desktop\ELEC 291\gcc-arm-none-eabi-10.3-2021.10\arm-none-eabi\lib\thumb\v6-m\nofp\libc_nano.a(lib_a-findfp.o) (__retarget_lock_init_recursive)
[...]
Memory Configuration

Name             Origin             Length             Attributes
flash            0x08000000         0x00010000
ram              0x20000000         0x00002000
*default*        0x00000000         0xffffffff

Linker script and memory map

LOAD main.o
LOAD startup.o
LOAD serial.o
LOAD newlib_stubs.o
LOAD collision.o
LOAD motor.o
LOAD ADC.o
LOAD decoder.o
LOAD uart.o
LOAD vl53l0x.o
LOAD C:\Users\wayne\Desktop\ELEC 291\gcc-arm-none-eabi-10.3-2021.10\arm-none-eabi\lib\thumb\v6-m\nofp\libnosys.a
LOAD C:\Users\wayne\Desktop\ELEC 291\gcc-arm-none-eabi-10.3-2021.10\lib\gcc\arm-none-eabi\10.3.1\thumb\v6-m\nofp\libgcc.a
START GROUP
LOAD C:\Users\wayne\Desktop\ELEC 291\gcc-arm-none-eabi-10.3-2021.10\lib\gcc\arm-none-eabi\10.3.1\thumb\v6-m\nofp\libgcc.a
LOAD C:\Users\wayne\Desktop\ELEC 291\gcc-arm-none-eabi-10.3-2021.10\arm-none-eabi\lib\thumb\v6-m\nofp\libc_nano.a
LOAD C:\Users\wayne\Desktop\ELEC 291\gcc-arm-none-eabi-10.3-2021.10\arm-none-eabi\lib\thumb\v6-m\nofp\libm.a
END GROUP

.text           0x08000000     0x947c
 *(.vectors)
 .vectors       0x08000000       0xb8 startup.o
                0x08000000                Vectors
 *(.after_vectors*)
 .after_vectors
                0x080000b8       0x28 startup.o
                0x080000b8                ResetInit
 *(.text*)
 .text          0x080000e0      0x1e0 main.o
                0x080000e0                delay
                0x080000fe                wait_1ms
                0x08000138                waitms
                0x0800015a                GetPeriod
                0x08000254                main
 .text          0x080002c0      0x1a8 startup.o
                0x08000338                initClock
                0x08000440                EXTI2_3_Handler
                0x08000440                TIM21_Handler
                0x08000440                SysTick_Handler
                0x08000440                I2C1_Handler
                0x08000440                PendSV_Handler
                0x08000440                NMI_Handler
                0x08000440                WWDG_Handler
                0x08000440                RTC_Handler
                0x08000440                EXTI4_15_Handler
                0x08000440                TIM2_Handler
                0x08000440                DMA_CH4_5_6_7_Handler
                0x08000440                Default_Handler
                0x08000440                LPUART1_Handler
                0x08000440                FLASH_Handler
                0x08000440                EXTI0_1_Handler
                0x08000440                DMA_CH1_Handler
                0x08000440                SPI2_Handler
                0x08000440                DMA_CH2_3_Handler
                0x08000440                I2C2_Handler
                0x08000440                SVC_Handler
                0x08000440                LPTIM1_Handler
                0x08000440                USART2_Handler
                0x08000440                SPI1_Handler
                0x08000440                RCC_Handler
                0x08000440                PVD_Handler
                0x08000440                TIM6_Handler
                0x08000440                ADC_COMP_Handler
                0x08000454                Hard_Fault_Handler
 .text          0x08000468      0x5b4 serial.o
                0x08000468                ReadCom
                0x080004dc                WriteCom
                0x0800057c                initUART
                0x080006cc                USART1_Handler
                0x080006f8                usart_rx
                0x08000728                usart_tx
                0x08000790                PutBuf
                0x080007f2                GetBuf
                0x08000848                GetBufCount
                0x0800085c                eputs
                0x08000898                eputc
                0x080008b6                egetc
                0x080008d0                egets
                0x0800095c                egetc_echo
                0x08000982                egets_echo
 .text          0x08000a1c      0x29c newlib_stubs.o
                0x08000a1c                _exit
                0x08000a26                _close
                0x08000a3a                _execve
                0x08000a5c                _fork
                0x08000a74                _fstat
                0x08000a90                _getpid
                0x08000a9c                _kill
                0x08000abc                _link
                0x08000adc                _lseek
                0x08000af2                _stat
                0x08000b0e                _times
                0x08000b22                _unlink
                0x08000b40                _wait
                0x08000b60                _isatty
                0x08000b88                _sbrk
                0x08000bec                _read
                0x08000c64                _write
 .text          0x08000cb8      0x414 collision.o
                0x08000cb8                I2C_init
                0x08000d54                i2c_read_addr8_data8
                0x08000df4                i2c_read_addr8_data16
                0x08000eb8                i2c_write_addr8_data8
                0x08000f38                validate_I2C_interface
                0x08000ffc                coll_init
                0x08001074                coll_loop
 .text          0x080010cc      0x47c motor.o
                0x080010cc                Motor_Init
                0x08001250                Motor_SetPWM
                0x08001300                PID_Init
                0x08001334                PID_Compute
                0x08001434                Motor_Drive
 .text          0x08001548      0x120 ADC.o
                0x08001548                ADC_Init
                0x0800160c                ADC_Read_Channel
 .text          0x08001668      0x2a0 decoder.o
                0x08001694                initialize_decoder
                0x0800171c                initialize_timer22
                0x080017a0                TIM22_Handler
                0x0800182c                decode
 .text          0x08001908      0x168 uart.o
                0x08001908                UART2_Init
                0x0800199c                UART2_WriteChar
                0x080019c8                UART2_WriteString
                0x080019f2                UART2_WriteInt
 .text          0x08001a70      0xdd8 vl53l0x.o
                0x0800261c                vl53l0x_init
                0x08002680                vl53l0x_read_range_single
 .text          0x08002848        0x0 C:\Users\wayne\Desktop\ELEC 291\gcc-arm-none-eabi-10.3-2021.10\arm-none-eabi\lib\thumb\v6-m\nofp\libnosys.a(errno.o)
 .text          0x08002848      0x114 C:\Users\wayne\Desktop\ELEC 291\gcc-arm-none-eabi-10.3-2021.10\lib\gcc\arm-none-eabi\10.3.1\thumb\v6-m\nofp\libgcc.a(_udivsi3.o)
                0x08002848                __aeabi_uidiv
                0x08002848                __udivsi3
                0x08002954                __aeabi_uidivmod
 .text          0x0800295c      0x1d4 C:\Users\wayne\Desktop\ELEC 291\gcc-arm-none-eabi-10.3-2021.10\lib\gcc\arm-none-eabi\10.3.1\thumb\v6-m\nofp\libgcc.a(_divsi3.o)
                0x0800295c                __divsi3
                0x0800295c                __aeabi_idiv
                0x08002b28                __aeabi_idivmod
 .text          0x08002b30        0x4 C:\Users\wayne\Desktop\ELEC 291\gcc-arm-none-eabi-10.3-2021.10\lib\gcc\arm-none-eabi\10.3.1\thumb\v6-m\nofp\libgcc.a(_dvmd_tls.o)
                0x08002b30                __aeabi_idiv0
                0x08002b30                __aeabi_ldiv0
 .text          0x08002b34       0x74 C:\Users\wayne\Desktop\ELEC 291\gcc-arm-none-eabi-10.3-2021.10\lib\gcc\arm-none-eabi\10.3.1\thumb\v6-m\nofp\libgcc.a(_arm_cmpsf2.o)
                0x08002b34                __aeabi_cfrcmple
                0x08002b3c                __aeabi_cfcmpeq
                0x08002b3c                __aeabi_cfcmple
                0x08002b4c                __aeabi_fcmpeq
                0x08002b58                __aeabi_fcmplt
                0x08002b6c                __aeabi_fcmple
                0x08002b80                __aeabi_fcmpgt
                0x08002b94                __aeabi_fcmpge
 .text          0x08002ba8      0x33c C:\Users\wayne\Desktop\ELEC 291\gcc-arm-none-eabi-10.3-2021.10\lib\gcc\arm-none-eabi\10.3.1\thumb\v6-m\nofp\libgcc.a(addsf3.o)
                0x08002ba8                __aeabi_fadd
 .text          0x08002ee4      0x230 C:\Users\wayne\Desktop\ELEC 291\gcc-arm-none-eabi-10.3-2021.10\lib\gcc\arm-none-eabi\10.3.1\thumb\v6-m\nofp\libgcc.a(divsf3.o)
                0x08002ee4                __aeabi_fdiv
 .text          0x08003114       0x4c C:\Users\wayne\Desktop\ELEC 291\gcc-arm-none-eabi-10.3-2021.10\lib\gcc\arm-none-eabi\10.3.1\thumb\v6-m\nofp\libgcc.a(eqsf2.o)
                0x08003114                __eqsf2
                0x08003114                __nesf2
 .text          0x08003160       0x8c C:\Users\wayne\Desktop\ELEC 291\gcc-arm-none-eabi-10.3-2021.10\lib\gcc\arm-none-eabi\10.3.1\thumb\v6-m\nofp\libgcc.a(gesf2.o)
                0x08003160                __gesf2
                0x08003160                __gtsf2
 .text          0x080031ec       0x88 C:\Users\wayne\Desktop\ELEC 291\gcc-arm-none-eabi-10.3-2021.10\lib\gcc\arm-none-eabi\10.3.1\thumb\v6-m\nofp\libgcc.a(lesf2.o)
                0x080031ec                __ltsf2
                0x080031ec                __lesf2
 .text          0x08003274      0x24c C:\Users\wayne\Desktop\ELEC 291\gcc-arm-none-eabi-10.3-2021.10\lib\gcc\arm-none-eabi\10.3.1\thumb\v6-m\nofp\libgcc.a(mulsf3.o)
                0x08003274                __aeabi_fmul
 .text          0x080034c0      0x35c C:\Users\wayne\Desktop\ELEC 291\gcc-arm-none-eabi-10.3-2021.10\lib\gcc\arm-none-eabi\10.3.1\thumb\v6-m\nofp\libgcc.a(subsf3.o)
                0x080034c0                __aeabi_fsub
 .text          0x0800381c       0x40 C:\Users\wayne\Desktop\ELEC 291\gcc-arm-none-eabi-10.3-2021.10\lib\gcc\arm-none-eabi\10.3.1\thumb\v6-m\nofp\libgcc.a(fixsfsi.o)
                0x0800381c                __aeabi_f2iz
 .text          0x0800385c       0x9c C:\Users\wayne\Desktop\ELEC 291\gcc-arm-none-eabi-10.3-2021.10\lib\gcc\arm-none-eabi\10.3.1\thumb\v6-m\nofp\libgcc.a(floatsisf.o)
                0x0800385c                __aeabi_i2f
 .text          0x080038f8       0x84 C:\Users\wayne\Desktop\ELEC 291\gcc-arm-none-eabi-10.3-2021.10\lib\gcc\arm-none-eabi\10.3.1\thumb\v6-m\nofp\libgcc.a(floatunsisf.o)
                0x080038f8                __aeabi_ui2f
 .text          0x0800397c       0x3c C:\Users\wayne\Desktop\ELEC 291\gcc-arm-none-eabi-10.3-2021.10\lib\gcc\arm-none-eabi\10.3.1\thumb\v6-m\nofp\libgcc.a(_clzsi2.o)
                0x0800397c                __clzsi2
 .text          0x080039b8        0x0 C:\Users\wayne\Desktop\ELEC 291\gcc-arm-none-eabi-10.3-2021.10\arm-none-eabi\lib\thumb\v6-m\nofp\libc_nano.a(lib_a-fflush.o)
 .text.__sflush_r
                0x080039b8      0x118 C:\Users\wayne\Desktop\ELEC 291\gcc-arm-none-eabi-10.3-2021.10\arm-none-eabi\lib\thumb\v6-m\nofp\libc_nano.a(lib_a-fflush.o)
                0x080039b8                __sflush_r
 .text._fflush_r
                0x08003ad0       0x80 C:\Users\wayne\Desktop\ELEC 291\gcc-arm-none-eabi-10.3-2021.10\arm-none-eabi\lib\thumb\v6-m\nofp\libc_nano.a(lib_a-fflush.o)
                0x08003ad0                _fflush_r
 .text.fflush   0x08003b50       0x2c C:\Users\wayne\Desktop\ELEC 291\gcc-arm-none-eabi-10.3-2021.10\arm-none-eabi\lib\thumb\v6-m\nofp\libc_nano.a(lib_a-fflush.o)
                0x08003b50                fflush
 .text          0x08003b7c        0x0 C:\Users\wayne\Desktop\ELEC 291\gcc-arm-none-eabi-10.3-2021.10\arm-none-eabi\lib\thumb\v6-m\nofp\libc_nano.a(lib_a-findfp.o)
 .text.std      0x08003b7c       0x48 C:\Users\wayne\Desktop\ELEC 291\gcc-arm-none-eabi-10.3-2021.10\arm-none-eabi\lib\thumb\v6-m\nofp\libc_nano.a(lib_a-findfp.o)
 .text._cleanup_r
                0x08003bc4       0x10 C:\Users\wayne\Desktop\ELEC 291\gcc-arm-none-eabi-10.3-2021.10\arm-none-eabi\lib\thumb\v6-m\nofp\libc_nano.a(lib_a-findfp.o)
                0x08003bc4                _cleanup_r
 .text.__fp_lock
                0x08003bd4       0x18 C:\Users\wayne\Desktop\ELEC 291\gcc-arm-none-eabi-10.3-2021.10\arm-none-eabi\lib\thumb\v6-m\nofp\libc_nano.a(lib_a-findfp.o)
 .text.__fp_unlock
                0x08003bec       0x18 C:\Users\wayne\Desktop\ELEC 291\gcc-arm-none-eabi-10.3-2021.10\arm-none-eabi\lib\thumb\v6-m\nofp\libc_nano.a(lib_a-findfp.o)
 .text.__sfmoreglue
                0x08003c04       0x2c C:\Users\wayne\Desktop\ELEC 291\gcc-arm-none-eabi-10.3-2021.10\arm-none-eabi\lib\thumb\v6-m\nofp\libc_nano.a(lib_a-findfp.o)
                0x08003c04                __sfmoreglue
 .text._cleanup
                0x08003c30       0x10 C:\Users\wayne\Desktop\ELEC 291\gcc-arm-none-eabi-10.3-2021.10\arm-none-eabi\lib\thumb\v6-m\nofp\libc_nano.a(lib_a-findfp.o)
                0x08003c30                _cleanup
 .text.__sfp_lock_acquire
                0x08003c40       0x10 C:\Users\wayne\Desktop\ELEC 291\gcc-arm-none-eabi-10.3-2021.10\arm-none-eabi\lib\thumb\v6-m\nofp\libc_nano.a(lib_a-findfp.o)
                0x08003c40                __sfp_lock_acquire
 .text.__sfp_lock_release
                0x08003c50       0x10 C:\Users\wayne\Desktop\ELEC 291\gcc-arm-none-eabi-10.3-2021.10\arm-none-eabi\lib\thumb\v6-m\nofp\libc_nano.a(lib_a-findfp.o)
                0x08003c50                __sfp_lock_release
 .text.__sinit_lock_acquire
                0x08003c60       0x10 C:\Users\wayne\Desktop\ELEC 291\gcc-arm-none-eabi-10.3-2021.10\arm-none-eabi\lib\thumb\v6-m\nofp\libc_nano.a(lib_a-findfp.o)
                0x08003c60                __sinit_lock_acquire
 .text.__sinit_lock_release
                0x08003c70       0x10 C:\Users\wayne\Desktop\ELEC 291\gcc-arm-none-eabi-10.3-2021.10\arm-none-eabi\lib\thumb\v6-m\nofp\libc_nano.a(lib_a-findfp.o)
                0x08003c70                __sinit_lock_release
 .text.__sinit  0x08003c80       0x70 C:\Users\wayne\Desktop\ELEC 291\gcc-arm-none-eabi-10.3-2021.10\arm-none-eabi\lib\thumb\v6-m\nofp\libc_nano.a(lib_a-findfp.o)
                0x08003c80                __sinit
 .text.__sfp    0x08003cf0       0x90 C:\Users\wayne\Desktop\ELEC 291\gcc-arm-none-eabi-10.3-2021.10\arm-none-eabi\lib\thumb\v6-m\nofp\libc_nano.a(lib_a-findfp.o)
                0x08003cf0                __sfp
 .text.__fp_lock_all
                0x08003d80       0x1c C:\Users\wayne\Desktop\ELEC 291\gcc-arm-none-eabi-10.3-2021.10\arm-none-eabi\lib\thumb\v6-m\nofp\libc_nano.a(lib_a-findfp.o)
                0x08003d80                __fp_lock_all
 .text.__fp_unlock_all
                0x08003d9c       0x1c C:\Users\wayne\Desktop\ELEC 291\gcc-arm-none-eabi-10.3-2021.10\arm-none-eabi\lib\thumb\v6-m\nofp\libc_nano.a(lib_a-findfp.o)
                0x08003d9c                __fp_unlock_all
 .text          0x08003db8        0x0 C:\Users\wayne\Desktop\ELEC 291\gcc-arm-none-eabi-10.3-2021.10\arm-none-eabi\lib\thumb\v6-m\nofp\libc_nano.a(lib_a-fwalk.o)
 .text._fwalk   0x08003db8       0x36 C:\Users\wayne\Desktop\ELEC 291\gcc-arm-none-eabi-10.3-2021.10\arm-none-eabi\lib\thumb\v6-m\nofp\libc_nano.a(lib_a-fwalk.o)
                0x08003db8                _fwalk
 .text._fwalk_reent
                0x08003dee       0x40 C:\Users\wayne\Desktop\ELEC 291\gcc-arm-none-eabi-10.3-2021.10\arm-none-eabi\lib\thumb\v6-m\nofp\libc_nano.a(lib_a-fwalk.o)
                0x08003dee                _fwalk_reent
 .text          0x08003e2e        0x0 C:\Users\wayne\Desktop\ELEC 291\gcc-arm-none-eabi-10.3-2021.10\arm-none-eabi\lib\thumb\v6-m\nofp\libc_nano.a(lib_a-impure.o)
 .text          0x08003e2e        0x0 C:\Users\wayne\Desktop\ELEC 291\gcc-arm-none-eabi-10.3-2021.10\arm-none-eabi\lib\thumb\v6-m\nofp\libc_nano.a(lib_a-lock.o)
 .text.__retarget_lock_init
                0x08003e2e        0x2 C:\Users\wayne\Desktop\ELEC 291\gcc-arm-none-eabi-10.3-2021.10\arm-none-eabi\lib\thumb\v6-m\nofp\libc_nano.a(lib_a-lock.o)
                0x08003e2e                __retarget_lock_init
 .text.__retarget_lock_init_recursive
                0x08003e30        0x2 C:\Users\wayne\Desktop\ELEC 291\gcc-arm-none-eabi-10.3-2021.10\arm-none-eabi\lib\thumb\v6-m\nofp\libc_nano.a(lib_a-lock.o)
                0x08003e30                __retarget_lock_init_recursive
 .text.__retarget_lock_close
                0x08003e32        0x2 C:\Users\wayne\Desktop\ELEC 291\gcc-arm-none-eabi-10.3-2021.10\arm-none-eabi\lib\thumb\v6-m\nofp\libc_nano.a(lib_a-lock.o)
                0x08003e32                __retarget_lock_close
 .text.__retarget_lock_close_recursive
                0x08003e34        0x2 C:\Users\wayne\Desktop\ELEC 291\gcc-arm-none-eabi-10.3-2021.10\arm-none-eabi\lib\thumb\v6-m\nofp\libc_nano.a(lib_a-lock.o)
                0x08003e34                __retarget_lock_close_recursive
 .text.__retarget_lock_acquire
                0x08003e36        0x2 C:\Users\wayne\Desktop\ELEC 291\gcc-arm-none-eabi-10.3-2021.10\arm-none-eabi\lib\thumb\v6-m\nofp\libc_nano.a(lib_a-lock.o)
                0x08003e36                __retarget_lock_acquire
 .text.__retarget_lock_acquire_recursive
                0x08003e38        0x2 C:\Users\wayne\Desktop\ELEC 291\gcc-arm-none-eabi-10.3-2021.10\arm-none-eabi\lib\thumb\v6-m\nofp\libc_nano.a(lib_a-lock.o)
                0x08003e38                __retarget_lock_acquire_recursive
 .text.__retarget_lock_try_acquire
                0x08003e3a        0x4 C:\Users\wayne\Desktop\ELEC 291\gcc-arm-none-eabi-10.3-2021.10\arm-none-eabi\lib\thumb\v6-m\nofp\libc_nano.a(lib_a-lock.o)
                0x08003e3a                __retarget_lock_try_acquire
 .text.__retarget_lock_try_acquire_recursive
                0x08003e3e        0x4 C:\Users\wayne\Desktop\ELEC 291\gcc-arm-none-eabi-10.3-2021.10\arm-none-eabi\lib\thumb\v6-m\nofp\libc_nano.a(lib_a-lock.o)
                0x08003e3e                __retarget_lock_try_acquire_recursive
 .text.__retarget_lock_release
                0x08003e42        0x2 C:\Users\wayne\Desktop\ELEC 291\gcc-arm-none-eabi-10.3-2021.10\arm-none-eabi\lib\thumb\v6-m\nofp\libc_nano.a(lib_a-lock.o)
                0x08003e42                __retarget_lock_release
 .text.__retarget_lock_release_recursive
                0x08003e44        0x2 C:\Users\wayne\Desktop\ELEC 291\gcc-arm-none-eabi-10.3-2021.10\arm-none-eabi\lib\thumb\v6-m\nofp\libc_nano.a(lib_a-lock.o)
                0x08003e44                __retarget_lock_release_recursive
 .text          0x08003e46        0x0 C:\Users\wayne\Desktop\ELEC 291\gcc-arm-none-eabi-10.3-2021.10\arm-none-eabi\lib\thumb\v6-m\nofp\libc_nano.a(lib_a-memset.o)
 .text.memset   0x08003e46       0x10 C:\Users\wayne\Desktop\ELEC 291\gcc-arm-none-eabi-10.3-2021.10\arm-none-eabi\lib\thumb\v6-m\nofp\libc_nano.a(lib_a-memset.o)
                0x08003e46                memset
 .text          0x08003e56        0x0 C:\Users\wayne\Desktop\ELEC 291\gcc-arm-none-eabi-10.3-2021.10\arm-none-eabi\lib\thumb\v6-m\nofp\libc_nano.a(lib_a-nano-freer.o)
 *fill*         0x08003e56        0x2 
 .text._free_r  0x08003e58       0x94 C:\Users\wayne\Desktop\ELEC 291\gcc-arm-none-eabi-10.3-2021.10\arm-none-eabi\lib\thumb\v6-m\nofp\libc_nano.a(lib_a-nano-freer.o)
                0x08003e58                _free_r
 .text          0x08003eec        0x0 C:\Users\wayne\Desktop\ELEC 291\gcc-arm-none-eabi-10.3-2021.10\arm-none-eabi\lib\thumb\v6-m\nofp\libc_nano.a(lib_a-nano-mallocr.o)
 .text.sbrk_aligned
                0x08003eec       0x44 C:\Users\wayne\Desktop\ELEC 291\gcc-arm-none-eabi-10.3-2021.10\arm-none-eabi\lib\thumb\v6-m\nofp\libc_nano.a(lib_a-nano-mallocr.o)
 .text._malloc_r
                0x08003f30       0xec C:\Users\wayne\Desktop\ELEC 291\gcc-arm-none-eabi-10.3-2021.10\arm-none-eabi\lib\thumb\v6-m\nofp\libc_nano.a(lib_a-nano-mallocr.o)
                0x08003f30                _malloc_r
 .text          0x0800401c        0x0 C:\Users\wayne\Desktop\ELEC 291\gcc-arm-none-eabi-10.3-2021.10\arm-none-eabi\lib\thumb\v6-m\nofp\libc_nano.a(lib_a-nano-vfprintf_float.o)
 .text.__cvt    0x0800401c       0xc6 C:\Users\wayne\Desktop\ELEC 291\gcc-arm-none-eabi-10.3-2021.10\arm-none-eabi\lib\thumb\v6-m\nofp\libc_nano.a(lib_a-nano-vfprintf_float.o)
                0x0800401c                __cvt
 .text.__exponent
                0x080040e2       0x8e C:\Users\wayne\Desktop\ELEC 291\gcc-arm-none-eabi-10.3-2021.10\arm-none-eabi\lib\thumb\v6-m\nofp\libc_nano.a(lib_a-nano-vfprintf_float.o)
                0x080040e2                __exponent
 .text._printf_float
                0x08004170      0x484 C:\Users\wayne\Desktop\ELEC 291\gcc-arm-none-eabi-10.3-2021.10\arm-none-eabi\lib\thumb\v6-m\nofp\libc_nano.a(lib_a-nano-vfprintf_float.o)
                0x08004170                _printf_float
 .text          0x080045f4        0x0 C:\Users\wayne\Desktop\ELEC 291\gcc-arm-none-eabi-10.3-2021.10\arm-none-eabi\lib\thumb\v6-m\nofp\libc_nano.a(lib_a-nano-vfprintf_i.o)
 .text._printf_common
                0x080045f4       0xde C:\Users\wayne\Desktop\ELEC 291\gcc-arm-none-eabi-10.3-2021.10\arm-none-eabi\lib\thumb\v6-m\nofp\libc_nano.a(lib_a-nano-vfprintf_i.o)
                0x080045f4                _printf_common
 *fill*         0x080046d2        0x2 
 .text._printf_i
                0x080046d4      0x224 C:\Users\wayne\Desktop\ELEC 291\gcc-arm-none-eabi-10.3-2021.10\arm-none-eabi\lib\thumb\v6-m\nofp\libc_nano.a(lib_a-nano-vfprintf_i.o)
                0x080046d4                _printf_i
 .text          0x080048f8        0x0 C:\Users\wayne\Desktop\ELEC 291\gcc-arm-none-eabi-10.3-2021.10\arm-none-eabi\lib\thumb\v6-m\nofp\libc_nano.a(lib_a-printf.o)
 .text._printf_r
                0x080048f8       0x28 C:\Users\wayne\Desktop\ELEC 291\gcc-arm-none-eabi-10.3-2021.10\arm-none-eabi\lib\thumb\v6-m\nofp\libc_nano.a(lib_a-printf.o)
                0x080048f8                _iprintf_r
                0x080048f8                _printf_r
 .text.printf   0x08004920       0x34 C:\Users\wayne\Desktop\ELEC 291\gcc-arm-none-eabi-10.3-2021.10\arm-none-eabi\lib\thumb\v6-m\nofp\libc_nano.a(lib_a-printf.o)
                0x08004920                iprintf
                0x08004920                printf
 .text          0x08004954        0x0 C:\Users\wayne\Desktop\ELEC 291\gcc-arm-none-eabi-10.3-2021.10\arm-none-eabi\lib\thumb\v6-m\nofp\libc_nano.a(lib_a-putchar.o)
 .text._putchar_r
                0x08004954       0x20 C:\Users\wayne\Desktop\ELEC 291\gcc-arm-none-eabi-10.3-2021.10\arm-none-eabi\lib\thumb\v6-m\nofp\libc_nano.a(lib_a-putchar.o)
                0x08004954                _putchar_r
 .text.putchar  0x08004974       0x28 C:\Users\wayne\Desktop\ELEC 291\gcc-arm-none-eabi-10.3-2021.10\arm-none-eabi\lib\thumb\v6-m\nofp\libc_nano.a(lib_a-putchar.o)
                0x08004974                putchar
 .text          0x0800499c        0x0 C:\Users\wayne\Desktop\ELEC 291\gcc-arm-none-eabi-10.3-2021.10\arm-none-eabi\lib\thumb\v6-m\nofp\libc_nano.a(lib_a-puts.o)
 .text._puts_r  0x0800499c       0xe4 C:\Users\wayne\Desktop\ELEC 291\gcc-arm-none-eabi-10.3-2021.10\arm-none-eabi\lib\thumb\v6-m\nofp\libc_nano.a(lib_a-puts.o)
                0x0800499c                _puts_r
 .text.puts     0x08004a80       0x14 C:\Users\wayne\Desktop\ELEC 291\gcc-arm-none-eabi-10.3-2021.10\arm-none-eabi\lib\thumb\v6-m\nofp\libc_nano.a(lib_a-puts.o)
                0x08004a80                puts
 .text          0x08004a94        0x0 C:\Users\wayne\Desktop\ELEC 291\gcc-arm-none-eabi-10.3-2021.10\arm-none-eabi\lib\thumb\v6-m\nofp\libc_nano.a(lib_a-sbrkr.o)
 .text._sbrk_r  0x08004a94       0x24 C:\Users\wayne\Desktop\ELEC 291\gcc-arm-none-eabi-10.3-2021.10\arm-none-eabi\lib\thumb\v6-m\nofp\libc_nano.a(lib_a-sbrkr.o)
                0x08004a94                _sbrk_r
 .text          0x08004ab8        0x0 C:\Users\wayne\Desktop\ELEC 291\gcc-arm-none-eabi-10.3-2021.10\arm-none-eabi\lib\thumb\v6-m\nofp\libc_nano.a(lib_a-stdio.o)
 .text.__sread  0x08004ab8       0x28 C:\Users\wayne\Desktop\ELEC 291\gcc-arm-none-eabi-10.3-2021.10\arm-none-eabi\lib\thumb\v6-m\nofp\libc_nano.a(lib_a-stdio.o)
                0x08004ab8                __sread
 .text.__seofread
                0x08004ae0        0x4 C:\Users\wayne\Desktop\ELEC 291\gcc-arm-none-eabi-10.3-2021.10\arm-none-eabi\lib\thumb\v6-m\nofp\libc_nano.a(lib_a-stdio.o)
                0x08004ae0                __seofread
 .text.__swrite
                0x08004ae4       0x38 C:\Users\wayne\Desktop\ELEC 291\gcc-arm-none-eabi-10.3-2021.10\arm-none-eabi\lib\thumb\v6-m\nofp\libc_nano.a(lib_a-stdio.o)
                0x08004ae4                __swrite
 .text.__sseek  0x08004b1c       0x2c C:\Users\wayne\Desktop\ELEC 291\gcc-arm-none-eabi-10.3-2021.10\arm-none-eabi\lib\thumb\v6-m\nofp\libc_nano.a(lib_a-stdio.o)
                0x08004b1c                __sseek
 .text.__sclose
                0x08004b48        0xc C:\Users\wayne\Desktop\ELEC 291\gcc-arm-none-eabi-10.3-2021.10\arm-none-eabi\lib\thumb\v6-m\nofp\libc_nano.a(lib_a-stdio.o)
                0x08004b48                __sclose
 .text          0x08004b54        0xe C:\Users\wayne\Desktop\ELEC 291\gcc-arm-none-eabi-10.3-2021.10\arm-none-eabi\lib\thumb\v6-m\nofp\libc_nano.a(lib_a-strlen.o)
                0x08004b54                strlen
 .text          0x08004b62        0x0 C:\Users\wayne\Desktop\ELEC 291\gcc-arm-none-eabi-10.3-2021.10\arm-none-eabi\lib\thumb\v6-m\nofp\libc_nano.a(lib_a-wbuf.o)
 *fill*         0x08004b62        0x2 
 .text.__swbuf_r
                0x08004b64       0xac C:\Users\wayne\Desktop\ELEC 291\gcc-arm-none-eabi-10.3-2021.10\arm-none-eabi\lib\thumb\v6-m\nofp\libc_nano.a(lib_a-wbuf.o)
                0x08004b64                __swbuf_r
 .text.__swbuf  0x08004c10       0x14 C:\Users\wayne\Desktop\ELEC 291\gcc-arm-none-eabi-10.3-2021.10\arm-none-eabi\lib\thumb\v6-m\nofp\libc_nano.a(lib_a-wbuf.o)
                0x08004c10                __swbuf
 .text          0x08004c24        0x0 C:\Users\wayne\Desktop\ELEC 291\gcc-arm-none-eabi-10.3-2021.10\arm-none-eabi\lib\thumb\v6-m\nofp\libc_nano.a(lib_a-writer.o)
 .text._write_r
                0x08004c24       0x28 C:\Users\wayne\Desktop\ELEC 291\gcc-arm-none-eabi-10.3-2021.10\arm-none-eabi\lib\thumb\v6-m\nofp\libc_nano.a(lib_a-writer.o)
                0x08004c24                _write_r
 .text          0x08004c4c        0x0 C:\Users\wayne\Desktop\ELEC 291\gcc-arm-none-eabi-10.3-2021.10\arm-none-eabi\lib\thumb\v6-m\nofp\libc_nano.a(lib_a-wsetup.o)
 .text.__swsetup_r
                0x08004c4c       0xf0 C:\Users\wayne\Desktop\ELEC 291\gcc-arm-none-eabi-10.3-2021.10\arm-none-eabi\lib\thumb\v6-m\nofp\libc_nano.a(lib_a-wsetup.o)
                0x08004c4c                __swsetup_r
 .text          0x08004d3c        0x0 C:\Users\wayne\Desktop\ELEC 291\gcc-arm-none-eabi-10.3-2021.10\arm-none-eabi\lib\thumb\v6-m\nofp\libc_nano.a(lib_a-closer.o)
 .text._close_r
                0x08004d3c       0x24 C:\Users\wayne\Desktop\ELEC 291\gcc-arm-none-eabi-10.3-2021.10\arm-none-eabi\lib\thumb\v6-m\nofp\libc_nano.a(lib_a-closer.o)
                0x08004d3c                _close_r
 .text          0x08004d60        0x0 C:\Users\wayne\Desktop\ELEC 291\gcc-arm-none-eabi-10.3-2021.10\arm-none-eabi\lib\thumb\v6-m\nofp\libc_nano.a(lib_a-dtoa.o)
 .text.quorem   0x08004d60      0x116 C:\Users\wayne\Desktop\ELEC 291\gcc-arm-none-eabi-10.3-2021.10\arm-none-eabi\lib\thumb\v6-m\nofp\libc_nano.a(lib_a-dtoa.o)
 *fill*         0x08004e76        0x2 
 .text._dtoa_r  0x08004e78      0xc34 C:\Users\wayne\Desktop\ELEC 291\gcc-arm-none-eabi-10.3-2021.10\arm-none-eabi\lib\thumb\v6-m\nofp\libc_nano.a(lib_a-dtoa.o)
                0x08004e78                _dtoa_r
 .text          0x08005aac        0x0 C:\Users\wayne\Desktop\ELEC 291\gcc-arm-none-eabi-10.3-2021.10\arm-none-eabi\lib\thumb\v6-m\nofp\libc_nano.a(lib_a-localeconv.o)
 .text.__localeconv_l
                0x08005aac        0x4 C:\Users\wayne\Desktop\ELEC 291\gcc-arm-none-eabi-10.3-2021.10\arm-none-eabi\lib\thumb\v6-m\nofp\libc_nano.a(lib_a-localeconv.o)
                0x08005aac                __localeconv_l
 .text._localeconv_r
                0x08005ab0        0x8 C:\Users\wayne\Desktop\ELEC 291\gcc-arm-none-eabi-10.3-2021.10\arm-none-eabi\lib\thumb\v6-m\nofp\libc_nano.a(lib_a-localeconv.o)
                0x08005ab0                _localeconv_r
 .text.localeconv
                0x08005ab8        0x8 C:\Users\wayne\Desktop\ELEC 291\gcc-arm-none-eabi-10.3-2021.10\arm-none-eabi\lib\thumb\v6-m\nofp\libc_nano.a(lib_a-localeconv.o)
                0x08005ab8                localeconv
 .text          0x08005ac0        0x0 C:\Users\wayne\Desktop\ELEC 291\gcc-arm-none-eabi-10.3-2021.10\arm-none-eabi\lib\thumb\v6-m\nofp\libc_nano.a(lib_a-lseekr.o)
 .text._lseek_r
                0x08005ac0       0x28 C:\Users\wayne\Desktop\ELEC 291\gcc-arm-none-eabi-10.3-2021.10\arm-none-eabi\lib\thumb\v6-m\nofp\libc_nano.a(lib_a-lseekr.o)
                0x08005ac0                _lseek_r
 .text          0x08005ae8        0x0 C:\Users\wayne\Desktop\ELEC 291\gcc-arm-none-eabi-10.3-2021.10\arm-none-eabi\lib\thumb\v6-m\nofp\libc_nano.a(lib_a-makebuf.o)
 .text.__swhatbuf_r
                0x08005ae8       0x50 C:\Users\wayne\Desktop\ELEC 291\gcc-arm-none-eabi-10.3-2021.10\arm-none-eabi\lib\thumb\v6-m\nofp\libc_nano.a(lib_a-makebuf.o)
                0x08005ae8                __swhatbuf_r
 .text.__smakebuf_r
                0x08005b38       0x88 C:\Users\wayne\Desktop\ELEC 291\gcc-arm-none-eabi-10.3-2021.10\arm-none-eabi\lib\thumb\v6-m\nofp\libc_nano.a(lib_a-makebuf.o)
                0x08005b38                __smakebuf_r
 .text          0x08005bc0        0x0 C:\Users\wayne\Desktop\ELEC 291\gcc-arm-none-eabi-10.3-2021.10\arm-none-eabi\lib\thumb\v6-m\nofp\libc_nano.a(lib_a-malloc.o)
 .text.malloc   0x08005bc0       0x14 C:\Users\wayne\Desktop\ELEC 291\gcc-arm-none-eabi-10.3-2021.10\arm-none-eabi\lib\thumb\v6-m\nofp\libc_nano.a(lib_a-malloc.o)
                0x08005bc0                malloc
 .text.free     0x08005bd4       0x14 C:\Users\wayne\Desktop\ELEC 291\gcc-arm-none-eabi-10.3-2021.10\arm-none-eabi\lib\thumb\v6-m\nofp\libc_nano.a(lib_a-malloc.o)
                0x08005bd4                free
 .text          0x08005be8        0x0 C:\Users\wayne\Desktop\ELEC 291\gcc-arm-none-eabi-10.3-2021.10\arm-none-eabi\lib\thumb\v6-m\nofp\libc_nano.a(lib_a-memchr-stub.o)
 .text.memchr   0x08005be8       0x16 C:\Users\wayne\Desktop\ELEC 291\gcc-arm-none-eabi-10.3-2021.10\arm-none-eabi\lib\thumb\v6-m\nofp\libc_nano.a(lib_a-memchr-stub.o)
                0x08005be8                memchr
 .text          0x08005bfe        0x0 C:\Users\wayne\Desktop\ELEC 291\gcc-arm-none-eabi-10.3-2021.10\arm-none-eabi\lib\thumb\v6-m\nofp\libc_nano.a(lib_a-memcpy-stub.o)
 .text.memcpy   0x08005bfe       0x12 C:\Users\wayne\Desktop\ELEC 291\gcc-arm-none-eabi-10.3-2021.10\arm-none-eabi\lib\thumb\v6-m\nofp\libc_nano.a(lib_a-memcpy-stub.o)
                0x08005bfe                memcpy
 .text          0x08005c10        0x0 C:\Users\wayne\Desktop\ELEC 291\gcc-arm-none-eabi-10.3-2021.10\arm-none-eabi\lib\thumb\v6-m\nofp\libc_nano.a(lib_a-mlock.o)
 .text.__malloc_lock
                0x08005c10       0x10 C:\Users\wayne\Desktop\ELEC 291\gcc-arm-none-eabi-10.3-2021.10\arm-none-eabi\lib\thumb\v6-m\nofp\libc_nano.a(lib_a-mlock.o)
                0x08005c10                __malloc_lock
 .text.__malloc_unlock
                0x08005c20       0x10 C:\Users\wayne\Desktop\ELEC 291\gcc-arm-none-eabi-10.3-2021.10\arm-none-eabi\lib\thumb\v6-m\nofp\libc_nano.a(lib_a-mlock.o)
                0x08005c20                __malloc_unlock
 .text          0x08005c30        0x0 C:\Users\wayne\Desktop\ELEC 291\gcc-arm-none-eabi-10.3-2021.10\arm-none-eabi\lib\thumb\v6-m\nofp\libc_nano.a(lib_a-mprec.o)
 .text._Balloc  0x08005c30       0x88 C:\Users\wayne\Desktop\ELEC 291\gcc-arm-none-eabi-10.3-2021.10\arm-none-eabi\lib\thumb\v6-m\nofp\libc_nano.a(lib_a-mprec.o)
                0x08005c30                _Balloc
 .text._Bfree   0x08005cb8       0x48 C:\Users\wayne\Desktop\ELEC 291\gcc-arm-none-eabi-10.3-2021.10\arm-none-eabi\lib\thumb\v6-m\nofp\libc_nano.a(lib_a-mprec.o)
                0x08005cb8                _Bfree
 .text.__multadd
                0x08005d00       0x88 C:\Users\wayne\Desktop\ELEC 291\gcc-arm-none-eabi-10.3-2021.10\arm-none-eabi\lib\thumb\v6-m\nofp\libc_nano.a(lib_a-mprec.o)
                0x08005d00                __multadd
 .text.__s2b    0x08005d88       0x98 C:\Users\wayne\Desktop\ELEC 291\gcc-arm-none-eabi-10.3-2021.10\arm-none-eabi\lib\thumb\v6-m\nofp\libc_nano.a(lib_a-mprec.o)
                0x08005d88                __s2b
 .text.__hi0bits
                0x08005e20       0x34 C:\Users\wayne\Desktop\ELEC 291\gcc-arm-none-eabi-10.3-2021.10\arm-none-eabi\lib\thumb\v6-m\nofp\libc_nano.a(lib_a-mprec.o)
                0x08005e20                __hi0bits
 .text.__lo0bits
                0x08005e54       0x5c C:\Users\wayne\Desktop\ELEC 291\gcc-arm-none-eabi-10.3-2021.10\arm-none-eabi\lib\thumb\v6-m\nofp\libc_nano.a(lib_a-mprec.o)
                0x08005e54                __lo0bits
 .text.__i2b    0x08005eb0       0x2c C:\Users\wayne\Desktop\ELEC 291\gcc-arm-none-eabi-10.3-2021.10\arm-none-eabi\lib\thumb\v6-m\nofp\libc_nano.a(lib_a-mprec.o)
                0x08005eb0                __i2b
 .text.__multiply
                0x08005edc      0x160 C:\Users\wayne\Desktop\ELEC 291\gcc-arm-none-eabi-10.3-2021.10\arm-none-eabi\lib\thumb\v6-m\nofp\libc_nano.a(lib_a-mprec.o)
                0x08005edc                __multiply
 .text.__pow5mult
                0x0800603c       0xb8 C:\Users\wayne\Desktop\ELEC 291\gcc-arm-none-eabi-10.3-2021.10\arm-none-eabi\lib\thumb\v6-m\nofp\libc_nano.a(lib_a-mprec.o)
                0x0800603c                __pow5mult
 .text.__lshift
                0x080060f4       0xdc C:\Users\wayne\Desktop\ELEC 291\gcc-arm-none-eabi-10.3-2021.10\arm-none-eabi\lib\thumb\v6-m\nofp\libc_nano.a(lib_a-mprec.o)
                0x080060f4                __lshift
 .text.__mcmp   0x080061d0       0x36 C:\Users\wayne\Desktop\ELEC 291\gcc-arm-none-eabi-10.3-2021.10\arm-none-eabi\lib\thumb\v6-m\nofp\libc_nano.a(lib_a-mprec.o)
                0x080061d0                __mcmp
 *fill*         0x08006206        0x2 
 .text.__mdiff  0x08006208      0x130 C:\Users\wayne\Desktop\ELEC 291\gcc-arm-none-eabi-10.3-2021.10\arm-none-eabi\lib\thumb\v6-m\nofp\libc_nano.a(lib_a-mprec.o)
                0x08006208                __mdiff
 .text.__ulp    0x08006338       0x48 C:\Users\wayne\Desktop\ELEC 291\gcc-arm-none-eabi-10.3-2021.10\arm-none-eabi\lib\thumb\v6-m\nofp\libc_nano.a(lib_a-mprec.o)
                0x08006338                __ulp
 .text.__b2d    0x08006380       0xa0 C:\Users\wayne\Desktop\ELEC 291\gcc-arm-none-eabi-10.3-2021.10\arm-none-eabi\lib\thumb\v6-m\nofp\libc_nano.a(lib_a-mprec.o)
                0x08006380                __b2d
 .text.__d2b    0x08006420       0xc8 C:\Users\wayne\Desktop\ELEC 291\gcc-arm-none-eabi-10.3-2021.10\arm-none-eabi\lib\thumb\v6-m\nofp\libc_nano.a(lib_a-mprec.o)
                0x08006420                __d2b
 .text.__ratio  0x080064e8       0x52 C:\Users\wayne\Desktop\ELEC 291\gcc-arm-none-eabi-10.3-2021.10\arm-none-eabi\lib\thumb\v6-m\nofp\libc_nano.a(lib_a-mprec.o)
                0x080064e8                __ratio
 *fill*         0x0800653a        0x2 
 .text._mprec_log10
                0x0800653c       0x34 C:\Users\wayne\Desktop\ELEC 291\gcc-arm-none-eabi-10.3-2021.10\arm-none-eabi\lib\thumb\v6-m\nofp\libc_nano.a(lib_a-mprec.o)
                0x0800653c                _mprec_log10
 .text.__copybits
                0x08006570       0x42 C:\Users\wayne\Desktop\ELEC 291\gcc-arm-none-eabi-10.3-2021.10\arm-none-eabi\lib\thumb\v6-m\nofp\libc_nano.a(lib_a-mprec.o)
                0x08006570                __copybits
 .text.__any_on
                0x080065b2       0x46 C:\Users\wayne\Desktop\ELEC 291\gcc-arm-none-eabi-10.3-2021.10\arm-none-eabi\lib\thumb\v6-m\nofp\libc_nano.a(lib_a-mprec.o)
                0x080065b2                __any_on
 .text          0x080065f8        0x0 C:\Users\wayne\Desktop\ELEC 291\gcc-arm-none-eabi-10.3-2021.10\arm-none-eabi\lib\thumb\v6-m\nofp\libc_nano.a(lib_a-nano-callocr.o)
 .text._calloc_r
                0x080065f8       0x58 C:\Users\wayne\Desktop\ELEC 291\gcc-arm-none-eabi-10.3-2021.10\arm-none-eabi\lib\thumb\v6-m\nofp\libc_nano.a(lib_a-nano-callocr.o)
                0x080065f8                _calloc_r
 .text          0x08006650        0x0 C:\Users\wayne\Desktop\ELEC 291\gcc-arm-none-eabi-10.3-2021.10\arm-none-eabi\lib\thumb\v6-m\nofp\libc_nano.a(lib_a-nano-vfprintf.o)
 .text.__sfputc_r
                0x08006650       0x2a C:\Users\wayne\Desktop\ELEC 291\gcc-arm-none-eabi-10.3-2021.10\arm-none-eabi\lib\thumb\v6-m\nofp\libc_nano.a(lib_a-nano-vfprintf.o)
 .text.__sfputs_r
                0x0800667a       0x24 C:\Users\wayne\Desktop\ELEC 291\gcc-arm-none-eabi-10.3-2021.10\arm-none-eabi\lib\thumb\v6-m\nofp\libc_nano.a(lib_a-nano-vfprintf.o)
                0x0800667a                __sfputs_r
 .text.__sprint_r
                0x0800669e       0x1c C:\Users\wayne\Desktop\ELEC 291\gcc-arm-none-eabi-10.3-2021.10\arm-none-eabi\lib\thumb\v6-m\nofp\libc_nano.a(lib_a-nano-vfprintf.o)
                0x0800669e                __sprint_r
 *fill*         0x080066ba        0x2 
 .text._vfprintf_r
                0x080066bc      0x274 C:\Users\wayne\Desktop\ELEC 291\gcc-arm-none-eabi-10.3-2021.10\arm-none-eabi\lib\thumb\v6-m\nofp\libc_nano.a(lib_a-nano-vfprintf.o)
                0x080066bc                _vfprintf_r
                0x080066bc                _vfiprintf_r
 .text.vfprintf
                0x08006930       0x18 C:\Users\wayne\Desktop\ELEC 291\gcc-arm-none-eabi-10.3-2021.10\arm-none-eabi\lib\thumb\v6-m\nofp\libc_nano.a(lib_a-nano-vfprintf.o)
                0x08006930                vfprintf
                0x08006930                vfiprintf
 .text          0x08006948        0x0 C:\Users\wayne\Desktop\ELEC 291\gcc-arm-none-eabi-10.3-2021.10\arm-none-eabi\lib\thumb\v6-m\nofp\libc_nano.a(lib_a-putc.o)
 .text._putc_r  0x08006948       0x94 C:\Users\wayne\Desktop\ELEC 291\gcc-arm-none-eabi-10.3-2021.10\arm-none-eabi\lib\thumb\v6-m\nofp\libc_nano.a(lib_a-putc.o)
                0x08006948                _putc_r
 .text.putc     0x080069dc       0x14 C:\Users\wayne\Desktop\ELEC 291\gcc-arm-none-eabi-10.3-2021.10\arm-none-eabi\lib\thumb\v6-m\nofp\libc_nano.a(lib_a-putc.o)
                0x080069dc                putc
 .text          0x080069f0        0x0 C:\Users\wayne\Desktop\ELEC 291\gcc-arm-none-eabi-10.3-2021.10\arm-none-eabi\lib\thumb\v6-m\nofp\libc_nano.a(lib_a-readr.o)
 .text._read_r  0x080069f0       0x28 C:\Users\wayne\Desktop\ELEC 291\gcc-arm-none-eabi-10.3-2021.10\arm-none-eabi\lib\thumb\v6-m\nofp\libc_nano.a(lib_a-readr.o)
                0x080069f0                _read_r
 .text          0x08006a18        0x0 C:\Users\wayne\Desktop\ELEC 291\gcc-arm-none-eabi-10.3-2021.10\arm-none-eabi\lib\thumb\v6-m\nofp\libc_nano.a(lib_a-assert.o)
 .text.__assert_func
                0x08006a18       0x3c C:\Users\wayne\Desktop\ELEC 291\gcc-arm-none-eabi-10.3-2021.10\arm-none-eabi\lib\thumb\v6-m\nofp\libc_nano.a(lib_a-assert.o)
                0x08006a18                __assert_func
 .text.__assert
                0x08006a54        0xa C:\Users\wayne\Desktop\ELEC 291\gcc-arm-none-eabi-10.3-2021.10\arm-none-eabi\lib\thumb\v6-m\nofp\libc_nano.a(lib_a-assert.o)
                0x08006a54                __assert
 .text          0x08006a5e        0x0 C:\Users\wayne\Desktop\ELEC 291\gcc-arm-none-eabi-10.3-2021.10\arm-none-eabi\lib\thumb\v6-m\nofp\libc_nano.a(lib_a-fprintf.o)
 .text._fprintf_r
                0x08006a5e       0x16 C:\Users\wayne\Desktop\ELEC 291\gcc-arm-none-eabi-10.3-2021.10\arm-none-eabi\lib\thumb\v6-m\nofp\libc_nano.a(lib_a-fprintf.o)
                0x08006a5e                _fiprintf_r
                0x08006a5e                _fprintf_r
 .text.fprintf  0x08006a74       0x20 C:\Users\wayne\Desktop\ELEC 291\gcc-arm-none-eabi-10.3-2021.10\arm-none-eabi\lib\thumb\v6-m\nofp\libc_nano.a(lib_a-fprintf.o)
                0x08006a74                fiprintf
                0x08006a74                fprintf
 .text          0x08006a94        0x0 C:\Users\wayne\Desktop\ELEC 291\gcc-arm-none-eabi-10.3-2021.10\arm-none-eabi\lib\thumb\v6-m\nofp\libc_nano.a(lib_a-fstatr.o)
 .text._fstat_r
                0x08006a94       0x24 C:\Users\wayne\Desktop\ELEC 291\gcc-arm-none-eabi-10.3-2021.10\arm-none-eabi\lib\thumb\v6-m\nofp\libc_nano.a(lib_a-fstatr.o)
                0x08006a94                _fstat_r
 .text          0x08006ab8        0x0 C:\Users\wayne\Desktop\ELEC 291\gcc-arm-none-eabi-10.3-2021.10\arm-none-eabi\lib\thumb\v6-m\nofp\libc_nano.a(lib_a-fvwrite.o)
 .text.__sfvwrite_r
                0x08006ab8      0x2d0 C:\Users\wayne\Desktop\ELEC 291\gcc-arm-none-eabi-10.3-2021.10\arm-none-eabi\lib\thumb\v6-m\nofp\libc_nano.a(lib_a-fvwrite.o)
                0x08006ab8                __sfvwrite_r
 .text          0x08006d88        0x0 C:\Users\wayne\Desktop\ELEC 291\gcc-arm-none-eabi-10.3-2021.10\arm-none-eabi\lib\thumb\v6-m\nofp\libc_nano.a(lib_a-isattyr.o)
 .text._isatty_r
                0x08006d88       0x24 C:\Users\wayne\Desktop\ELEC 291\gcc-arm-none-eabi-10.3-2021.10\arm-none-eabi\lib\thumb\v6-m\nofp\libc_nano.a(lib_a-isattyr.o)
                0x08006d88                _isatty_r
 .text          0x08006dac        0x0 C:\Users\wayne\Desktop\ELEC 291\gcc-arm-none-eabi-10.3-2021.10\arm-none-eabi\lib\thumb\v6-m\nofp\libc_nano.a(lib_a-locale.o)
 .text._setlocale_r
                0x08006dac       0x40 C:\Users\wayne\Desktop\ELEC 291\gcc-arm-none-eabi-10.3-2021.10\arm-none-eabi\lib\thumb\v6-m\nofp\libc_nano.a(lib_a-locale.o)
                0x08006dac                _setlocale_r
 .text.__locale_mb_cur_max
                0x08006dec       0x10 C:\Users\wayne\Desktop\ELEC 291\gcc-arm-none-eabi-10.3-2021.10\arm-none-eabi\lib\thumb\v6-m\nofp\libc_nano.a(lib_a-locale.o)
                0x08006dec                __locale_mb_cur_max
 .text.setlocale
                0x08006dfc       0x14 C:\Users\wayne\Desktop\ELEC 291\gcc-arm-none-eabi-10.3-2021.10\arm-none-eabi\lib\thumb\v6-m\nofp\libc_nano.a(lib_a-locale.o)
                0x08006dfc                setlocale
 .text          0x08006e10        0x0 C:\Users\wayne\Desktop\ELEC 291\gcc-arm-none-eabi-10.3-2021.10\arm-none-eabi\lib\thumb\v6-m\nofp\libc_nano.a(lib_a-mbtowc_r.o)
 .text._mbtowc_r
                0x08006e10       0x14 C:\Users\wayne\Desktop\ELEC 291\gcc-arm-none-eabi-10.3-2021.10\arm-none-eabi\lib\thumb\v6-m\nofp\libc_nano.a(lib_a-mbtowc_r.o)
                0x08006e10                _mbtowc_r
 .text.__ascii_mbtowc
                0x08006e24       0x24 C:\Users\wayne\Desktop\ELEC 291\gcc-arm-none-eabi-10.3-2021.10\arm-none-eabi\lib\thumb\v6-m\nofp\libc_nano.a(lib_a-mbtowc_r.o)
                0x08006e24                __ascii_mbtowc
 .text          0x08006e48        0x0 C:\Users\wayne\Desktop\ELEC 291\gcc-arm-none-eabi-10.3-2021.10\arm-none-eabi\lib\thumb\v6-m\nofp\libc_nano.a(lib_a-memmove.o)
 .text.memmove  0x08006e48       0x26 C:\Users\wayne\Desktop\ELEC 291\gcc-arm-none-eabi-10.3-2021.10\arm-none-eabi\lib\thumb\v6-m\nofp\libc_nano.a(lib_a-memmove.o)
                0x08006e48                memmove
 .text          0x08006e6e        0x0 C:\Users\wayne\Desktop\ELEC 291\gcc-arm-none-eabi-10.3-2021.10\arm-none-eabi\lib\thumb\v6-m\nofp\libc_nano.a(lib_a-nano-reallocr.o)
 .text._realloc_r
                0x08006e6e       0x5e C:\Users\wayne\Desktop\ELEC 291\gcc-arm-none-eabi-10.3-2021.10\arm-none-eabi\lib\thumb\v6-m\nofp\libc_nano.a(lib_a-nano-reallocr.o)
                0x08006e6e                _realloc_r
 .text          0x08006ecc       0x14 C:\Users\wayne\Desktop\ELEC 291\gcc-arm-none-eabi-10.3-2021.10\arm-none-eabi\lib\thumb\v6-m\nofp\libc_nano.a(lib_a-strcmp.o)
                0x08006ecc                strcmp
 .text          0x08006ee0        0x0 C:\Users\wayne\Desktop\ELEC 291\gcc-arm-none-eabi-10.3-2021.10\arm-none-eabi\lib\thumb\v6-m\nofp\libc_nano.a(lib_a-wctomb_r.o)
 .text._wctomb_r
                0x08006ee0       0x10 C:\Users\wayne\Desktop\ELEC 291\gcc-arm-none-eabi-10.3-2021.10\arm-none-eabi\lib\thumb\v6-m\nofp\libc_nano.a(lib_a-wctomb_r.o)
                0x08006ee0                _wctomb_r
 .text.__ascii_wctomb
                0x08006ef0       0x1a C:\Users\wayne\Desktop\ELEC 291\gcc-arm-none-eabi-10.3-2021.10\arm-none-eabi\lib\thumb\v6-m\nofp\libc_nano.a(lib_a-wctomb_r.o)
                0x08006ef0                __ascii_wctomb
 .text          0x08006f0a        0x0 C:\Users\wayne\Desktop\ELEC 291\gcc-arm-none-eabi-10.3-2021.10\arm-none-eabi\lib\thumb\v6-m\nofp\libc_nano.a(lib_a-abort.o)
 .text.abort    0x08006f0a        0xe C:\Users\wayne\Desktop\ELEC 291\gcc-arm-none-eabi-10.3-2021.10\arm-none-eabi\lib\thumb\v6-m\nofp\libc_nano.a(lib_a-abort.o)
                0x08006f0a                abort
 .text          0x08006f18        0x0 C:\Users\wayne\Desktop\ELEC 291\gcc-arm-none-eabi-10.3-2021.10\arm-none-eabi\lib\thumb\v6-m\nofp\libc_nano.a(lib_a-ctype_.o)
 .text          0x08006f18        0x0 C:\Users\wayne\Desktop\ELEC 291\gcc-arm-none-eabi-10.3-2021.10\arm-none-eabi\lib\thumb\v6-m\nofp\libc_nano.a(lib_a-nano-msizer.o)
 .text._malloc_usable_size_r
                0x08006f18       0x10 C:\Users\wayne\Desktop\ELEC 291\gcc-arm-none-eabi-10.3-2021.10\arm-none-eabi\lib\thumb\v6-m\nofp\libc_nano.a(lib_a-nano-msizer.o)
                0x08006f18                _malloc_usable_size_r
 .text          0x08006f28        0x0 C:\Users\wayne\Desktop\ELEC 291\gcc-arm-none-eabi-10.3-2021.10\arm-none-eabi\lib\thumb\v6-m\nofp\libc_nano.a(lib_a-signal.o)
 .text._init_signal_r
                0x08006f28       0x2a C:\Users\wayne\Desktop\ELEC 291\gcc-arm-none-eabi-10.3-2021.10\arm-none-eabi\lib\thumb\v6-m\nofp\libc_nano.a(lib_a-signal.o)
                0x08006f28                _init_signal_r
 .text._signal_r
                0x08006f52       0x32 C:\Users\wayne\Desktop\ELEC 291\gcc-arm-none-eabi-10.3-2021.10\arm-none-eabi\lib\thumb\v6-m\nofp\libc_nano.a(lib_a-signal.o)
                0x08006f52                _signal_r
 .text._raise_r
                0x08006f84       0x54 C:\Users\wayne\Desktop\ELEC 291\gcc-arm-none-eabi-10.3-2021.10\arm-none-eabi\lib\thumb\v6-m\nofp\libc_nano.a(lib_a-signal.o)
                0x08006f84                _raise_r
 .text.__sigtramp_r
                0x08006fd8       0x46 C:\Users\wayne\Desktop\ELEC 291\gcc-arm-none-eabi-10.3-2021.10\arm-none-eabi\lib\thumb\v6-m\nofp\libc_nano.a(lib_a-signal.o)
                0x08006fd8                __sigtramp_r
 *fill*         0x0800701e        0x2 
 .text.raise    0x08007020       0x14 C:\Users\wayne\Desktop\ELEC 291\gcc-arm-none-eabi-10.3-2021.10\arm-none-eabi\lib\thumb\v6-m\nofp\libc_nano.a(lib_a-signal.o)
                0x08007020                raise
 .text.signal   0x08007034       0x14 C:\Users\wayne\Desktop\ELEC 291\gcc-arm-none-eabi-10.3-2021.10\arm-none-eabi\lib\thumb\v6-m\nofp\libc_nano.a(lib_a-signal.o)
                0x08007034                signal
 .text._init_signal
                0x08007048       0x10 C:\Users\wayne\Desktop\ELEC 291\gcc-arm-none-eabi-10.3-2021.10\arm-none-eabi\lib\thumb\v6-m\nofp\libc_nano.a(lib_a-signal.o)
                0x08007048                _init_signal
 .text.__sigtramp
                0x08007058       0x14 C:\Users\wayne\Desktop\ELEC 291\gcc-arm-none-eabi-10.3-2021.10\arm-none-eabi\lib\thumb\v6-m\nofp\libc_nano.a(lib_a-signal.o)
                0x08007058                __sigtramp
 .text          0x0800706c        0x0 C:\Users\wayne\Desktop\ELEC 291\gcc-arm-none-eabi-10.3-2021.10\arm-none-eabi\lib\thumb\v6-m\nofp\libc_nano.a(lib_a-signalr.o)
 .text._kill_r  0x0800706c       0x24 C:\Users\wayne\Desktop\ELEC 291\gcc-arm-none-eabi-10.3-2021.10\arm-none-eabi\lib\thumb\v6-m\nofp\libc_nano.a(lib_a-signalr.o)
                0x0800706c                _kill_r
 .text._getpid_r
                0x08007090        0x8 C:\Users\wayne\Desktop\ELEC 291\gcc-arm-none-eabi-10.3-2021.10\arm-none-eabi\lib\thumb\v6-m\nofp\libc_nano.a(lib_a-signalr.o)
                0x08007090                _getpid_r
 .text          0x08007098       0x14 C:\Users\wayne\Desktop\ELEC 291\gcc-arm-none-eabi-10.3-2021.10\lib\gcc\arm-none-eabi\10.3.1\thumb\v6-m\nofp\libgcc.a(_thumb1_case_uqi.o)
                0x08007098                __gnu_thumb1_case_uqi
 .text          0x080070ac       0x14 C:\Users\wayne\Desktop\ELEC 291\gcc-arm-none-eabi-10.3-2021.10\lib\gcc\arm-none-eabi\10.3.1\thumb\v6-m\nofp\libgcc.a(_thumb1_case_shi.o)
                0x080070ac                __gnu_thumb1_case_shi
 .text          0x080070c0       0x7c C:\Users\wayne\Desktop\ELEC 291\gcc-arm-none-eabi-10.3-2021.10\lib\gcc\arm-none-eabi\10.3.1\thumb\v6-m\nofp\libgcc.a(_arm_cmpdf2.o)
                0x080070c0                __aeabi_cdrcmple
                0x080070d0                __aeabi_cdcmple
                0x080070d0                __aeabi_cdcmpeq
                0x080070e0                __aeabi_dcmpeq
                0x080070ec                __aeabi_dcmplt
                0x08007100                __aeabi_dcmple
                0x08007114                __aeabi_dcmpgt
                0x08007128                __aeabi_dcmpge
 .text          0x0800713c      0x678 C:\Users\wayne\Desktop\ELEC 291\gcc-arm-none-eabi-10.3-2021.10\lib\gcc\arm-none-eabi\10.3.1\thumb\v6-m\nofp\libgcc.a(adddf3.o)
                0x0800713c                __aeabi_dadd
 .text          0x080077b4      0x5ec C:\Users\wayne\Desktop\ELEC 291\gcc-arm-none-eabi-10.3-2021.10\lib\gcc\arm-none-eabi\10.3.1\thumb\v6-m\nofp\libgcc.a(divdf3.o)
                0x080077b4                __aeabi_ddiv
 .text          0x08007da0       0x84 C:\Users\wayne\Desktop\ELEC 291\gcc-arm-none-eabi-10.3-2021.10\lib\gcc\arm-none-eabi\10.3.1\thumb\v6-m\nofp\libgcc.a(eqdf2.o)
                0x08007da0                __nedf2
                0x08007da0                __eqdf2
 .text          0x08007e24       0xcc C:\Users\wayne\Desktop\ELEC 291\gcc-arm-none-eabi-10.3-2021.10\lib\gcc\arm-none-eabi\10.3.1\thumb\v6-m\nofp\libgcc.a(gedf2.o)
                0x08007e24                __gedf2
                0x08007e24                __gtdf2
 .text          0x08007ef0       0xc8 C:\Users\wayne\Desktop\ELEC 291\gcc-arm-none-eabi-10.3-2021.10\lib\gcc\arm-none-eabi\10.3.1\thumb\v6-m\nofp\libgcc.a(ledf2.o)
                0x08007ef0                __ledf2
                0x08007ef0                __ltdf2
 .text          0x08007fb8      0x4d8 C:\Users\wayne\Desktop\ELEC 291\gcc-arm-none-eabi-10.3-2021.10\lib\gcc\arm-none-eabi\10.3.1\thumb\v6-m\nofp\libgcc.a(muldf3.o)
                0x08007fb8                __aeabi_dmul
 .text          0x08008490      0x724 C:\Users\wayne\Desktop\ELEC 291\gcc-arm-none-eabi-10.3-2021.10\lib\gcc\arm-none-eabi\10.3.1\thumb\v6-m\nofp\libgcc.a(subdf3.o)
                0x08008490                __aeabi_dsub
 .text          0x08008bb4       0x3c C:\Users\wayne\Desktop\ELEC 291\gcc-arm-none-eabi-10.3-2021.10\lib\gcc\arm-none-eabi\10.3.1\thumb\v6-m\nofp\libgcc.a(unorddf2.o)
                0x08008bb4                __aeabi_dcmpun
 .text          0x08008bf0       0x6c C:\Users\wayne\Desktop\ELEC 291\gcc-arm-none-eabi-10.3-2021.10\lib\gcc\arm-none-eabi\10.3.1\thumb\v6-m\nofp\libgcc.a(fixdfsi.o)
                0x08008bf0                __aeabi_d2iz
 .text          0x08008c5c       0x60 C:\Users\wayne\Desktop\ELEC 291\gcc-arm-none-eabi-10.3-2021.10\lib\gcc\arm-none-eabi\10.3.1\thumb\v6-m\nofp\libgcc.a(floatsidf.o)
                0x08008c5c                __aeabi_i2d
 .text          0x08008cbc       0x4c C:\Users\wayne\Desktop\ELEC 291\gcc-arm-none-eabi-10.3-2021.10\lib\gcc\arm-none-eabi\10.3.1\thumb\v6-m\nofp\libgcc.a(floatunsidf.o)
                0x08008cbc                __aeabi_ui2d
 *(.rodata*)
 .rodata        0x08008d08       0x1e main.o
 *fill*         0x08008d26        0x2 
 .rodata        0x08008d28       0x7c startup.o
 .rodata        0x08008da4      0x12d collision.o
 *fill*         0x08008ed1        0x3 
 .rodata        0x08008ed4       0x20 decoder.o
                0x08008ed4                commands
 .rodata        0x08008ef4       0x80 C:\Users\wayne\Desktop\ELEC 291\gcc-arm-none-eabi-10.3-2021.10\lib\gcc\arm-none-eabi\10.3.1\thumb\v6-m\nofp\libgcc.a(divsf3.o)
 .rodata        0x08008f74       0x40 C:\Users\wayne\Desktop\ELEC 291\gcc-arm-none-eabi-10.3-2021.10\lib\gcc\arm-none-eabi\10.3.1\thumb\v6-m\nofp\libgcc.a(mulsf3.o)
 .rodata.__sf_fake_stderr
                0x08008fb4       0x20 C:\Users\wayne\Desktop\ELEC 291\gcc-arm-none-eabi-10.3-2021.10\arm-none-eabi\lib\thumb\v6-m\nofp\libc_nano.a(lib_a-findfp.o)
                0x08008fb4                __sf_fake_stderr
 .rodata.__sf_fake_stdin
                0x08008fd4       0x20 C:\Users\wayne\Desktop\ELEC 291\gcc-arm-none-eabi-10.3-2021.10\arm-none-eabi\lib\thumb\v6-m\nofp\libc_nano.a(lib_a-findfp.o)
                0x08008fd4                __sf_fake_stdin
 .rodata.__sf_fake_stdout
                0x08008ff4       0x20 C:\Users\wayne\Desktop\ELEC 291\gcc-arm-none-eabi-10.3-2021.10\arm-none-eabi\lib\thumb\v6-m\nofp\libc_nano.a(lib_a-findfp.o)
                0x08008ff4                __sf_fake_stdout
 .rodata._global_impure_ptr
                0x08009014        0x4 C:\Users\wayne\Desktop\ELEC 291\gcc-arm-none-eabi-10.3-2021.10\arm-none-eabi\lib\thumb\v6-m\nofp\libc_nano.a(lib_a-impure.o)
                0x08009014                _global_impure_ptr
 .rodata._printf_float.str1.1
                0x08009018       0x12 C:\Users\wayne\Desktop\ELEC 291\gcc-arm-none-eabi-10.3-2021.10\arm-none-eabi\lib\thumb\v6-m\nofp\libc_nano.a(lib_a-nano-vfprintf_float.o)
 .rodata._printf_i.str1.1
                0x0800902a       0x22 C:\Users\wayne\Desktop\ELEC 291\gcc-arm-none-eabi-10.3-2021.10\arm-none-eabi\lib\thumb\v6-m\nofp\libc_nano.a(lib_a-nano-vfprintf_i.o)
 .rodata._dtoa_r.str1.1
                0x0800904c       0xb3 C:\Users\wayne\Desktop\ELEC 291\gcc-arm-none-eabi-10.3-2021.10\arm-none-eabi\lib\thumb\v6-m\nofp\libc_nano.a(lib_a-dtoa.o)
                                 0xb5 (size before relaxing)
 .rodata._Balloc.str1.1
                0x080090ff       0x7f C:\Users\wayne\Desktop\ELEC 291\gcc-arm-none-eabi-10.3-2021.10\arm-none-eabi\lib\thumb\v6-m\nofp\libc_nano.a(lib_a-mprec.o)
                                 0x96 (size before relaxing)
 .rodata.__multadd.str1.1
                0x0800917e       0x11 C:\Users\wayne\Desktop\ELEC 291\gcc-arm-none-eabi-10.3-2021.10\arm-none-eabi\lib\thumb\v6-m\nofp\libc_nano.a(lib_a-mprec.o)
 *fill*         0x0800917e        0x2 
 .rodata.__mprec_bigtens
                0x08009180       0x28 C:\Users\wayne\Desktop\ELEC 291\gcc-arm-none-eabi-10.3-2021.10\arm-none-eabi\lib\thumb\v6-m\nofp\libc_nano.a(lib_a-mprec.o)
                0x08009180                __mprec_bigtens
 .rodata.__mprec_tens
                0x080091a8       0xc8 C:\Users\wayne\Desktop\ELEC 291\gcc-arm-none-eabi-10.3-2021.10\arm-none-eabi\lib\thumb\v6-m\nofp\libc_nano.a(lib_a-mprec.o)
                0x080091a8                __mprec_tens
 .rodata.__mprec_tinytens
                0x08009270       0x28 C:\Users\wayne\Desktop\ELEC 291\gcc-arm-none-eabi-10.3-2021.10\arm-none-eabi\lib\thumb\v6-m\nofp\libc_nano.a(lib_a-mprec.o)
                0x08009270                __mprec_tinytens
 .rodata.p05.0  0x08009298        0xc C:\Users\wayne\Desktop\ELEC 291\gcc-arm-none-eabi-10.3-2021.10\arm-none-eabi\lib\thumb\v6-m\nofp\libc_nano.a(lib_a-mprec.o)
 .rodata._vfprintf_r.str1.1
                0x080092a4       0x11 C:\Users\wayne\Desktop\ELEC 291\gcc-arm-none-eabi-10.3-2021.10\arm-none-eabi\lib\thumb\v6-m\nofp\libc_nano.a(lib_a-nano-vfprintf.o)
 .rodata.__assert_func.str1.1
                0x080092b5       0x3c C:\Users\wayne\Desktop\ELEC 291\gcc-arm-none-eabi-10.3-2021.10\arm-none-eabi\lib\thumb\v6-m\nofp\libc_nano.a(lib_a-assert.o)
                                 0x3d (size before relaxing)
 .rodata._setlocale_r.str1.1
                0x080092f1        0x8 C:\Users\wayne\Desktop\ELEC 291\gcc-arm-none-eabi-10.3-2021.10\arm-none-eabi\lib\thumb\v6-m\nofp\libc_nano.a(lib_a-locale.o)
                                  0x9 (size before relaxing)
 .rodata.str1.1
                0x080092f9        0x2 C:\Users\wayne\Desktop\ELEC 291\gcc-arm-none-eabi-10.3-2021.10\arm-none-eabi\lib\thumb\v6-m\nofp\libc_nano.a(lib_a-locale.o)
 .rodata._ctype_
                0x080092fb      0x101 C:\Users\wayne\Desktop\ELEC 291\gcc-arm-none-eabi-10.3-2021.10\arm-none-eabi\lib\thumb\v6-m\nofp\libc_nano.a(lib_a-ctype_.o)
                0x080092fb                _ctype_
 .rodata        0x080093fc       0x40 C:\Users\wayne\Desktop\ELEC 291\gcc-arm-none-eabi-10.3-2021.10\lib\gcc\arm-none-eabi\10.3.1\thumb\v6-m\nofp\libgcc.a(divdf3.o)
 .rodata        0x0800943c       0x40 C:\Users\wayne\Desktop\ELEC 291\gcc-arm-none-eabi-10.3-2021.10\lib\gcc\arm-none-eabi\10.3.1\thumb\v6-m\nofp\libgcc.a(muldf3.o)
                0x0800947c                . = ALIGN (0x4)
                0x0800947c                PROVIDE (__init_array_start = .)
 *(SORT_BY_NAME(.init_array.*))
 *(.init_array)
                0x0800947c                PROVIDE (__init_array_end = .)
                0x0800947c                . = ALIGN (0x4)
                0x0800947c                _etext = .

.glue_7         0x0800947c        0x0
 .glue_7        0x0800947c        0x0 linker stubs

.glue_7t        0x0800947c        0x0
 .glue_7t       0x0800947c        0x0 linker stubs

.vfp11_veneer   0x0800947c        0x0
 .vfp11_veneer  0x0800947c        0x0 linker stubs

.v4_bx          0x0800947c        0x0
 .v4_bx         0x0800947c        0x0 linker stubs

.iplt           0x0800947c        0x0
 .iplt          0x0800947c        0x0 main.o

.rel.dyn        0x0800947c        0x0
 .rel.iplt      0x0800947c        0x0 main.o

.data           0x20000000      0x1d4 load address 0x0800947c
                0x20000000                . = ALIGN (0x4)
                0x20000000                _data = .
 *(.data*)
 .data          0x20000000        0x0 main.o
 .data          0x20000000        0x0 startup.o
 .data          0x20000000        0x0 serial.o
 .data          0x20000000        0x4 newlib_stubs.o
                0x20000000                environ
 .data          0x20000004        0x0 collision.o
 .data          0x20000004        0x0 motor.o
 .data          0x20000004        0x0 ADC.o
 .data          0x20000004        0x0 decoder.o
 .data          0x20000004        0x0 uart.o
 .data          0x20000004        0x0 vl53l0x.o
 .data          0x20000004        0x0 C:\Users\wayne\Desktop\ELEC 291\gcc-arm-none-eabi-10.3-2021.10\arm-none-eabi\lib\thumb\v6-m\nofp\libnosys.a(errno.o)
 .data          0x20000004        0x0 C:\Users\wayne\Desktop\ELEC 291\gcc-arm-none-eabi-10.3-2021.10\lib\gcc\arm-none-eabi\10.3.1\thumb\v6-m\nofp\libgcc.a(_udivsi3.o)
 .data          0x20000004        0x0 C:\Users\wayne\Desktop\ELEC 291\gcc-arm-none-eabi-10.3-2021.10\lib\gcc\arm-none-eabi\10.3.1\thumb\v6-m\nofp\libgcc.a(_divsi3.o)
 .data          0x20000004        0x0 C:\Users\wayne\Desktop\ELEC 291\gcc-arm-none-eabi-10.3-2021.10\lib\gcc\arm-none-eabi\10.3.1\thumb\v6-m\nofp\libgcc.a(_dvmd_tls.o)
 .data          0x20000004        0x0 C:\Users\wayne\Desktop\ELEC 291\gcc-arm-none-eabi-10.3-2021.10\lib\gcc\arm-none-eabi\10.3.1\thumb\v6-m\nofp\libgcc.a(_arm_cmpsf2.o)
 .data          0x20000004        0x0 C:\Users\wayne\Desktop\ELEC 291\gcc-arm-none-eabi-10.3-2021.10\lib\gcc\arm-none-eabi\10.3.1\thumb\v6-m\nofp\libgcc.a(addsf3.o)
 .data          0x20000004        0x0 C:\Users\wayne\Desktop\ELEC 291\gcc-arm-none-eabi-10.3-2021.10\lib\gcc\arm-none-eabi\10.3.1\thumb\v6-m\nofp\libgcc.a(divsf3.o)
 .data          0x20000004        0x0 C:\Users\wayne\Desktop\ELEC 291\gcc-arm-none-eabi-10.3-2021.10\lib\gcc\arm-none-eabi\10.3.1\thumb\v6-m\nofp\libgcc.a(eqsf2.o)
 .data          0x20000004        0x0 C:\Users\wayne\Desktop\ELEC 291\gcc-arm-none-eabi-10.3-2021.10\lib\gcc\arm-none-eabi\10.3.1\thumb\v6-m\nofp\libgcc.a(gesf2.o)
 .data          0x20000004        0x0 C:\Users\wayne\Desktop\ELEC 291\gcc-arm-none-eabi-10.3-2021.10\lib\gcc\arm-none-eabi\10.3.1\thumb\v6-m\nofp\libgcc.a(lesf2.o)
 .data          0x20000004        0x0 C:\Users\wayne\Desktop\ELEC 291\gcc-arm-none-eabi-10.3-2021.10\lib\gcc\arm-none-eabi\10.3.1\thumb\v6-m\nofp\libgcc.a(mulsf3.o)
 .data          0x20000004        0x0 C:\Users\wayne\Desktop\ELEC 291\gcc-arm-none-eabi-10.3-2021.10\lib\gcc\arm-none-eabi\10.3.1\thumb\v6-m\nofp\libgcc.a(subsf3.o)
 .data          0x20000004        0x0 C:\Users\wayne\Desktop\ELEC 291\gcc-arm-none-eabi-10.3-2021.10\lib\gcc\arm-none-eabi\10.3.1\thumb\v6-m\nofp\libgcc.a(fixsfsi.o)
 .data          0x20000004        0x0 C:\Users\wayne\Desktop\ELEC 291\gcc-arm-none-eabi-10.3-2021.10\lib\gcc\arm-none-eabi\10.3.1\thumb\v6-m\nofp\libgcc.a(floatsisf.o)
 .data          0x20000004        0x0 C:\Users\wayne\Desktop\ELEC 291\gcc-arm-none-eabi-10.3-2021.10\lib\gcc\arm-none-eabi\10.3.1\thumb\v6-m\nofp\libgcc.a(floatunsisf.o)
 .data          0x20000004        0x0 C:\Users\wayne\Desktop\ELEC 291\gcc-arm-none-eabi-10.3-2021.10\lib\gcc\arm-none-eabi\10.3.1\thumb\v6-m\nofp\libgcc.a(_clzsi2.o)
 .data          0x20000004        0x0 C:\Users\wayne\Desktop\ELEC 291\gcc-arm-none-eabi-10.3-2021.10\arm-none-eabi\lib\thumb\v6-m\nofp\libc_nano.a(lib_a-fflush.o)
 .data          0x20000004        0x0 C:\Users\wayne\Desktop\ELEC 291\gcc-arm-none-eabi-10.3-2021.10\arm-none-eabi\lib\thumb\v6-m\nofp\libc_nano.a(lib_a-findfp.o)
 .data          0x20000004        0x0 C:\Users\wayne\Desktop\ELEC 291\gcc-arm-none-eabi-10.3-2021.10\arm-none-eabi\lib\thumb\v6-m\nofp\libc_nano.a(lib_a-fwalk.o)
 .data          0x20000004        0x0 C:\Users\wayne\Desktop\ELEC 291\gcc-arm-none-eabi-10.3-2021.10\arm-none-eabi\lib\thumb\v6-m\nofp\libc_nano.a(lib_a-impure.o)
 .data._impure_ptr
                0x20000004        0x4 C:\Users\wayne\Desktop\ELEC 291\gcc-arm-none-eabi-10.3-2021.10\arm-none-eabi\lib\thumb\v6-m\nofp\libc_nano.a(lib_a-impure.o)
                0x20000004                _impure_ptr
 .data.impure_data
                0x20000008       0x60 C:\Users\wayne\Desktop\ELEC 291\gcc-arm-none-eabi-10.3-2021.10\arm-none-eabi\lib\thumb\v6-m\nofp\libc_nano.a(lib_a-impure.o)
 .data          0x20000068        0x0 C:\Users\wayne\Desktop\ELEC 291\gcc-arm-none-eabi-10.3-2021.10\arm-none-eabi\lib\thumb\v6-m\nofp\libc_nano.a(lib_a-lock.o)
 .data          0x20000068        0x0 C:\Users\wayne\Desktop\ELEC 291\gcc-arm-none-eabi-10.3-2021.10\arm-none-eabi\lib\thumb\v6-m\nofp\libc_nano.a(lib_a-memset.o)
 .data          0x20000068        0x0 C:\Users\wayne\Desktop\ELEC 291\gcc-arm-none-eabi-10.3-2021.10\arm-none-eabi\lib\thumb\v6-m\nofp\libc_nano.a(lib_a-nano-freer.o)
 .data          0x20000068        0x0 C:\Users\wayne\Desktop\ELEC 291\gcc-arm-none-eabi-10.3-2021.10\arm-none-eabi\lib\thumb\v6-m\nofp\libc_nano.a(lib_a-nano-mallocr.o)
 .data          0x20000068        0x0 C:\Users\wayne\Desktop\ELEC 291\gcc-arm-none-eabi-10.3-2021.10\arm-none-eabi\lib\thumb\v6-m\nofp\libc_nano.a(lib_a-nano-vfprintf_float.o)
 .data          0x20000068        0x0 C:\Users\wayne\Desktop\ELEC 291\gcc-arm-none-eabi-10.3-2021.10\arm-none-eabi\lib\thumb\v6-m\nofp\libc_nano.a(lib_a-nano-vfprintf_i.o)
 .data          0x20000068        0x0 C:\Users\wayne\Desktop\ELEC 291\gcc-arm-none-eabi-10.3-2021.10\arm-none-eabi\lib\thumb\v6-m\nofp\libc_nano.a(lib_a-printf.o)
 .data          0x20000068        0x0 C:\Users\wayne\Desktop\ELEC 291\gcc-arm-none-eabi-10.3-2021.10\arm-none-eabi\lib\thumb\v6-m\nofp\libc_nano.a(lib_a-putchar.o)
 .data          0x20000068        0x0 C:\Users\wayne\Desktop\ELEC 291\gcc-arm-none-eabi-10.3-2021.10\arm-none-eabi\lib\thumb\v6-m\nofp\libc_nano.a(lib_a-puts.o)
 .data          0x20000068        0x0 C:\Users\wayne\Desktop\ELEC 291\gcc-arm-none-eabi-10.3-2021.10\arm-none-eabi\lib\thumb\v6-m\nofp\libc_nano.a(lib_a-sbrkr.o)
 .data          0x20000068        0x0 C:\Users\wayne\Desktop\ELEC 291\gcc-arm-none-eabi-10.3-2021.10\arm-none-eabi\lib\thumb\v6-m\nofp\libc_nano.a(lib_a-stdio.o)
 .data          0x20000068        0x0 C:\Users\wayne\Desktop\ELEC 291\gcc-arm-none-eabi-10.3-2021.10\arm-none-eabi\lib\thumb\v6-m\nofp\libc_nano.a(lib_a-strlen.o)
 .data          0x20000068        0x0 C:\Users\wayne\Desktop\ELEC 291\gcc-arm-none-eabi-10.3-2021.10\arm-none-eabi\lib\thumb\v6-m\nofp\libc_nano.a(lib_a-wbuf.o)
 .data          0x20000068        0x0 C:\Users\wayne\Desktop\ELEC 291\gcc-arm-none-eabi-10.3-2021.10\arm-none-eabi\lib\thumb\v6-m\nofp\libc_nano.a(lib_a-writer.o)
 .data          0x20000068        0x0 C:\Users\wayne\Desktop\ELEC 291\gcc-arm-none-eabi-10.3-2021.10\arm-none-eabi\lib\thumb\v6-m\nofp\libc_nano.a(lib_a-wsetup.o)
 .data          0x20000068        0x0 C:\Users\wayne\Desktop\ELEC 291\gcc-arm-none-eabi-10.3-2021.10\arm-none-eabi\lib\thumb\v6-m\nofp\libc_nano.a(lib_a-closer.o)
 .data          0x20000068        0x0 C:\Users\wayne\Desktop\ELEC 291\gcc-arm-none-eabi-10.3-2021.10\arm-none-eabi\lib\thumb\v6-m\nofp\libc_nano.a(lib_a-dtoa.o)
 .data          0x20000068        0x0 C:\Users\wayne\Desktop\ELEC 291\gcc-arm-none-eabi-10.3-2021.10\arm-none-eabi\lib\thumb\v6-m\nofp\libc_nano.a(lib_a-localeconv.o)
 .data          0x20000068        0x0 C:\Users\wayne\Desktop\ELEC 291\gcc-arm-none-eabi-10.3-2021.10\arm-none-eabi\lib\thumb\v6-m\nofp\libc_nano.a(lib_a-lseekr.o)
 .data          0x20000068        0x0 C:\Users\wayne\Desktop\ELEC 291\gcc-arm-none-eabi-10.3-2021.10\arm-none-eabi\lib\thumb\v6-m\nofp\libc_nano.a(lib_a-makebuf.o)
 .data          0x20000068        0x0 C:\Users\wayne\Desktop\ELEC 291\gcc-arm-none-eabi-10.3-2021.10\arm-none-eabi\lib\thumb\v6-m\nofp\libc_nano.a(lib_a-malloc.o)
 .data          0x20000068        0x0 C:\Users\wayne\Desktop\ELEC 291\gcc-arm-none-eabi-10.3-2021.10\arm-none-eabi\lib\thumb\v6-m\nofp\libc_nano.a(lib_a-memchr-stub.o)
 .data          0x20000068        0x0 C:\Users\wayne\Desktop\ELEC 291\gcc-arm-none-eabi-10.3-2021.10\arm-none-eabi\lib\thumb\v6-m\nofp\libc_nano.a(lib_a-memcpy-stub.o)
 .data          0x20000068        0x0 C:\Users\wayne\Desktop\ELEC 291\gcc-arm-none-eabi-10.3-2021.10\arm-none-eabi\lib\thumb\v6-m\nofp\libc_nano.a(lib_a-mlock.o)
 .data          0x20000068        0x0 C:\Users\wayne\Desktop\ELEC 291\gcc-arm-none-eabi-10.3-2021.10\arm-none-eabi\lib\thumb\v6-m\nofp\libc_nano.a(lib_a-mprec.o)
 .data          0x20000068        0x0 C:\Users\wayne\Desktop\ELEC 291\gcc-arm-none-eabi-10.3-2021.10\arm-none-eabi\lib\thumb\v6-m\nofp\libc_nano.a(lib_a-nano-callocr.o)
 .data          0x20000068        0x0 C:\Users\wayne\Desktop\ELEC 291\gcc-arm-none-eabi-10.3-2021.10\arm-none-eabi\lib\thumb\v6-m\nofp\libc_nano.a(lib_a-nano-vfprintf.o)
 .data          0x20000068        0x0 C:\Users\wayne\Desktop\ELEC 291\gcc-arm-none-eabi-10.3-2021.10\arm-none-eabi\lib\thumb\v6-m\nofp\libc_nano.a(lib_a-putc.o)
 .data          0x20000068        0x0 C:\Users\wayne\Desktop\ELEC 291\gcc-arm-none-eabi-10.3-2021.10\arm-none-eabi\lib\thumb\v6-m\nofp\libc_nano.a(lib_a-readr.o)
 .data          0x20000068        0x0 C:\Users\wayne\Desktop\ELEC 291\gcc-arm-none-eabi-10.3-2021.10\arm-none-eabi\lib\thumb\v6-m\nofp\libc_nano.a(lib_a-assert.o)
 .data          0x20000068        0x0 C:\Users\wayne\Desktop\ELEC 291\gcc-arm-none-eabi-10.3-2021.10\arm-none-eabi\lib\thumb\v6-m\nofp\libc_nano.a(lib_a-fprintf.o)
 .data          0x20000068        0x0 C:\Users\wayne\Desktop\ELEC 291\gcc-arm-none-eabi-10.3-2021.10\arm-none-eabi\lib\thumb\v6-m\nofp\libc_nano.a(lib_a-fstatr.o)
 .data          0x20000068        0x0 C:\Users\wayne\Desktop\ELEC 291\gcc-arm-none-eabi-10.3-2021.10\arm-none-eabi\lib\thumb\v6-m\nofp\libc_nano.a(lib_a-fvwrite.o)
 .data          0x20000068        0x0 C:\Users\wayne\Desktop\ELEC 291\gcc-arm-none-eabi-10.3-2021.10\arm-none-eabi\lib\thumb\v6-m\nofp\libc_nano.a(lib_a-isattyr.o)
 .data          0x20000068        0x0 C:\Users\wayne\Desktop\ELEC 291\gcc-arm-none-eabi-10.3-2021.10\arm-none-eabi\lib\thumb\v6-m\nofp\libc_nano.a(lib_a-locale.o)
 .data.__global_locale
                0x20000068      0x16c C:\Users\wayne\Desktop\ELEC 291\gcc-arm-none-eabi-10.3-2021.10\arm-none-eabi\lib\thumb\v6-m\nofp\libc_nano.a(lib_a-locale.o)
                0x20000068                __global_locale
 .data          0x200001d4        0x0 C:\Users\wayne\Desktop\ELEC 291\gcc-arm-none-eabi-10.3-2021.10\arm-none-eabi\lib\thumb\v6-m\nofp\libc_nano.a(lib_a-mbtowc_r.o)
 .data          0x200001d4        0x0 C:\Users\wayne\Desktop\ELEC 291\gcc-arm-none-eabi-10.3-2021.10\arm-none-eabi\lib\thumb\v6-m\nofp\libc_nano.a(lib_a-memmove.o)
 .data          0x200001d4        0x0 C:\Users\wayne\Desktop\ELEC 291\gcc-arm-none-eabi-10.3-2021.10\arm-none-eabi\lib\thumb\v6-m\nofp\libc_nano.a(lib_a-nano-reallocr.o)
 .data          0x200001d4        0x0 C:\Users\wayne\Desktop\ELEC 291\gcc-arm-none-eabi-10.3-2021.10\arm-none-eabi\lib\thumb\v6-m\nofp\libc_nano.a(lib_a-strcmp.o)
 .data          0x200001d4        0x0 C:\Users\wayne\Desktop\ELEC 291\gcc-arm-none-eabi-10.3-2021.10\arm-none-eabi\lib\thumb\v6-m\nofp\libc_nano.a(lib_a-wctomb_r.o)
 .data          0x200001d4        0x0 C:\Users\wayne\Desktop\ELEC 291\gcc-arm-none-eabi-10.3-2021.10\arm-none-eabi\lib\thumb\v6-m\nofp\libc_nano.a(lib_a-abort.o)
 .data          0x200001d4        0x0 C:\Users\wayne\Desktop\ELEC 291\gcc-arm-none-eabi-10.3-2021.10\arm-none-eabi\lib\thumb\v6-m\nofp\libc_nano.a(lib_a-ctype_.o)
 .data          0x200001d4        0x0 C:\Users\wayne\Desktop\ELEC 291\gcc-arm-none-eabi-10.3-2021.10\arm-none-eabi\lib\thumb\v6-m\nofp\libc_nano.a(lib_a-nano-msizer.o)
 .data          0x200001d4        0x0 C:\Users\wayne\Desktop\ELEC 291\gcc-arm-none-eabi-10.3-2021.10\arm-none-eabi\lib\thumb\v6-m\nofp\libc_nano.a(lib_a-signal.o)
 .data          0x200001d4        0x0 C:\Users\wayne\Desktop\ELEC 291\gcc-arm-none-eabi-10.3-2021.10\arm-none-eabi\lib\thumb\v6-m\nofp\libc_nano.a(lib_a-signalr.o)
 .data          0x200001d4        0x0 C:\Users\wayne\Desktop\ELEC 291\gcc-arm-none-eabi-10.3-2021.10\lib\gcc\arm-none-eabi\10.3.1\thumb\v6-m\nofp\libgcc.a(_thumb1_case_uqi.o)
 .data          0x200001d4        0x0 C:\Users\wayne\Desktop\ELEC 291\gcc-arm-none-eabi-10.3-2021.10\lib\gcc\arm-none-eabi\10.3.1\thumb\v6-m\nofp\libgcc.a(_thumb1_case_shi.o)
 .data          0x200001d4        0x0 C:\Users\wayne\Desktop\ELEC 291\gcc-arm-none-eabi-10.3-2021.10\lib\gcc\arm-none-eabi\10.3.1\thumb\v6-m\nofp\libgcc.a(_arm_cmpdf2.o)
 .data          0x200001d4        0x0 C:\Users\wayne\Desktop\ELEC 291\gcc-arm-none-eabi-10.3-2021.10\lib\gcc\arm-none-eabi\10.3.1\thumb\v6-m\nofp\libgcc.a(adddf3.o)
 .data          0x200001d4        0x0 C:\Users\wayne\Desktop\ELEC 291\gcc-arm-none-eabi-10.3-2021.10\lib\gcc\arm-none-eabi\10.3.1\thumb\v6-m\nofp\libgcc.a(divdf3.o)
 .data          0x200001d4        0x0 C:\Users\wayne\Desktop\ELEC 291\gcc-arm-none-eabi-10.3-2021.10\lib\gcc\arm-none-eabi\10.3.1\thumb\v6-m\nofp\libgcc.a(eqdf2.o)
 .data          0x200001d4        0x0 C:\Users\wayne\Desktop\ELEC 291\gcc-arm-none-eabi-10.3-2021.10\lib\gcc\arm-none-eabi\10.3.1\thumb\v6-m\nofp\libgcc.a(gedf2.o)
 .data          0x200001d4        0x0 C:\Users\wayne\Desktop\ELEC 291\gcc-arm-none-eabi-10.3-2021.10\lib\gcc\arm-none-eabi\10.3.1\thumb\v6-m\nofp\libgcc.a(ledf2.o)
 .data          0x200001d4        0x0 C:\Users\wayne\Desktop\ELEC 291\gcc-arm-none-eabi-10.3-2021.10\lib\gcc\arm-none-eabi\10.3.1\thumb\v6-m\nofp\libgcc.a(muldf3.o)
 .data          0x200001d4        0x0 C:\Users\wayne\Desktop\ELEC 291\gcc-arm-none-eabi-10.3-2021.10\lib\gcc\arm-none-eabi\10.3.1\thumb\v6-m\nofp\libgcc.a(subdf3.o)
 .data          0x200001d4        0x0 C:\Users\wayne\Desktop\ELEC 291\gcc-arm-none-eabi-10.3-2021.10\lib\gcc\arm-none-eabi\10.3.1\thumb\v6-m\nofp\libgcc.a(unorddf2.o)
 .data          0x200001d4        0x0 C:\Users\wayne\Desktop\ELEC 291\gcc-arm-none-eabi-10.3-2021.10\lib\gcc\arm-none-eabi\10.3.1\thumb\v6-m\nofp\libgcc.a(fixdfsi.o)
 .data          0x200001d4        0x0 C:\Users\wayne\Desktop\ELEC 291\gcc-arm-none-eabi-10.3-2021.10\lib\gcc\arm-none-eabi\10.3.1\thumb\v6-m\nofp\libgcc.a(floatsidf.o)
 .data          0x200001d4        0x0 C:\Users\wayne\Desktop\ELEC 291\gcc-arm-none-eabi-10.3-2021.10\lib\gcc\arm-none-eabi\10.3.1\thumb\v6-m\nofp\libgcc.a(floatunsidf.o)
                0x200001d4                . = ALIGN (0x4)
                0x200001d4                _edata = .

.igot.plt       0x200001d4        0x0 load address 0x08009650
 .igot.plt      0x200001d4        0x0 main.o

.bss            0x200001d4       0xe0 load address 0x08009650
                0x200001d4                _bss = .
 *(.bss*)
 .bss           0x200001d4        0x0 main.o
 .bss           0x200001d4        0x0 startup.o
 .bss           0x200001d4       0xa4 serial.o
                0x200001d4                ComRXBuffer
                0x20000220                ComTXBuffer
                0x2000026c                ComOpen
                0x20000270                ComError
                0x20000274                ComBusy
 .bss           0x20000278        0x8 newlib_stubs.o
                0x20000278                __env
 .bss           0x20000280        0x0 collision.o
 .bss           0x20000280        0x0 motor.o
 .bss           0x20000280        0x0 ADC.o
 .bss           0x20000280       0x14 decoder.o
                0x20000280                signal_start
                0x20000284                capture
                0x20000288                command_signal
                0x2000028c                pulse_width
                0x20000290                signal_flag
 .bss           0x20000294        0x0 uart.o
 .bss           0x20000294        0x1 vl53l0x.o
 .bss           0x20000295        0x0 C:\Users\wayne\Desktop\ELEC 291\gcc-arm-none-eabi-10.3-2021.10\arm-none-eabi\lib\thumb\v6-m\nofp\libnosys.a(errno.o)
 *fill*         0x20000295        0x3 
 .bss.errno     0x20000298        0x4 C:\Users\wayne\Desktop\ELEC 291\gcc-arm-none-eabi-10.3-2021.10\arm-none-eabi\lib\thumb\v6-m\nofp\libnosys.a(errno.o)
                0x20000298                errno
 .bss           0x2000029c        0x0 C:\Users\wayne\Desktop\ELEC 291\gcc-arm-none-eabi-10.3-2021.10\lib\gcc\arm-none-eabi\10.3.1\thumb\v6-m\nofp\libgcc.a(_udivsi3.o)
 .bss           0x2000029c        0x0 C:\Users\wayne\Desktop\ELEC 291\gcc-arm-none-eabi-10.3-2021.10\lib\gcc\arm-none-eabi\10.3.1\thumb\v6-m\nofp\libgcc.a(_divsi3.o)
 .bss           0x2000029c        0x0 C:\Users\wayne\Desktop\ELEC 291\gcc-arm-none-eabi-10.3-2021.10\lib\gcc\arm-none-eabi\10.3.1\thumb\v6-m\nofp\libgcc.a(_dvmd_tls.o)
 .bss           0x2000029c        0x0 C:\Users\wayne\Desktop\ELEC 291\gcc-arm-none-eabi-10.3-2021.10\lib\gcc\arm-none-eabi\10.3.1\thumb\v6-m\nofp\libgcc.a(_arm_cmpsf2.o)
 .bss           0x2000029c        0x0 C:\Users\wayne\Desktop\ELEC 291\gcc-arm-none-eabi-10.3-2021.10\lib\gcc\arm-none-eabi\10.3.1\thumb\v6-m\nofp\libgcc.a(addsf3.o)
 .bss           0x2000029c        0x0 C:\Users\wayne\Desktop\ELEC 291\gcc-arm-none-eabi-10.3-2021.10\lib\gcc\arm-none-eabi\10.3.1\thumb\v6-m\nofp\libgcc.a(divsf3.o)
 .bss           0x2000029c        0x0 C:\Users\wayne\Desktop\ELEC 291\gcc-arm-none-eabi-10.3-2021.10\lib\gcc\arm-none-eabi\10.3.1\thumb\v6-m\nofp\libgcc.a(eqsf2.o)
 .bss           0x2000029c        0x0 C:\Users\wayne\Desktop\ELEC 291\gcc-arm-none-eabi-10.3-2021.10\lib\gcc\arm-none-eabi\10.3.1\thumb\v6-m\nofp\libgcc.a(gesf2.o)
 .bss           0x2000029c        0x0 C:\Users\wayne\Desktop\ELEC 291\gcc-arm-none-eabi-10.3-2021.10\lib\gcc\arm-none-eabi\10.3.1\thumb\v6-m\nofp\libgcc.a(lesf2.o)
 .bss           0x2000029c        0x0 C:\Users\wayne\Desktop\ELEC 291\gcc-arm-none-eabi-10.3-2021.10\lib\gcc\arm-none-eabi\10.3.1\thumb\v6-m\nofp\libgcc.a(mulsf3.o)
 .bss           0x2000029c        0x0 C:\Users\wayne\Desktop\ELEC 291\gcc-arm-none-eabi-10.3-2021.10\lib\gcc\arm-none-eabi\10.3.1\thumb\v6-m\nofp\libgcc.a(subsf3.o)
 .bss           0x2000029c        0x0 C:\Users\wayne\Desktop\ELEC 291\gcc-arm-none-eabi-10.3-2021.10\lib\gcc\arm-none-eabi\10.3.1\thumb\v6-m\nofp\libgcc.a(fixsfsi.o)
 .bss           0x2000029c        0x0 C:\Users\wayne\Desktop\ELEC 291\gcc-arm-none-eabi-10.3-2021.10\lib\gcc\arm-none-eabi\10.3.1\thumb\v6-m\nofp\libgcc.a(floatsisf.o)
 .bss           0x2000029c        0x0 C:\Users\wayne\Desktop\ELEC 291\gcc-arm-none-eabi-10.3-2021.10\lib\gcc\arm-none-eabi\10.3.1\thumb\v6-m\nofp\libgcc.a(floatunsisf.o)
 .bss           0x2000029c        0x0 C:\Users\wayne\Desktop\ELEC 291\gcc-arm-none-eabi-10.3-2021.10\lib\gcc\arm-none-eabi\10.3.1\thumb\v6-m\nofp\libgcc.a(_clzsi2.o)
 .bss           0x2000029c        0x0 C:\Users\wayne\Desktop\ELEC 291\gcc-arm-none-eabi-10.3-2021.10\arm-none-eabi\lib\thumb\v6-m\nofp\libc_nano.a(lib_a-fflush.o)
 .bss           0x2000029c        0x0 C:\Users\wayne\Desktop\ELEC 291\gcc-arm-none-eabi-10.3-2021.10\arm-none-eabi\lib\thumb\v6-m\nofp\libc_nano.a(lib_a-findfp.o)
 .bss           0x2000029c        0x0 C:\Users\wayne\Desktop\ELEC 291\gcc-arm-none-eabi-10.3-2021.10\arm-none-eabi\lib\thumb\v6-m\nofp\libc_nano.a(lib_a-fwalk.o)
 .bss           0x2000029c        0x0 C:\Users\wayne\Desktop\ELEC 291\gcc-arm-none-eabi-10.3-2021.10\arm-none-eabi\lib\thumb\v6-m\nofp\libc_nano.a(lib_a-impure.o)
 .bss           0x2000029c        0x0 C:\Users\wayne\Desktop\ELEC 291\gcc-arm-none-eabi-10.3-2021.10\arm-none-eabi\lib\thumb\v6-m\nofp\libc_nano.a(lib_a-lock.o)
 .bss.__lock___arc4random_mutex
                0x2000029c        0x1 C:\Users\wayne\Desktop\ELEC 291\gcc-arm-none-eabi-10.3-2021.10\arm-none-eabi\lib\thumb\v6-m\nofp\libc_nano.a(lib_a-lock.o)
                0x2000029c                __lock___arc4random_mutex
 .bss.__lock___at_quick_exit_mutex
                0x2000029d        0x1 C:\Users\wayne\Desktop\ELEC 291\gcc-arm-none-eabi-10.3-2021.10\arm-none-eabi\lib\thumb\v6-m\nofp\libc_nano.a(lib_a-lock.o)
                0x2000029d                __lock___at_quick_exit_mutex
 .bss.__lock___atexit_recursive_mutex
                0x2000029e        0x1 C:\Users\wayne\Desktop\ELEC 291\gcc-arm-none-eabi-10.3-2021.10\arm-none-eabi\lib\thumb\v6-m\nofp\libc_nano.a(lib_a-lock.o)
                0x2000029e                __lock___atexit_recursive_mutex
 .bss.__lock___dd_hash_mutex
                0x2000029f        0x1 C:\Users\wayne\Desktop\ELEC 291\gcc-arm-none-eabi-10.3-2021.10\arm-none-eabi\lib\thumb\v6-m\nofp\libc_nano.a(lib_a-lock.o)
                0x2000029f                __lock___dd_hash_mutex
 .bss.__lock___env_recursive_mutex
                0x200002a0        0x1 C:\Users\wayne\Desktop\ELEC 291\gcc-arm-none-eabi-10.3-2021.10\arm-none-eabi\lib\thumb\v6-m\nofp\libc_nano.a(lib_a-lock.o)
                0x200002a0                __lock___env_recursive_mutex
 .bss.__lock___malloc_recursive_mutex
                0x200002a1        0x1 C:\Users\wayne\Desktop\ELEC 291\gcc-arm-none-eabi-10.3-2021.10\arm-none-eabi\lib\thumb\v6-m\nofp\libc_nano.a(lib_a-lock.o)
                0x200002a1                __lock___malloc_recursive_mutex
 .bss.__lock___sfp_recursive_mutex
                0x200002a2        0x1 C:\Users\wayne\Desktop\ELEC 291\gcc-arm-none-eabi-10.3-2021.10\arm-none-eabi\lib\thumb\v6-m\nofp\libc_nano.a(lib_a-lock.o)
                0x200002a2                __lock___sfp_recursive_mutex
 .bss.__lock___sinit_recursive_mutex
                0x200002a3        0x1 C:\Users\wayne\Desktop\ELEC 291\gcc-arm-none-eabi-10.3-2021.10\arm-none-eabi\lib\thumb\v6-m\nofp\libc_nano.a(lib_a-lock.o)
                0x200002a3                __lock___sinit_recursive_mutex
 .bss.__lock___tz_mutex
                0x200002a4        0x1 C:\Users\wayne\Desktop\ELEC 291\gcc-arm-none-eabi-10.3-2021.10\arm-none-eabi\lib\thumb\v6-m\nofp\libc_nano.a(lib_a-lock.o)
                0x200002a4                __lock___tz_mutex
 .bss           0x200002a5        0x0 C:\Users\wayne\Desktop\ELEC 291\gcc-arm-none-eabi-10.3-2021.10\arm-none-eabi\lib\thumb\v6-m\nofp\libc_nano.a(lib_a-memset.o)
 .bss           0x200002a5        0x0 C:\Users\wayne\Desktop\ELEC 291\gcc-arm-none-eabi-10.3-2021.10\arm-none-eabi\lib\thumb\v6-m\nofp\libc_nano.a(lib_a-nano-freer.o)
 .bss           0x200002a5        0x0 C:\Users\wayne\Desktop\ELEC 291\gcc-arm-none-eabi-10.3-2021.10\arm-none-eabi\lib\thumb\v6-m\nofp\libc_nano.a(lib_a-nano-mallocr.o)
 *fill*         0x200002a5        0x3 
 .bss.__malloc_free_list
                0x200002a8        0x4 C:\Users\wayne\Desktop\ELEC 291\gcc-arm-none-eabi-10.3-2021.10\arm-none-eabi\lib\thumb\v6-m\nofp\libc_nano.a(lib_a-nano-mallocr.o)
                0x200002a8                __malloc_free_list
 .bss.__malloc_sbrk_start
                0x200002ac        0x4 C:\Users\wayne\Desktop\ELEC 291\gcc-arm-none-eabi-10.3-2021.10\arm-none-eabi\lib\thumb\v6-m\nofp\libc_nano.a(lib_a-nano-mallocr.o)
                0x200002ac                __malloc_sbrk_start
 .bss           0x200002b0        0x0 C:\Users\wayne\Desktop\ELEC 291\gcc-arm-none-eabi-10.3-2021.10\arm-none-eabi\lib\thumb\v6-m\nofp\libc_nano.a(lib_a-nano-vfprintf_float.o)
 .bss           0x200002b0        0x0 C:\Users\wayne\Desktop\ELEC 291\gcc-arm-none-eabi-10.3-2021.10\arm-none-eabi\lib\thumb\v6-m\nofp\libc_nano.a(lib_a-nano-vfprintf_i.o)
 .bss           0x200002b0        0x0 C:\Users\wayne\Desktop\ELEC 291\gcc-arm-none-eabi-10.3-2021.10\arm-none-eabi\lib\thumb\v6-m\nofp\libc_nano.a(lib_a-printf.o)
 .bss           0x200002b0        0x0 C:\Users\wayne\Desktop\ELEC 291\gcc-arm-none-eabi-10.3-2021.10\arm-none-eabi\lib\thumb\v6-m\nofp\libc_nano.a(lib_a-putchar.o)
 .bss           0x200002b0        0x0 C:\Users\wayne\Desktop\ELEC 291\gcc-arm-none-eabi-10.3-2021.10\arm-none-eabi\lib\thumb\v6-m\nofp\libc_nano.a(lib_a-puts.o)
 .bss           0x200002b0        0x0 C:\Users\wayne\Desktop\ELEC 291\gcc-arm-none-eabi-10.3-2021.10\arm-none-eabi\lib\thumb\v6-m\nofp\libc_nano.a(lib_a-sbrkr.o)
 .bss           0x200002b0        0x0 C:\Users\wayne\Desktop\ELEC 291\gcc-arm-none-eabi-10.3-2021.10\arm-none-eabi\lib\thumb\v6-m\nofp\libc_nano.a(lib_a-stdio.o)
 .bss           0x200002b0        0x0 C:\Users\wayne\Desktop\ELEC 291\gcc-arm-none-eabi-10.3-2021.10\arm-none-eabi\lib\thumb\v6-m\nofp\libc_nano.a(lib_a-strlen.o)
 .bss           0x200002b0        0x0 C:\Users\wayne\Desktop\ELEC 291\gcc-arm-none-eabi-10.3-2021.10\arm-none-eabi\lib\thumb\v6-m\nofp\libc_nano.a(lib_a-wbuf.o)
 .bss           0x200002b0        0x0 C:\Users\wayne\Desktop\ELEC 291\gcc-arm-none-eabi-10.3-2021.10\arm-none-eabi\lib\thumb\v6-m\nofp\libc_nano.a(lib_a-writer.o)
 .bss           0x200002b0        0x0 C:\Users\wayne\Desktop\ELEC 291\gcc-arm-none-eabi-10.3-2021.10\arm-none-eabi\lib\thumb\v6-m\nofp\libc_nano.a(lib_a-wsetup.o)
 .bss           0x200002b0        0x0 C:\Users\wayne\Desktop\ELEC 291\gcc-arm-none-eabi-10.3-2021.10\arm-none-eabi\lib\thumb\v6-m\nofp\libc_nano.a(lib_a-closer.o)
 .bss           0x200002b0        0x0 C:\Users\wayne\Desktop\ELEC 291\gcc-arm-none-eabi-10.3-2021.10\arm-none-eabi\lib\thumb\v6-m\nofp\libc_nano.a(lib_a-dtoa.o)
 .bss           0x200002b0        0x0 C:\Users\wayne\Desktop\ELEC 291\gcc-arm-none-eabi-10.3-2021.10\arm-none-eabi\lib\thumb\v6-m\nofp\libc_nano.a(lib_a-localeconv.o)
 .bss           0x200002b0        0x0 C:\Users\wayne\Desktop\ELEC 291\gcc-arm-none-eabi-10.3-2021.10\arm-none-eabi\lib\thumb\v6-m\nofp\libc_nano.a(lib_a-lseekr.o)
 .bss           0x200002b0        0x0 C:\Users\wayne\Desktop\ELEC 291\gcc-arm-none-eabi-10.3-2021.10\arm-none-eabi\lib\thumb\v6-m\nofp\libc_nano.a(lib_a-makebuf.o)
 .bss           0x200002b0        0x0 C:\Users\wayne\Desktop\ELEC 291\gcc-arm-none-eabi-10.3-2021.10\arm-none-eabi\lib\thumb\v6-m\nofp\libc_nano.a(lib_a-malloc.o)
 .bss           0x200002b0        0x0 C:\Users\wayne\Desktop\ELEC 291\gcc-arm-none-eabi-10.3-2021.10\arm-none-eabi\lib\thumb\v6-m\nofp\libc_nano.a(lib_a-memchr-stub.o)
 .bss           0x200002b0        0x0 C:\Users\wayne\Desktop\ELEC 291\gcc-arm-none-eabi-10.3-2021.10\arm-none-eabi\lib\thumb\v6-m\nofp\libc_nano.a(lib_a-memcpy-stub.o)
 .bss           0x200002b0        0x0 C:\Users\wayne\Desktop\ELEC 291\gcc-arm-none-eabi-10.3-2021.10\arm-none-eabi\lib\thumb\v6-m\nofp\libc_nano.a(lib_a-mlock.o)
 .bss           0x200002b0        0x0 C:\Users\wayne\Desktop\ELEC 291\gcc-arm-none-eabi-10.3-2021.10\arm-none-eabi\lib\thumb\v6-m\nofp\libc_nano.a(lib_a-mprec.o)
 .bss           0x200002b0        0x0 C:\Users\wayne\Desktop\ELEC 291\gcc-arm-none-eabi-10.3-2021.10\arm-none-eabi\lib\thumb\v6-m\nofp\libc_nano.a(lib_a-nano-callocr.o)
 .bss           0x200002b0        0x0 C:\Users\wayne\Desktop\ELEC 291\gcc-arm-none-eabi-10.3-2021.10\arm-none-eabi\lib\thumb\v6-m\nofp\libc_nano.a(lib_a-nano-vfprintf.o)
 .bss           0x200002b0        0x0 C:\Users\wayne\Desktop\ELEC 291\gcc-arm-none-eabi-10.3-2021.10\arm-none-eabi\lib\thumb\v6-m\nofp\libc_nano.a(lib_a-putc.o)
 .bss           0x200002b0        0x0 C:\Users\wayne\Desktop\ELEC 291\gcc-arm-none-eabi-10.3-2021.10\arm-none-eabi\lib\thumb\v6-m\nofp\libc_nano.a(lib_a-readr.o)
 .bss           0x200002b0        0x0 C:\Users\wayne\Desktop\ELEC 291\gcc-arm-none-eabi-10.3-2021.10\arm-none-eabi\lib\thumb\v6-m\nofp\libc_nano.a(lib_a-assert.o)
 .bss           0x200002b0        0x0 C:\Users\wayne\Desktop\ELEC 291\gcc-arm-none-eabi-10.3-2021.10\arm-none-eabi\lib\thumb\v6-m\nofp\libc_nano.a(lib_a-fprintf.o)
 .bss           0x200002b0        0x0 C:\Users\wayne\Desktop\ELEC 291\gcc-arm-none-eabi-10.3-2021.10\arm-none-eabi\lib\thumb\v6-m\nofp\libc_nano.a(lib_a-fstatr.o)
 .bss           0x200002b0        0x0 C:\Users\wayne\Desktop\ELEC 291\gcc-arm-none-eabi-10.3-2021.10\arm-none-eabi\lib\thumb\v6-m\nofp\libc_nano.a(lib_a-fvwrite.o)
 .bss           0x200002b0        0x0 C:\Users\wayne\Desktop\ELEC 291\gcc-arm-none-eabi-10.3-2021.10\arm-none-eabi\lib\thumb\v6-m\nofp\libc_nano.a(lib_a-isattyr.o)
 .bss           0x200002b0        0x0 C:\Users\wayne\Desktop\ELEC 291\gcc-arm-none-eabi-10.3-2021.10\arm-none-eabi\lib\thumb\v6-m\nofp\libc_nano.a(lib_a-locale.o)
 .bss._PathLocale
                0x200002b0        0x4 C:\Users\wayne\Desktop\ELEC 291\gcc-arm-none-eabi-10.3-2021.10\arm-none-eabi\lib\thumb\v6-m\nofp\libc_nano.a(lib_a-locale.o)
                0x200002b0                _PathLocale
 .bss           0x200002b4        0x0 C:\Users\wayne\Desktop\ELEC 291\gcc-arm-none-eabi-10.3-2021.10\arm-none-eabi\lib\thumb\v6-m\nofp\libc_nano.a(lib_a-mbtowc_r.o)
 .bss           0x200002b4        0x0 C:\Users\wayne\Desktop\ELEC 291\gcc-arm-none-eabi-10.3-2021.10\arm-none-eabi\lib\thumb\v6-m\nofp\libc_nano.a(lib_a-memmove.o)
 .bss           0x200002b4        0x0 C:\Users\wayne\Desktop\ELEC 291\gcc-arm-none-eabi-10.3-2021.10\arm-none-eabi\lib\thumb\v6-m\nofp\libc_nano.a(lib_a-nano-reallocr.o)
 .bss           0x200002b4        0x0 C:\Users\wayne\Desktop\ELEC 291\gcc-arm-none-eabi-10.3-2021.10\arm-none-eabi\lib\thumb\v6-m\nofp\libc_nano.a(lib_a-strcmp.o)
 .bss           0x200002b4        0x0 C:\Users\wayne\Desktop\ELEC 291\gcc-arm-none-eabi-10.3-2021.10\arm-none-eabi\lib\thumb\v6-m\nofp\libc_nano.a(lib_a-wctomb_r.o)
 .bss           0x200002b4        0x0 C:\Users\wayne\Desktop\ELEC 291\gcc-arm-none-eabi-10.3-2021.10\arm-none-eabi\lib\thumb\v6-m\nofp\libc_nano.a(lib_a-abort.o)
 .bss           0x200002b4        0x0 C:\Users\wayne\Desktop\ELEC 291\gcc-arm-none-eabi-10.3-2021.10\arm-none-eabi\lib\thumb\v6-m\nofp\libc_nano.a(lib_a-ctype_.o)
 .bss           0x200002b4        0x0 C:\Users\wayne\Desktop\ELEC 291\gcc-arm-none-eabi-10.3-2021.10\arm-none-eabi\lib\thumb\v6-m\nofp\libc_nano.a(lib_a-nano-msizer.o)
 .bss           0x200002b4        0x0 C:\Users\wayne\Desktop\ELEC 291\gcc-arm-none-eabi-10.3-2021.10\arm-none-eabi\lib\thumb\v6-m\nofp\libc_nano.a(lib_a-signal.o)
 .bss           0x200002b4        0x0 C:\Users\wayne\Desktop\ELEC 291\gcc-arm-none-eabi-10.3-2021.10\arm-none-eabi\lib\thumb\v6-m\nofp\libc_nano.a(lib_a-signalr.o)
 .bss           0x200002b4        0x0 C:\Users\wayne\Desktop\ELEC 291\gcc-arm-none-eabi-10.3-2021.10\lib\gcc\arm-none-eabi\10.3.1\thumb\v6-m\nofp\libgcc.a(_thumb1_case_uqi.o)
 .bss           0x200002b4        0x0 C:\Users\wayne\Desktop\ELEC 291\gcc-arm-none-eabi-10.3-2021.10\lib\gcc\arm-none-eabi\10.3.1\thumb\v6-m\nofp\libgcc.a(_thumb1_case_shi.o)
 .bss           0x200002b4        0x0 C:\Users\wayne\Desktop\ELEC 291\gcc-arm-none-eabi-10.3-2021.10\lib\gcc\arm-none-eabi\10.3.1\thumb\v6-m\nofp\libgcc.a(_arm_cmpdf2.o)
 .bss           0x200002b4        0x0 C:\Users\wayne\Desktop\ELEC 291\gcc-arm-none-eabi-10.3-2021.10\lib\gcc\arm-none-eabi\10.3.1\thumb\v6-m\nofp\libgcc.a(adddf3.o)
 .bss           0x200002b4        0x0 C:\Users\wayne\Desktop\ELEC 291\gcc-arm-none-eabi-10.3-2021.10\lib\gcc\arm-none-eabi\10.3.1\thumb\v6-m\nofp\libgcc.a(divdf3.o)
 .bss           0x200002b4        0x0 C:\Users\wayne\Desktop\ELEC 291\gcc-arm-none-eabi-10.3-2021.10\lib\gcc\arm-none-eabi\10.3.1\thumb\v6-m\nofp\libgcc.a(eqdf2.o)
 .bss           0x200002b4        0x0 C:\Users\wayne\Desktop\ELEC 291\gcc-arm-none-eabi-10.3-2021.10\lib\gcc\arm-none-eabi\10.3.1\thumb\v6-m\nofp\libgcc.a(gedf2.o)
 .bss           0x200002b4        0x0 C:\Users\wayne\Desktop\ELEC 291\gcc-arm-none-eabi-10.3-2021.10\lib\gcc\arm-none-eabi\10.3.1\thumb\v6-m\nofp\libgcc.a(ledf2.o)
 .bss           0x200002b4        0x0 C:\Users\wayne\Desktop\ELEC 291\gcc-arm-none-eabi-10.3-2021.10\lib\gcc\arm-none-eabi\10.3.1\thumb\v6-m\nofp\libgcc.a(muldf3.o)
 .bss           0x200002b4        0x0 C:\Users\wayne\Desktop\ELEC 291\gcc-arm-none-eabi-10.3-2021.10\lib\gcc\arm-none-eabi\10.3.1\thumb\v6-m\nofp\libgcc.a(subdf3.o)
 .bss           0x200002b4        0x0 C:\Users\wayne\Desktop\ELEC 291\gcc-arm-none-eabi-10.3-2021.10\lib\gcc\arm-none-eabi\10.3.1\thumb\v6-m\nofp\libgcc.a(unorddf2.o)
 .bss           0x200002b4        0x0 C:\Users\wayne\Desktop\ELEC 291\gcc-arm-none-eabi-10.3-2021.10\lib\gcc\arm-none-eabi\10.3.1\thumb\v6-m\nofp\libgcc.a(fixdfsi.o)
 .bss           0x200002b4        0x0 C:\Users\wayne\Desktop\ELEC 291\gcc-arm-none-eabi-10.3-2021.10\lib\gcc\arm-none-eabi\10.3.1\thumb\v6-m\nofp\libgcc.a(floatsidf.o)
 .bss           0x200002b4        0x0 C:\Users\wayne\Desktop\ELEC 291\gcc-arm-none-eabi-10.3-2021.10\lib\gcc\arm-none-eabi\10.3.1\thumb\v6-m\nofp\libgcc.a(floatunsidf.o)
 *(COMMON)
                0x200002b4                . = ALIGN (0x4)
                0x200002b4                _ebss = .
                [!provide]                PROVIDE (end = .)
                0x200002b4                PROVIDE (_HeapStart = .)
                0x20002000                PROVIDE (_StackTop = (ORIGIN (ram) + LENGTH (ram)))
OUTPUT(main.elf elf32-littlearm)
LOAD linker stubs

.debug_info     0x00000000     0x3b04
 .debug_info    0x00000000      0x3e3 main.o
 .debug_info    0x000003e3      0x3ad startup.o
 .debug_info    0x00000790      0x82d serial.o
 .debug_info    0x00000fbd      0x724 newlib_stubs.o
 .debug_info    0x000016e1      0xd1b collision.o
 .debug_info    0x000023fc      0x56a motor.o
 .debug_info    0x00002966      0x40c ADC.o
 .debug_info    0x00002d72      0x6cb decoder.o
 .debug_info    0x0000343d      0x402 uart.o
 .debug_info    0x0000383f      0x2c5 vl53l0x.o

.debug_abbrev   0x00000000      0xf3a
 .debug_abbrev  0x00000000      0x165 main.o
 .debug_abbrev  0x00000165      0x174 startup.o
 .debug_abbrev  0x000002d9      0x1f5 serial.o
 .debug_abbrev  0x000004ce      0x17b newlib_stubs.o
 .debug_abbrev  0x00000649      0x230 collision.o
 .debug_abbrev  0x00000879      0x171 motor.o
 .debug_abbrev  0x000009ea      0x137 ADC.o
 .debug_abbrev  0x00000b21      0x1b0 decoder.o
 .debug_abbrev  0x00000cd1      0x10f uart.o
 .debug_abbrev  0x00000de0      0x15a vl53l0x.o

.debug_aranges  0x00000000      0x148
 .debug_aranges
                0x00000000       0x20 main.o
 .debug_aranges
                0x00000020       0x28 startup.o
 .debug_aranges
                0x00000048       0x20 serial.o
 .debug_aranges
                0x00000068       0x20 newlib_stubs.o
 .debug_aranges
                0x00000088       0x20 collision.o
 .debug_aranges
                0x000000a8       0x20 motor.o
 .debug_aranges
                0x000000c8       0x20 ADC.o
 .debug_aranges
                0x000000e8       0x20 decoder.o
 .debug_aranges
                0x00000108       0x20 uart.o
 .debug_aranges
                0x00000128       0x20 vl53l0x.o

.debug_line     0x00000000     0x1eea
 .debug_line    0x00000000      0x29e main.o
 .debug_line    0x0000029e      0x280 startup.o
 .debug_line    0x0000051e      0x4be serial.o
 .debug_line    0x000009dc      0x2b0 newlib_stubs.o
 .debug_line    0x00000c8c      0x3d0 collision.o
 .debug_line    0x0000105c      0x34e motor.o
 .debug_line    0x000013aa      0x1bd ADC.o
 .debug_line    0x00001567      0x26f decoder.o
 .debug_line    0x000017d6      0x1a0 uart.o
 .debug_line    0x00001976      0x574 vl53l0x.o

.debug_str      0x00000000     0x107f
 .debug_str     0x00000000      0x202 main.o
                                0x24b (size before relaxing)
 .debug_str     0x00000202      0x190 startup.o
                                0x2c3 (size before relaxing)
 .debug_str     0x00000392      0x175 serial.o
                                0x39b (size before relaxing)
 .debug_str     0x00000507      0x218 newlib_stubs.o
                                0x3c4 (size before relaxing)
 .debug_str     0x0000071f      0x459 collision.o
                                0x6b5 (size before relaxing)
 .debug_str     0x00000b78       0x9d motor.o
                                0x2f4 (size before relaxing)
 .debug_str     0x00000c15       0x72 ADC.o
                                0x2a9 (size before relaxing)
 .debug_str     0x00000c87      0x209 decoder.o
                                0x4d5 (size before relaxing)
 .debug_str     0x00000e90       0x43 uart.o
                                0x271 (size before relaxing)
 .debug_str     0x00000ed3      0x1ac vl53l0x.o
                                0x2ff (size before relaxing)

.comment        0x00000000       0x49
 .comment       0x00000000       0x49 main.o
                                 0x4a (size before relaxing)
 .comment       0x00000049       0x4a startup.o
 .comment       0x00000049       0x4a serial.o
 .comment       0x00000049       0x4a newlib_stubs.o
 .comment       0x00000049       0x4a collision.o
 .comment       0x00000049       0x4a motor.o
 .comment       0x00000049       0x4a ADC.o
 .comment       0x00000049       0x4a decoder.o
 .comment       0x00000049       0x4a uart.o
 .comment       0x00000049       0x4a vl53l0x.o

.ARM.attributes
                0x00000000       0x2a
 .ARM.attributes
                0x00000000       0x2c main.o
 .ARM.attributes
                0x0000002c       0x2c startup.o
 .ARM.attributes
                0x00000058       0x2c serial.o
 .ARM.attributes
                0x00000084       0x2c newlib_stubs.o
 .ARM.attributes
                0x000000b0       0x2c collision.o
 .ARM.attributes