Archive member included to satisfy reference by file (symbol)

C:\Program Files (x86)\Arm\GNU Toolchain mingw-w64-i686-arm-none-eabi\arm-none-eabi\lib\thumb\v6-m\nofp\libnosys.a(errno.o)
                              newlib_stubs.o (errno)
C:\Program Files (x86)\Arm\GNU Toolchain mingw-w64-i686-arm-none-eabi\lib\gcc\arm-none-eabi\15.2.1\thumb\v6-m\nofp\libgcc.a(_udivsi3.o)
                              uart.o (__aeabi_uidiv)
C:\Program Files (x86)\Arm\GNU Toolchain mingw-w64-i686-arm-none-eabi\lib\gcc\arm-none-eabi\15.2.1\thumb\v6-m\nofp\libgcc.a(_divsi3.o)
                              serial.o (__aeabi_idiv)
C:\Program Files (x86)\Arm\GNU Toolchain mingw-w64-i686-arm-none-eabi\lib\gcc\arm-none-eabi\15.2.1\thumb\v6-m\nofp\libgcc.a(_dvmd_tls.o)
                              C:\Program Files (x86)\Arm\GNU Toolchain mingw-w64-i686-arm-none-eabi\lib\gcc\arm-none-eabi\15.2.1\thumb\v6-m\nofp\libgcc.a(_udivsi3.o) (__aeabi_idiv0)
C:\Program Files (x86)\Arm\GNU Toolchain mingw-w64-i686-arm-none-eabi\lib\gcc\arm-none-eabi\15.2.1\thumb\v6-m\nofp\libgcc.a(_arm_cmpsf2.o)
                              motor.o (__aeabi_fcmplt)
C:\Program Files (x86)\Arm\GNU Toolchain mingw-w64-i686-arm-none-eabi\lib\gcc\arm-none-eabi\15.2.1\thumb\v6-m\nofp\libgcc.a(addsf3.o)
                              motor.o (__aeabi_fadd)
C:\Program Files (x86)\Arm\GNU Toolchain mingw-w64-i686-arm-none-eabi\lib\gcc\arm-none-eabi\15.2.1\thumb\v6-m\nofp\libgcc.a(divsf3.o)
                              motor.o (__aeabi_fdiv)
C:\Program Files (x86)\Arm\GNU Toolchain mingw-w64-i686-arm-none-eabi\lib\gcc\arm-none-eabi\15.2.1\thumb\v6-m\nofp\libgcc.a(eqsf2.o)
                              C:\Program Files (x86)\Arm\GNU Toolchain mingw-w64-i686-arm-none-eabi\lib\gcc\arm-none-eabi\15.2.1\thumb\v6-m\nofp\libgcc.a(_arm_cmpsf2.o) (__eqsf2)
C:\Program Files (x86)\Arm\GNU Toolchain mingw-w64-i686-arm-none-eabi\lib\gcc\arm-none-eabi\15.2.1\thumb\v6-m\nofp\libgcc.a(gesf2.o)
                              C:\Program Files (x86)\Arm\GNU Toolchain mingw-w64-i686-arm-none-eabi\lib\gcc\arm-none-eabi\15.2.1\thumb\v6-m\nofp\libgcc.a(_arm_cmpsf2.o) (__gesf2)
C:\Program Files (x86)\Arm\GNU Toolchain mingw-w64-i686-arm-none-eabi\lib\gcc\arm-none-eabi\15.2.1\thumb\v6-m\nofp\libgcc.a(lesf2.o)
                              C:\Program Files (x86)\Arm\GNU Toolchain mingw-w64-i686-arm-none-eabi\lib\gcc\arm-none-eabi\15.2.1\thumb\v6-m\nofp\libgcc.a(_arm_cmpsf2.o) (__lesf2)
C:\Program Files (x86)\Arm\GNU Toolchain mingw-w64-i686-arm-none-eabi\lib\gcc\arm-none-eabi\15.2.1\thumb\v6-m\nofp\libgcc.a(mulsf3.o)
                              motor.o (__aeabi_fmul)
C:\Program Files (x86)\Arm\GNU Toolchain mingw-w64-i686-arm-none-eabi\lib\gcc\arm-none-eabi\15.2.1\thumb\v6-m\nofp\libgcc.a(subsf3.o)
                              motor.o (__aeabi_fsub)
C:\Program Files (x86)\Arm\GNU Toolchain mingw-w64-i686-arm-none-eabi\lib\gcc\arm-none-eabi\15.2.1\thumb\v6-m\nofp\libgcc.a(fixsfsi.o)
                              motor.o (__aeabi_f2iz)
C:\Program Files (x86)\Arm\GNU Toolchain mingw-w64-i686-arm-none-eabi\lib\gcc\arm-none-eabi\15.2.1\thumb\v6-m\nofp\libgcc.a(_clzsi2.o)
                              C:\Program Files (x86)\Arm\GNU Toolchain mingw-w64-i686-arm-none-eabi\lib\gcc\arm-none-eabi\15.2.1\thumb\v6-m\nofp\libgcc.a(addsf3.o) (__clzsi2)
C:\Program Files (x86)\Arm\GNU Toolchain mingw-w64-i686-arm-none-eabi\arm-none-eabi\lib\thumb\v6-m\nofp\libc_nano.a(libc_a-nano-vfprintf_float.o)
                              (_printf_float)
C:\Program Files (x86)\Arm\GNU Toolchain mingw-w64-i686-arm-none-eabi\arm-none-eabi\lib\thumb\v6-m\nofp\libc_nano.a(libc_a-nano-vfprintf_i.o)
                              C:\Program Files (x86)\Arm\GNU Toolchain mingw-w64-i686-arm-none-eabi\arm-none-eabi\lib\thumb\v6-m\nofp\libc_nano.a(libc_a-nano-vfprintf_float.o) (_printf_common)
C:\Program Files (x86)\Arm\GNU Toolchain mingw-w64-i686-arm-none-eabi\arm-none-eabi\lib\thumb\v6-m\nofp\libc_nano.a(libc_a-fflush.o)
                              collision.o (fflush)
C:\Program Files (x86)\Arm\GNU Toolchain mingw-w64-i686-arm-none-eabi\arm-none-eabi\lib\thumb\v6-m\nofp\libc_nano.a(libc_a-findfp.o)
                              C:\Program Files (x86)\Arm\GNU Toolchain mingw-w64-i686-arm-none-eabi\arm-none-eabi\lib\thumb\v6-m\nofp\libc_nano.a(libc_a-fflush.o) (__sglue)
C:\Program Files (x86)\Arm\GNU Toolchain mingw-w64-i686-arm-none-eabi\arm-none-eabi\lib\thumb\v6-m\nofp\libc_nano.a(libc_a-fwalk.o)
                              C:\Program Files (x86)\Arm\GNU Toolchain mingw-w64-i686-arm-none-eabi\arm-none-eabi\lib\thumb\v6-m\nofp\libc_nano.a(libc_a-fflush.o) (_fwalk_sglue)
C:\Program Files (x86)\Arm\GNU Toolchain mingw-w64-i686-arm-none-eabi\arm-none-eabi\lib\thumb\v6-m\nofp\libc_nano.a(libc_a-printf.o)
                              collision.o (printf)
C:\Program Files (x86)\Arm\GNU Toolchain mingw-w64-i686-arm-none-eabi\arm-none-eabi\lib\thumb\v6-m\nofp\libc_nano.a(libc_a-putchar.o)
[...]
Memory Configuration

Name             Origin             Length             Attributes
flash            0x08000000         0x00010000
ram              0x20000000         0x00002000
*default*        0x00000000         0xffffffff

Linker script and memory map

LOAD main.o
LOAD startup.o
LOAD serial.o
LOAD newlib_stubs.o
LOAD collision.o
LOAD motor.o
LOAD ADC.o
LOAD decoder.o
LOAD uart.o
LOAD vl53l0x.o
LOAD C:\Program Files (x86)\Arm\GNU Toolchain mingw-w64-i686-arm-none-eabi\arm-none-eabi\lib\thumb\v6-m\nofp\libnosys.a
LOAD C:\Program Files (x86)\Arm\GNU Toolchain mingw-w64-i686-arm-none-eabi\lib\gcc\arm-none-eabi\15.2.1\thumb\v6-m\nofp\libgcc.a
START GROUP
LOAD C:\Program Files (x86)\Arm\GNU Toolchain mingw-w64-i686-arm-none-eabi\lib\gcc\arm-none-eabi\15.2.1\thumb\v6-m\nofp\libgcc.a
LOAD C:\Program Files (x86)\Arm\GNU Toolchain mingw-w64-i686-arm-none-eabi\arm-none-eabi\lib\thumb\v6-m\nofp\libc_nano.a
LOAD C:\Program Files (x86)\Arm\GNU Toolchain mingw-w64-i686-arm-none-eabi\arm-none-eabi\lib\thumb\v6-m\nofp\libm.a
END GROUP

.text           0x08000000     0x95ec
 *(.vectors)
 .vectors       0x08000000       0xb8 startup.o
                0x08000000                Vectors
 *(.after_vectors*)
 .after_vectors
                0x080000b8       0x28 startup.o
                0x080000b8                ResetInit
 *(.text*)
 .text          0x080000e0      0x18c main.o
                0x080000e0                delay
                0x080000fe                wait_1ms
                0x08000138                waitms
                0x0800015a                GetPeriod
                0x08000254                main
 .text          0x0800026c      0x1a8 startup.o
                0x080002e4                initClock
                0x080003ec                EXTI2_3_Handler
                0x080003ec                TIM21_Handler
                0x080003ec                SysTick_Handler
                0x080003ec                I2C1_Handler
                0x080003ec                PendSV_Handler
                0x080003ec                NMI_Handler
                0x080003ec                WWDG_Handler
                0x080003ec                RTC_Handler
                0x080003ec                EXTI4_15_Handler
                0x080003ec                TIM2_Handler
                0x080003ec                DMA_CH4_5_6_7_Handler
                0x080003ec                Default_Handler
                0x080003ec                LPUART1_Handler
                0x080003ec                FLASH_Handler
                0x080003ec                EXTI0_1_Handler
                0x080003ec                DMA_CH1_Handler
                0x080003ec                SPI2_Handler
                0x080003ec                DMA_CH2_3_Handler
                0x080003ec                I2C2_Handler
                0x080003ec                SVC_Handler
                0x080003ec                LPTIM1_Handler
                0x080003ec                USART2_Handler
                0x080003ec                SPI1_Handler
                0x080003ec                RCC_Handler
                0x080003ec                PVD_Handler
                0x080003ec                TIM6_Handler
                0x080003ec                TIM22_Handler
                0x080003ec                ADC_COMP_Handler
                0x08000400                Hard_Fault_Handler
 .text          0x08000414      0x5b4 serial.o
                0x08000414                ReadCom
                0x08000488                WriteCom
                0x08000528                initUART
                0x08000678                USART1_Handler
                0x080006a4                usart_rx
                0x080006d4                usart_tx
                0x0800073c                PutBuf
                0x0800079e                GetBuf
                0x080007f4                GetBufCount
                0x08000808                eputs
                0x08000844                eputc
                0x08000862                egetc
                0x0800087c                egets
                0x08000908                egetc_echo
                0x0800092e                egets_echo
 .text          0x080009c8      0x29c newlib_stubs.o
                0x080009c8                _exit
                0x080009d2                _close
                0x080009e6                _execve
                0x08000a08                _fork
                0x08000a20                _fstat
                0x08000a3c                _getpid
                0x08000a48                _kill
                0x08000a68                _link
                0x08000a88                _lseek
                0x08000a9e                _stat
                0x08000aba                _times
                0x08000ace                _unlink
                0x08000aec                _wait
                0x08000b0c                _isatty
                0x08000b34                _sbrk
                0x08000b98                _read
                0x08000c10                _write
 .text          0x08000c64      0x414 collision.o
                0x08000c64                I2C_init
                0x08000d00                i2c_read_addr8_data8
                0x08000da0                i2c_read_addr8_data16
                0x08000e64                i2c_write_addr8_data8
                0x08000ee4                validate_I2C_interface
                0x08000fa8                coll_init
                0x08001020                coll_loop
 .text          0x08001078      0x450 motor.o
                0x08001078                Motor_Init
                0x080011fc                Motor_SetPWM
                0x080012b0                PID_Init
                0x080012e4                PID_Compute
                0x080013b4                Motor_Drive
 .text          0x080014c8      0x120 ADC.o
                0x080014c8                ADC_Init
                0x0800158c                ADC_Read_Channel
 .text          0x080015e8      0x2a0 decoder.o
                0x08001614                initialize_decoder
                0x0800169c                initialize_timer22
                0x08001720                TIM22_IRQHandler
                0x080017ac                decode
 .text          0x08001888      0x168 uart.o
                0x08001888                UART2_Init
                0x0800191c                UART2_WriteChar
                0x08001948                UART2_WriteString
                0x08001972                UART2_WriteInt
 .text          0x080019f0      0xdd8 vl53l0x.o
                0x0800259c                vl53l0x_init
                0x08002600                vl53l0x_read_range_single
 .text          0x080027c8        0x0 C:\Program Files (x86)\Arm\GNU Toolchain mingw-w64-i686-arm-none-eabi\arm-none-eabi\lib\thumb\v6-m\nofp\libnosys.a(errno.o)
 .text          0x080027c8      0x114 C:\Program Files (x86)\Arm\GNU Toolchain mingw-w64-i686-arm-none-eabi\lib\gcc\arm-none-eabi\15.2.1\thumb\v6-m\nofp\libgcc.a(_udivsi3.o)
                0x080027c8                __aeabi_uidiv
                0x080027c8                __udivsi3
                0x080028d4                __aeabi_uidivmod
 .text          0x080028dc      0x1d4 C:\Program Files (x86)\Arm\GNU Toolchain mingw-w64-i686-arm-none-eabi\lib\gcc\arm-none-eabi\15.2.1\thumb\v6-m\nofp\libgcc.a(_divsi3.o)
                0x080028dc                __divsi3
                0x080028dc                __aeabi_idiv
                0x08002aa8                __aeabi_idivmod
 .text          0x08002ab0        0x4 C:\Program Files (x86)\Arm\GNU Toolchain mingw-w64-i686-arm-none-eabi\lib\gcc\arm-none-eabi\15.2.1\thumb\v6-m\nofp\libgcc.a(_dvmd_tls.o)
                0x08002ab0                __aeabi_idiv0
                0x08002ab0                __aeabi_ldiv0
 .text          0x08002ab4       0x74 C:\Program Files (x86)\Arm\GNU Toolchain mingw-w64-i686-arm-none-eabi\lib\gcc\arm-none-eabi\15.2.1\thumb\v6-m\nofp\libgcc.a(_arm_cmpsf2.o)
                0x08002ab4                __aeabi_cfrcmple
                0x08002abc                __aeabi_cfcmpeq
                0x08002abc                __aeabi_cfcmple
                0x08002acc                __aeabi_fcmpeq
                0x08002ad8                __aeabi_fcmplt
                0x08002aec                __aeabi_fcmple
                0x08002b00                __aeabi_fcmpgt
                0x08002b14                __aeabi_fcmpge
 .text          0x08002b28        0x0 C:\Program Files (x86)\Arm\GNU Toolchain mingw-w64-i686-arm-none-eabi\lib\gcc\arm-none-eabi\15.2.1\thumb\v6-m\nofp\libgcc.a(addsf3.o)
 .text.__aeabi_fadd
                0x08002b28      0x458 C:\Program Files (x86)\Arm\GNU Toolchain mingw-w64-i686-arm-none-eabi\lib\gcc\arm-none-eabi\15.2.1\thumb\v6-m\nofp\libgcc.a(addsf3.o)
                0x08002b28                __aeabi_fadd
 .text          0x08002f80        0x0 C:\Program Files (x86)\Arm\GNU Toolchain mingw-w64-i686-arm-none-eabi\lib\gcc\arm-none-eabi\15.2.1\thumb\v6-m\nofp\libgcc.a(divsf3.o)
 .text.__aeabi_fdiv
                0x08002f80      0x22c C:\Program Files (x86)\Arm\GNU Toolchain mingw-w64-i686-arm-none-eabi\lib\gcc\arm-none-eabi\15.2.1\thumb\v6-m\nofp\libgcc.a(divsf3.o)
                0x08002f80                __aeabi_fdiv
 .text          0x080031ac        0x0 C:\Program Files (x86)\Arm\GNU Toolchain mingw-w64-i686-arm-none-eabi\lib\gcc\arm-none-eabi\15.2.1\thumb\v6-m\nofp\libgcc.a(eqsf2.o)
 .text.__eqsf2  0x080031ac       0x58 C:\Program Files (x86)\Arm\GNU Toolchain mingw-w64-i686-arm-none-eabi\lib\gcc\arm-none-eabi\15.2.1\thumb\v6-m\nofp\libgcc.a(eqsf2.o)
                0x080031ac                __eqsf2
                0x080031ac                __nesf2
 .text          0x08003204        0x0 C:\Program Files (x86)\Arm\GNU Toolchain mingw-w64-i686-arm-none-eabi\lib\gcc\arm-none-eabi\15.2.1\thumb\v6-m\nofp\libgcc.a(gesf2.o)
 .text.__gesf2  0x08003204       0xa0 C:\Program Files (x86)\Arm\GNU Toolchain mingw-w64-i686-arm-none-eabi\lib\gcc\arm-none-eabi\15.2.1\thumb\v6-m\nofp\libgcc.a(gesf2.o)
                0x08003204                __gesf2
                0x08003204                __gtsf2
 .text          0x080032a4        0x0 C:\Program Files (x86)\Arm\GNU Toolchain mingw-w64-i686-arm-none-eabi\lib\gcc\arm-none-eabi\15.2.1\thumb\v6-m\nofp\libgcc.a(lesf2.o)
 .text.__lesf2  0x080032a4       0xa0 C:\Program Files (x86)\Arm\GNU Toolchain mingw-w64-i686-arm-none-eabi\lib\gcc\arm-none-eabi\15.2.1\thumb\v6-m\nofp\libgcc.a(lesf2.o)
                0x080032a4                __ltsf2
                0x080032a4                __lesf2
 .text          0x08003344        0x0 C:\Program Files (x86)\Arm\GNU Toolchain mingw-w64-i686-arm-none-eabi\lib\gcc\arm-none-eabi\15.2.1\thumb\v6-m\nofp\libgcc.a(mulsf3.o)
 .text.__aeabi_fmul
                0x08003344      0x294 C:\Program Files (x86)\Arm\GNU Toolchain mingw-w64-i686-arm-none-eabi\lib\gcc\arm-none-eabi\15.2.1\thumb\v6-m\nofp\libgcc.a(mulsf3.o)
                0x08003344                __aeabi_fmul
 .text          0x080035d8        0x0 C:\Program Files (x86)\Arm\GNU Toolchain mingw-w64-i686-arm-none-eabi\lib\gcc\arm-none-eabi\15.2.1\thumb\v6-m\nofp\libgcc.a(subsf3.o)
 .text.__aeabi_fsub
                0x080035d8      0x494 C:\Program Files (x86)\Arm\GNU Toolchain mingw-w64-i686-arm-none-eabi\lib\gcc\arm-none-eabi\15.2.1\thumb\v6-m\nofp\libgcc.a(subsf3.o)
                0x080035d8                __aeabi_fsub
 .text          0x08003a6c        0x0 C:\Program Files (x86)\Arm\GNU Toolchain mingw-w64-i686-arm-none-eabi\lib\gcc\arm-none-eabi\15.2.1\thumb\v6-m\nofp\libgcc.a(fixsfsi.o)
 .text.__aeabi_f2iz
                0x08003a6c       0x40 C:\Program Files (x86)\Arm\GNU Toolchain mingw-w64-i686-arm-none-eabi\lib\gcc\arm-none-eabi\15.2.1\thumb\v6-m\nofp\libgcc.a(fixsfsi.o)
                0x08003a6c                __aeabi_f2iz
 .text          0x08003aac       0x3c C:\Program Files (x86)\Arm\GNU Toolchain mingw-w64-i686-arm-none-eabi\lib\gcc\arm-none-eabi\15.2.1\thumb\v6-m\nofp\libgcc.a(_clzsi2.o)
                0x08003aac                __clzsi2
 .text          0x08003ae8        0x0 C:\Program Files (x86)\Arm\GNU Toolchain mingw-w64-i686-arm-none-eabi\arm-none-eabi\lib\thumb\v6-m\nofp\libc_nano.a(libc_a-nano-vfprintf_float.o)
 .text.__cvt    0x08003ae8       0xcc C:\Program Files (x86)\Arm\GNU Toolchain mingw-w64-i686-arm-none-eabi\arm-none-eabi\lib\thumb\v6-m\nofp\libc_nano.a(libc_a-nano-vfprintf_float.o)
                0x08003ae8                __cvt
 .text.__exponent
                0x08003bb4       0x82 C:\Program Files (x86)\Arm\GNU Toolchain mingw-w64-i686-arm-none-eabi\arm-none-eabi\lib\thumb\v6-m\nofp\libc_nano.a(libc_a-nano-vfprintf_float.o)
                0x08003bb4                __exponent
 *fill*         0x08003c36        0x2 
 .text._printf_float
                0x08003c38      0x458 C:\Program Files (x86)\Arm\GNU Toolchain mingw-w64-i686-arm-none-eabi\arm-none-eabi\lib\thumb\v6-m\nofp\libc_nano.a(libc_a-nano-vfprintf_float.o)
                0x08003c38                _printf_float
 .text          0x08004090        0x0 C:\Program Files (x86)\Arm\GNU Toolchain mingw-w64-i686-arm-none-eabi\arm-none-eabi\lib\thumb\v6-m\nofp\libc_nano.a(libc_a-nano-vfprintf_i.o)
 .text._printf_common
                0x08004090       0xde C:\Program Files (x86)\Arm\GNU Toolchain mingw-w64-i686-arm-none-eabi\arm-none-eabi\lib\thumb\v6-m\nofp\libc_nano.a(libc_a-nano-vfprintf_i.o)
                0x08004090                _printf_common
 *fill*         0x0800416e        0x2 
 .text._printf_i
                0x08004170      0x214 C:\Program Files (x86)\Arm\GNU Toolchain mingw-w64-i686-arm-none-eabi\arm-none-eabi\lib\thumb\v6-m\nofp\libc_nano.a(libc_a-nano-vfprintf_i.o)
                0x08004170                _printf_i
 .text          0x08004384        0x0 C:\Program Files (x86)\Arm\GNU Toolchain mingw-w64-i686-arm-none-eabi\arm-none-eabi\lib\thumb\v6-m\nofp\libc_nano.a(libc_a-fflush.o)
 .text.__sflush_r
                0x08004384      0x10c C:\Program Files (x86)\Arm\GNU Toolchain mingw-w64-i686-arm-none-eabi\arm-none-eabi\lib\thumb\v6-m\nofp\libc_nano.a(libc_a-fflush.o)
                0x08004384                __sflush_r
 .text._fflush_r
                0x08004490       0x56 C:\Program Files (x86)\Arm\GNU Toolchain mingw-w64-i686-arm-none-eabi\arm-none-eabi\lib\thumb\v6-m\nofp\libc_nano.a(libc_a-fflush.o)
                0x08004490                _fflush_r
 *fill*         0x080044e6        0x2 
 .text.fflush   0x080044e8       0x30 C:\Program Files (x86)\Arm\GNU Toolchain mingw-w64-i686-arm-none-eabi\arm-none-eabi\lib\thumb\v6-m\nofp\libc_nano.a(libc_a-fflush.o)
                0x080044e8                fflush
 .text          0x08004518        0x0 C:\Program Files (x86)\Arm\GNU Toolchain mingw-w64-i686-arm-none-eabi\arm-none-eabi\lib\thumb\v6-m\nofp\libc_nano.a(libc_a-findfp.o)
 .text.std      0x08004518       0x6c C:\Program Files (x86)\Arm\GNU Toolchain mingw-w64-i686-arm-none-eabi\arm-none-eabi\lib\thumb\v6-m\nofp\libc_nano.a(libc_a-findfp.o)
 .text.stdio_exit_handler
                0x08004584       0x1c C:\Program Files (x86)\Arm\GNU Toolchain mingw-w64-i686-arm-none-eabi\arm-none-eabi\lib\thumb\v6-m\nofp\libc_nano.a(libc_a-findfp.o)
 .text.cleanup_stdio
                0x080045a0       0x3c C:\Program Files (x86)\Arm\GNU Toolchain mingw-w64-i686-arm-none-eabi\arm-none-eabi\lib\thumb\v6-m\nofp\libc_nano.a(libc_a-findfp.o)
 .text.__fp_lock
                0x080045dc       0x18 C:\Program Files (x86)\Arm\GNU Toolchain mingw-w64-i686-arm-none-eabi\arm-none-eabi\lib\thumb\v6-m\nofp\libc_nano.a(libc_a-findfp.o)
 .text.__fp_unlock
                0x080045f4       0x18 C:\Program Files (x86)\Arm\GNU Toolchain mingw-w64-i686-arm-none-eabi\arm-none-eabi\lib\thumb\v6-m\nofp\libc_nano.a(libc_a-findfp.o)
 .text.global_stdio_init.part.0
                0x0800460c       0x3c C:\Program Files (x86)\Arm\GNU Toolchain mingw-w64-i686-arm-none-eabi\arm-none-eabi\lib\thumb\v6-m\nofp\libc_nano.a(libc_a-findfp.o)
 .text.__sfp_lock_acquire
                0x08004648       0x10 C:\Program Files (x86)\Arm\GNU Toolchain mingw-w64-i686-arm-none-eabi\arm-none-eabi\lib\thumb\v6-m\nofp\libc_nano.a(libc_a-findfp.o)
                0x08004648                __sfp_lock_acquire
 .text.__sfp_lock_release
                0x08004658       0x10 C:\Program Files (x86)\Arm\GNU Toolchain mingw-w64-i686-arm-none-eabi\arm-none-eabi\lib\thumb\v6-m\nofp\libc_nano.a(libc_a-findfp.o)
                0x08004658                __sfp_lock_release
 .text.__sfp    0x08004668       0xac C:\Program Files (x86)\Arm\GNU Toolchain mingw-w64-i686-arm-none-eabi\arm-none-eabi\lib\thumb\v6-m\nofp\libc_nano.a(libc_a-findfp.o)
                0x08004668                __sfp
 .text.__sinit  0x08004714       0x30 C:\Program Files (x86)\Arm\GNU Toolchain mingw-w64-i686-arm-none-eabi\arm-none-eabi\lib\thumb\v6-m\nofp\libc_nano.a(libc_a-findfp.o)
                0x08004714                __sinit
 .text.__fp_lock_all
                0x08004744       0x1c C:\Program Files (x86)\Arm\GNU Toolchain mingw-w64-i686-arm-none-eabi\arm-none-eabi\lib\thumb\v6-m\nofp\libc_nano.a(libc_a-findfp.o)
                0x08004744                __fp_lock_all
 .text.__fp_unlock_all
                0x08004760       0x1c C:\Program Files (x86)\Arm\GNU Toolchain mingw-w64-i686-arm-none-eabi\arm-none-eabi\lib\thumb\v6-m\nofp\libc_nano.a(libc_a-findfp.o)
                0x08004760                __fp_unlock_all
 .text          0x0800477c        0x0 C:\Program Files (x86)\Arm\GNU Toolchain mingw-w64-i686-arm-none-eabi\arm-none-eabi\lib\thumb\v6-m\nofp\libc_nano.a(libc_a-fwalk.o)
 .text._fwalk_sglue
                0x0800477c       0x38 C:\Program Files (x86)\Arm\GNU Toolchain mingw-w64-i686-arm-none-eabi\arm-none-eabi\lib\thumb\v6-m\nofp\libc_nano.a(libc_a-fwalk.o)
                0x0800477c                _fwalk_sglue
 .text          0x080047b4        0x0 C:\Program Files (x86)\Arm\GNU Toolchain mingw-w64-i686-arm-none-eabi\arm-none-eabi\lib\thumb\v6-m\nofp\libc_nano.a(libc_a-printf.o)
 .text._printf_r
                0x080047b4       0x18 C:\Program Files (x86)\Arm\GNU Toolchain mingw-w64-i686-arm-none-eabi\arm-none-eabi\lib\thumb\v6-m\nofp\libc_nano.a(libc_a-printf.o)
                0x080047b4                _iprintf_r
                0x080047b4                _printf_r
 .text.printf   0x080047cc       0x20 C:\Program Files (x86)\Arm\GNU Toolchain mingw-w64-i686-arm-none-eabi\arm-none-eabi\lib\thumb\v6-m\nofp\libc_nano.a(libc_a-printf.o)
                0x080047cc                iprintf
                0x080047cc                printf
 .text          0x080047ec        0x0 C:\Program Files (x86)\Arm\GNU Toolchain mingw-w64-i686-arm-none-eabi\arm-none-eabi\lib\thumb\v6-m\nofp\libc_nano.a(libc_a-putchar.o)
 .text._putchar_r
                0x080047ec        0xa C:\Program Files (x86)\Arm\GNU Toolchain mingw-w64-i686-arm-none-eabi\arm-none-eabi\lib\thumb\v6-m\nofp\libc_nano.a(libc_a-putchar.o)
                0x080047ec                _putchar_r
 *fill*         0x080047f6        0x2 
 .text.putchar  0x080047f8       0x14 C:\Program Files (x86)\Arm\GNU Toolchain mingw-w64-i686-arm-none-eabi\arm-none-eabi\lib\thumb\v6-m\nofp\libc_nano.a(libc_a-putchar.o)
                0x080047f8                putchar
 .text          0x0800480c        0x0 C:\Program Files (x86)\Arm\GNU Toolchain mingw-w64-i686-arm-none-eabi\arm-none-eabi\lib\thumb\v6-m\nofp\libc_nano.a(libc_a-puts.o)
 .text._puts_r  0x0800480c       0xaa C:\Program Files (x86)\Arm\GNU Toolchain mingw-w64-i686-arm-none-eabi\arm-none-eabi\lib\thumb\v6-m\nofp\libc_nano.a(libc_a-puts.o)
                0x0800480c                _puts_r
 *fill*         0x080048b6        0x2 
 .text.puts     0x080048b8       0x14 C:\Program Files (x86)\Arm\GNU Toolchain mingw-w64-i686-arm-none-eabi\arm-none-eabi\lib\thumb\v6-m\nofp\libc_nano.a(libc_a-puts.o)
                0x080048b8                puts
 .text          0x080048cc        0x0 C:\Program Files (x86)\Arm\GNU Toolchain mingw-w64-i686-arm-none-eabi\arm-none-eabi\lib\thumb\v6-m\nofp\libc_nano.a(libc_a-stdio.o)
 .text.__sread  0x080048cc       0x28 C:\Program Files (x86)\Arm\GNU Toolchain mingw-w64-i686-arm-none-eabi\arm-none-eabi\lib\thumb\v6-m\nofp\libc_nano.a(libc_a-stdio.o)
                0x080048cc                __sread
 .text.__seofread
                0x080048f4        0x4 C:\Program Files (x86)\Arm\GNU Toolchain mingw-w64-i686-arm-none-eabi\arm-none-eabi\lib\thumb\v6-m\nofp\libc_nano.a(libc_a-stdio.o)
                0x080048f4                __seofread
 .text.__swrite
                0x080048f8       0x38 C:\Program Files (x86)\Arm\GNU Toolchain mingw-w64-i686-arm-none-eabi\arm-none-eabi\lib\thumb\v6-m\nofp\libc_nano.a(libc_a-stdio.o)
                0x080048f8                __swrite
 .text.__sseek  0x08004930       0x2c C:\Program Files (x86)\Arm\GNU Toolchain mingw-w64-i686-arm-none-eabi\arm-none-eabi\lib\thumb\v6-m\nofp\libc_nano.a(libc_a-stdio.o)
                0x08004930                __sseek
 .text.__sclose
                0x0800495c        0xc C:\Program Files (x86)\Arm\GNU Toolchain mingw-w64-i686-arm-none-eabi\arm-none-eabi\lib\thumb\v6-m\nofp\libc_nano.a(libc_a-stdio.o)
                0x0800495c                __sclose
 .text          0x08004968        0x0 C:\Program Files (x86)\Arm\GNU Toolchain mingw-w64-i686-arm-none-eabi\arm-none-eabi\lib\thumb\v6-m\nofp\libc_nano.a(libc_a-wbuf.o)
 .text.__swbuf_r
                0x08004968       0x82 C:\Program Files (x86)\Arm\GNU Toolchain mingw-w64-i686-arm-none-eabi\arm-none-eabi\lib\thumb\v6-m\nofp\libc_nano.a(libc_a-wbuf.o)
                0x08004968                __swbuf_r
 *fill*         0x080049ea        0x2 
 .text.__swbuf  0x080049ec       0x14 C:\Program Files (x86)\Arm\GNU Toolchain mingw-w64-i686-arm-none-eabi\arm-none-eabi\lib\thumb\v6-m\nofp\libc_nano.a(libc_a-wbuf.o)
                0x080049ec                __swbuf
 .text          0x08004a00        0x0 C:\Program Files (x86)\Arm\GNU Toolchain mingw-w64-i686-arm-none-eabi\arm-none-eabi\lib\thumb\v6-m\nofp\libc_nano.a(libc_a-wsetup.o)
 .text.__swsetup_r
                0x08004a00       0xb8 C:\Program Files (x86)\Arm\GNU Toolchain mingw-w64-i686-arm-none-eabi\arm-none-eabi\lib\thumb\v6-m\nofp\libc_nano.a(libc_a-wsetup.o)
                0x08004a00                __swsetup_r
 .text          0x08004ab8        0x0 C:\Program Files (x86)\Arm\GNU Toolchain mingw-w64-i686-arm-none-eabi\arm-none-eabi\lib\thumb\v6-m\nofp\libc_nano.a(libc_a-memset.o)
 .text.memset   0x08004ab8       0x10 C:\Program Files (x86)\Arm\GNU Toolchain mingw-w64-i686-arm-none-eabi\arm-none-eabi\lib\thumb\v6-m\nofp\libc_nano.a(libc_a-memset.o)
                0x08004ab8                memset
 .text          0x08004ac8        0x0 C:\Program Files (x86)\Arm\GNU Toolchain mingw-w64-i686-arm-none-eabi\arm-none-eabi\lib\thumb\v6-m\nofp\libc_nano.a(libc_a-localeconv.o)
 .text.__localeconv_l
                0x08004ac8        0x4 C:\Program Files (x86)\Arm\GNU Toolchain mingw-w64-i686-arm-none-eabi\arm-none-eabi\lib\thumb\v6-m\nofp\libc_nano.a(libc_a-localeconv.o)
                0x08004ac8                __localeconv_l
 .text._localeconv_r
                0x08004acc        0x8 C:\Program Files (x86)\Arm\GNU Toolchain mingw-w64-i686-arm-none-eabi\arm-none-eabi\lib\thumb\v6-m\nofp\libc_nano.a(libc_a-localeconv.o)
                0x08004acc                _localeconv_r
 .text.localeconv
                0x08004ad4        0x8 C:\Program Files (x86)\Arm\GNU Toolchain mingw-w64-i686-arm-none-eabi\arm-none-eabi\lib\thumb\v6-m\nofp\libc_nano.a(libc_a-localeconv.o)
                0x08004ad4                localeconv
 .text          0x08004adc        0x0 C:\Program Files (x86)\Arm\GNU Toolchain mingw-w64-i686-arm-none-eabi\arm-none-eabi\lib\thumb\v6-m\nofp\libc_nano.a(libc_a-closer.o)
 .text._close_r
                0x08004adc       0x24 C:\Program Files (x86)\Arm\GNU Toolchain mingw-w64-i686-arm-none-eabi\arm-none-eabi\lib\thumb\v6-m\nofp\libc_nano.a(libc_a-closer.o)
                0x08004adc                _close_r
 .text          0x08004b00        0x0 C:\Program Files (x86)\Arm\GNU Toolchain mingw-w64-i686-arm-none-eabi\arm-none-eabi\lib\thumb\v6-m\nofp\libc_nano.a(libc_a-impure.o)
 .text          0x08004b00        0x0 C:\Program Files (x86)\Arm\GNU Toolchain mingw-w64-i686-arm-none-eabi\arm-none-eabi\lib\thumb\v6-m\nofp\libc_nano.a(libc_a-lseekr.o)
 .text._lseek_r
                0x08004b00       0x28 C:\Program Files (x86)\Arm\GNU Toolchain mingw-w64-i686-arm-none-eabi\arm-none-eabi\lib\thumb\v6-m\nofp\libc_nano.a(libc_a-lseekr.o)
                0x08004b00                _lseek_r
 .text          0x08004b28        0x0 C:\Program Files (x86)\Arm\GNU Toolchain mingw-w64-i686-arm-none-eabi\arm-none-eabi\lib\thumb\v6-m\nofp\libc_nano.a(libc_a-readr.o)
 .text._read_r  0x08004b28       0x28 C:\Program Files (x86)\Arm\GNU Toolchain mingw-w64-i686-arm-none-eabi\arm-none-eabi\lib\thumb\v6-m\nofp\libc_nano.a(libc_a-readr.o)
                0x08004b28                _read_r
 .text          0x08004b50        0x0 C:\Program Files (x86)\Arm\GNU Toolchain mingw-w64-i686-arm-none-eabi\arm-none-eabi\lib\thumb\v6-m\nofp\libc_nano.a(libc_a-writer.o)
 .text._write_r
                0x08004b50       0x28 C:\Program Files (x86)\Arm\GNU Toolchain mingw-w64-i686-arm-none-eabi\arm-none-eabi\lib\thumb\v6-m\nofp\libc_nano.a(libc_a-writer.o)
                0x08004b50                _write_r
 .text          0x08004b78        0x0 C:\Program Files (x86)\Arm\GNU Toolchain mingw-w64-i686-arm-none-eabi\arm-none-eabi\lib\thumb\v6-m\nofp\libc_nano.a(libc_a-lock.o)
 .text.__retarget_lock_init
                0x08004b78        0x2 C:\Program Files (x86)\Arm\GNU Toolchain mingw-w64-i686-arm-none-eabi\arm-none-eabi\lib\thumb\v6-m\nofp\libc_nano.a(libc_a-lock.o)
                0x08004b78                __retarget_lock_init
 .text.__retarget_lock_init_recursive
                0x08004b7a        0x2 C:\Program Files (x86)\Arm\GNU Toolchain mingw-w64-i686-arm-none-eabi\arm-none-eabi\lib\thumb\v6-m\nofp\libc_nano.a(libc_a-lock.o)
                0x08004b7a                __retarget_lock_init_recursive
 .text.__retarget_lock_close
                0x08004b7c        0x2 C:\Program Files (x86)\Arm\GNU Toolchain mingw-w64-i686-arm-none-eabi\arm-none-eabi\lib\thumb\v6-m\nofp\libc_nano.a(libc_a-lock.o)
                0x08004b7c                __retarget_lock_close
 .text.__retarget_lock_close_recursive
                0x08004b7e        0x2 C:\Program Files (x86)\Arm\GNU Toolchain mingw-w64-i686-arm-none-eabi\arm-none-eabi\lib\thumb\v6-m\nofp\libc_nano.a(libc_a-lock.o)
                0x08004b7e                __retarget_lock_close_recursive
 .text.__retarget_lock_acquire
                0x08004b80        0x2 C:\Program Files (x86)\Arm\GNU Toolchain mingw-w64-i686-arm-none-eabi\arm-none-eabi\lib\thumb\v6-m\nofp\libc_nano.a(libc_a-lock.o)
                0x08004b80                __retarget_lock_acquire
 .text.__retarget_lock_acquire_recursive
                0x08004b82        0x2 C:\Program Files (x86)\Arm\GNU Toolchain mingw-w64-i686-arm-none-eabi\arm-none-eabi\lib\thumb\v6-m\nofp\libc_nano.a(libc_a-lock.o)
                0x08004b82                __retarget_lock_acquire_recursive
 .text.__retarget_lock_try_acquire
                0x08004b84        0x4 C:\Program Files (x86)\Arm\GNU Toolchain mingw-w64-i686-arm-none-eabi\arm-none-eabi\lib\thumb\v6-m\nofp\libc_nano.a(libc_a-lock.o)
                0x08004b84                __retarget_lock_try_acquire
 .text.__retarget_lock_try_acquire_recursive
                0x08004b88        0x4 C:\Program Files (x86)\Arm\GNU Toolchain mingw-w64-i686-arm-none-eabi\arm-none-eabi\lib\thumb\v6-m\nofp\libc_nano.a(libc_a-lock.o)
                0x08004b88                __retarget_lock_try_acquire_recursive
 .text.__retarget_lock_release
                0x08004b8c        0x2 C:\Program Files (x86)\Arm\GNU Toolchain mingw-w64-i686-arm-none-eabi\arm-none-eabi\lib\thumb\v6-m\nofp\libc_nano.a(libc_a-lock.o)
                0x08004b8c                __retarget_lock_release
 .text.__retarget_lock_release_recursive
                0x08004b8e        0x2 C:\Program Files (x86)\Arm\GNU Toolchain mingw-w64-i686-arm-none-eabi\arm-none-eabi\lib\thumb\v6-m\nofp\libc_nano.a(libc_a-lock.o)
                0x08004b8e                __retarget_lock_release_recursive
 .text          0x08004b90        0x0 C:\Program Files (x86)\Arm\GNU Toolchain mingw-w64-i686-arm-none-eabi\arm-none-eabi\lib\thumb\v6-m\nofp\libc_nano.a(libc_a-memchr-stub.o)
 .text.memchr   0x08004b90       0x16 C:\Program Files (x86)\Arm\GNU Toolchain mingw-w64-i686-arm-none-eabi\arm-none-eabi\lib\thumb\v6-m\nofp\libc_nano.a(libc_a-memchr-stub.o)
                0x08004b90                memchr
 .text          0x08004ba6        0xe C:\Program Files (x86)\Arm\GNU Toolchain mingw-w64-i686-arm-none-eabi\arm-none-eabi\lib\thumb\v6-m\nofp\libc_nano.a(libc_a-strlen.o)
                0x08004ba6                strlen
 .text          0x08004bb4        0x0 C:\Program Files (x86)\Arm\GNU Toolchain mingw-w64-i686-arm-none-eabi\arm-none-eabi\lib\thumb\v6-m\nofp\libc_nano.a(libc_a-dtoa.o)
 .text.quorem   0x08004bb4      0x11c C:\Program Files (x86)\Arm\GNU Toolchain mingw-w64-i686-arm-none-eabi\arm-none-eabi\lib\thumb\v6-m\nofp\libc_nano.a(libc_a-dtoa.o)
 .text._dtoa_r  0x08004cd0      0xbc4 C:\Program Files (x86)\Arm\GNU Toolchain mingw-w64-i686-arm-none-eabi\arm-none-eabi\lib\thumb\v6-m\nofp\libc_nano.a(libc_a-dtoa.o)
                0x08004cd0                _dtoa_r
 .text          0x08005894        0x0 C:\Program Files (x86)\Arm\GNU Toolchain mingw-w64-i686-arm-none-eabi\arm-none-eabi\lib\thumb\v6-m\nofp\libc_nano.a(libc_a-freer.o)
 .text._free_r  0x08005894       0x94 C:\Program Files (x86)\Arm\GNU Toolchain mingw-w64-i686-arm-none-eabi\arm-none-eabi\lib\thumb\v6-m\nofp\libc_nano.a(libc_a-freer.o)
                0x08005894                _free_r
 .text          0x08005928        0x0 C:\Program Files (x86)\Arm\GNU Toolchain mingw-w64-i686-arm-none-eabi\arm-none-eabi\lib\thumb\v6-m\nofp\libc_nano.a(libc_a-malloc.o)
 .text.malloc   0x08005928       0x14 C:\Program Files (x86)\Arm\GNU Toolchain mingw-w64-i686-arm-none-eabi\arm-none-eabi\lib\thumb\v6-m\nofp\libc_nano.a(libc_a-malloc.o)
                0x08005928                malloc
 .text.free     0x0800593c       0x14 C:\Program Files (x86)\Arm\GNU Toolchain mingw-w64-i686-arm-none-eabi\arm-none-eabi\lib\thumb\v6-m\nofp\libc_nano.a(libc_a-malloc.o)
                0x0800593c                free
 .text          0x08005950        0x0 C:\Program Files (x86)\Arm\GNU Toolchain mingw-w64-i686-arm-none-eabi\arm-none-eabi\lib\thumb\v6-m\nofp\libc_nano.a(libc_a-mallocr.o)
 .text.sbrk_aligned
                0x08005950       0x44 C:\Program Files (x86)\Arm\GNU Toolchain mingw-w64-i686-arm-none-eabi\arm-none-eabi\lib\thumb\v6-m\nofp\libc_nano.a(libc_a-mallocr.o)
 .text._malloc_r
                0x08005994      0x100 C:\Program Files (x86)\Arm\GNU Toolchain mingw-w64-i686-arm-none-eabi\arm-none-eabi\lib\thumb\v6-m\nofp\libc_nano.a(libc_a-mallocr.o)
                0x08005994                _malloc_r
 .text          0x08005a94        0x0 C:\Program Files (x86)\Arm\GNU Toolchain mingw-w64-i686-arm-none-eabi\arm-none-eabi\lib\thumb\v6-m\nofp\libc_nano.a(libc_a-mlock.o)
 .text.__malloc_lock
                0x08005a94       0x10 C:\Program Files (x86)\Arm\GNU Toolchain mingw-w64-i686-arm-none-eabi\arm-none-eabi\lib\thumb\v6-m\nofp\libc_nano.a(libc_a-mlock.o)
                0x08005a94                __malloc_lock
 .text.__malloc_unlock
                0x08005aa4       0x10 C:\Program Files (x86)\Arm\GNU Toolchain mingw-w64-i686-arm-none-eabi\arm-none-eabi\lib\thumb\v6-m\nofp\libc_nano.a(libc_a-mlock.o)
                0x08005aa4                __malloc_unlock
 .text          0x08005ab4        0x0 C:\Program Files (x86)\Arm\GNU Toolchain mingw-w64-i686-arm-none-eabi\arm-none-eabi\lib\thumb\v6-m\nofp\libc_nano.a(libc_a-mprec.o)
 .text._Balloc  0x08005ab4       0x84 C:\Program Files (x86)\Arm\GNU Toolchain mingw-w64-i686-arm-none-eabi\arm-none-eabi\lib\thumb\v6-m\nofp\libc_nano.a(libc_a-mprec.o)
                0x08005ab4                _Balloc
 .text._Bfree   0x08005b38       0x4c C:\Program Files (x86)\Arm\GNU Toolchain mingw-w64-i686-arm-none-eabi\arm-none-eabi\lib\thumb\v6-m\nofp\libc_nano.a(libc_a-mprec.o)
                0x08005b38                _Bfree
 .text.__multadd
                0x08005b84       0x88 C:\Program Files (x86)\Arm\GNU Toolchain mingw-w64-i686-arm-none-eabi\arm-none-eabi\lib\thumb\v6-m\nofp\libc_nano.a(libc_a-mprec.o)
                0x08005b84                __multadd
 .text.__s2b    0x08005c0c       0x98 C:\Program Files (x86)\Arm\GNU Toolchain mingw-w64-i686-arm-none-eabi\arm-none-eabi\lib\thumb\v6-m\nofp\libc_nano.a(libc_a-mprec.o)
                0x08005c0c                __s2b
 .text.__hi0bits
                0x08005ca4       0x42 C:\Program Files (x86)\Arm\GNU Toolchain mingw-w64-i686-arm-none-eabi\arm-none-eabi\lib\thumb\v6-m\nofp\libc_nano.a(libc_a-mprec.o)
                0x08005ca4                __hi0bits
 .text.__lo0bits
                0x08005ce6       0x60 C:\Program Files (x86)\Arm\GNU Toolchain mingw-w64-i686-arm-none-eabi\arm-none-eabi\lib\thumb\v6-m\nofp\libc_nano.a(libc_a-mprec.o)
                0x08005ce6                __lo0bits
 *fill*         0x08005d46        0x2 
 .text.__i2b    0x08005d48       0x2c C:\Program Files (x86)\Arm\GNU Toolchain mingw-w64-i686-arm-none-eabi\arm-none-eabi\lib\thumb\v6-m\nofp\libc_nano.a(libc_a-mprec.o)
                0x08005d48                __i2b
 .text.__multiply
                0x08005d74      0x174 C:\Program Files (x86)\Arm\GNU Toolchain mingw-w64-i686-arm-none-eabi\arm-none-eabi\lib\thumb\v6-m\nofp\libc_nano.a(libc_a-mprec.o)
                0x08005d74                __multiply
 .text.__pow5mult
                0x08005ee8       0xc4 C:\Program Files (x86)\Arm\GNU Toolchain mingw-w64-i686-arm-none-eabi\arm-none-eabi\lib\thumb\v6-m\nofp\libc_nano.a(libc_a-mprec.o)
                0x08005ee8                __pow5mult
 .text.__lshift
                0x08005fac       0xd8 C:\Program Files (x86)\Arm\GNU Toolchain mingw-w64-i686-arm-none-eabi\arm-none-eabi\lib\thumb\v6-m\nofp\libc_nano.a(libc_a-mprec.o)
                0x08005fac                __lshift
 .text.__mcmp   0x08006084       0x34 C:\Program Files (x86)\Arm\GNU Toolchain mingw-w64-i686-arm-none-eabi\arm-none-eabi\lib\thumb\v6-m\nofp\libc_nano.a(libc_a-mprec.o)
                0x08006084                __mcmp
 .text.__mdiff  0x080060b8      0x144 C:\Program Files (x86)\Arm\GNU Toolchain mingw-w64-i686-arm-none-eabi\arm-none-eabi\lib\thumb\v6-m\nofp\libc_nano.a(libc_a-mprec.o)
                0x080060b8                __mdiff
 .text.__ulp    0x080061fc       0x40 C:\Program Files (x86)\Arm\GNU Toolchain mingw-w64-i686-arm-none-eabi\arm-none-eabi\lib\thumb\v6-m\nofp\libc_nano.a(libc_a-mprec.o)
                0x080061fc                __ulp
 .text.__b2d    0x0800623c       0x98 C:\Program Files (x86)\Arm\GNU Toolchain mingw-w64-i686-arm-none-eabi\arm-none-eabi\lib\thumb\v6-m\nofp\libc_nano.a(libc_a-mprec.o)
                0x0800623c                __b2d
 .text.__d2b    0x080062d4       0xc0 C:\Program Files (x86)\Arm\GNU Toolchain mingw-w64-i686-arm-none-eabi\arm-none-eabi\lib\thumb\v6-m\nofp\libc_nano.a(libc_a-mprec.o)
                0x080062d4                __d2b
 .text.__ratio  0x08006394       0x52 C:\Program Files (x86)\Arm\GNU Toolchain mingw-w64-i686-arm-none-eabi\arm-none-eabi\lib\thumb\v6-m\nofp\libc_nano.a(libc_a-mprec.o)
                0x08006394                __ratio
 *fill*         0x080063e6        0x2 
 .text._mprec_log10
                0x080063e8       0x34 C:\Program Files (x86)\Arm\GNU Toolchain mingw-w64-i686-arm-none-eabi\arm-none-eabi\lib\thumb\v6-m\nofp\libc_nano.a(libc_a-mprec.o)
                0x080063e8                _mprec_log10
 .text.__copybits
                0x0800641c       0x42 C:\Program Files (x86)\Arm\GNU Toolchain mingw-w64-i686-arm-none-eabi\arm-none-eabi\lib\thumb\v6-m\nofp\libc_nano.a(libc_a-mprec.o)
                0x0800641c                __copybits
 .text.__any_on
                0x0800645e       0x46 C:\Program Files (x86)\Arm\GNU Toolchain mingw-w64-i686-arm-none-eabi\arm-none-eabi\lib\thumb\v6-m\nofp\libc_nano.a(libc_a-mprec.o)
                0x0800645e                __any_on
 .text          0x080064a4        0x0 C:\Program Files (x86)\Arm\GNU Toolchain mingw-w64-i686-arm-none-eabi\arm-none-eabi\lib\thumb\v6-m\nofp\libc_nano.a(libc_a-nano-vfprintf.o)
 .text.__sfputc_r
                0x080064a4       0x2a C:\Program Files (x86)\Arm\GNU Toolchain mingw-w64-i686-arm-none-eabi\arm-none-eabi\lib\thumb\v6-m\nofp\libc_nano.a(libc_a-nano-vfprintf.o)
 .text.__sfputs_r
                0x080064ce       0x24 C:\Program Files (x86)\Arm\GNU Toolchain mingw-w64-i686-arm-none-eabi\arm-none-eabi\lib\thumb\v6-m\nofp\libc_nano.a(libc_a-nano-vfprintf.o)
                0x080064ce                __sfputs_r
 .text.__sprint_r
                0x080064f2       0x20 C:\Program Files (x86)\Arm\GNU Toolchain mingw-w64-i686-arm-none-eabi\arm-none-eabi\lib\thumb\v6-m\nofp\libc_nano.a(libc_a-nano-vfprintf.o)
                0x080064f2                __sprint_r
 *fill*         0x08006512        0x2 
 .text._vfprintf_r
                0x08006514      0x224 C:\Program Files (x86)\Arm\GNU Toolchain mingw-w64-i686-arm-none-eabi\arm-none-eabi\lib\thumb\v6-m\nofp\libc_nano.a(libc_a-nano-vfprintf.o)
                0x08006514                _vfprintf_r
                0x08006514                _vfiprintf_r
 .text.vfprintf
                0x08006738       0x18 C:\Program Files (x86)\Arm\GNU Toolchain mingw-w64-i686-arm-none-eabi\arm-none-eabi\lib\thumb\v6-m\nofp\libc_nano.a(libc_a-nano-vfprintf.o)
                0x08006738                vfprintf
                0x08006738                vfiprintf
 .text          0x08006750        0x0 C:\Program Files (x86)\Arm\GNU Toolchain mingw-w64-i686-arm-none-eabi\arm-none-eabi\lib\thumb\v6-m\nofp\libc_nano.a(libc_a-fvwrite.o)
 .text.__sfvwrite_r
                0x08006750      0x2c0 C:\Program Files (x86)\Arm\GNU Toolchain mingw-w64-i686-arm-none-eabi\arm-none-eabi\lib\thumb\v6-m\nofp\libc_nano.a(libc_a-fvwrite.o)
                0x08006750                __sfvwrite_r
 .text          0x08006a10        0x0 C:\Program Files (x86)\Arm\GNU Toolchain mingw-w64-i686-arm-none-eabi\arm-none-eabi\lib\thumb\v6-m\nofp\libc_nano.a(libc_a-makebuf.o)
 .text.__swhatbuf_r
                0x08006a10       0x54 C:\Program Files (x86)\Arm\GNU Toolchain mingw-w64-i686-arm-none-eabi\arm-none-eabi\lib\thumb\v6-m\nofp\libc_nano.a(libc_a-makebuf.o)
                0x08006a10                __swhatbuf_r
 .text.__smakebuf_r
                0x08006a64       0x72 C:\Program Files (x86)\Arm\GNU Toolchain mingw-w64-i686-arm-none-eabi\arm-none-eabi\lib\thumb\v6-m\nofp\libc_nano.a(libc_a-makebuf.o)
                0x08006a64                __smakebuf_r
 .text          0x08006ad6        0x0 C:\Program Files (x86)\Arm\GNU Toolchain mingw-w64-i686-arm-none-eabi\arm-none-eabi\lib\thumb\v6-m\nofp\libc_nano.a(libc_a-putc.o)
 .text._putc_r  0x08006ad6       0x6c C:\Program Files (x86)\Arm\GNU Toolchain mingw-w64-i686-arm-none-eabi\arm-none-eabi\lib\thumb\v6-m\nofp\libc_nano.a(libc_a-putc.o)
                0x08006ad6                _putc_r
 *fill*         0x08006b42        0x2 
 .text.putc     0x08006b44       0x14 C:\Program Files (x86)\Arm\GNU Toolchain mingw-w64-i686-arm-none-eabi\arm-none-eabi\lib\thumb\v6-m\nofp\libc_nano.a(libc_a-putc.o)
                0x08006b44                putc
 .text          0x08006b58        0x0 C:\Program Files (x86)\Arm\GNU Toolchain mingw-w64-i686-arm-none-eabi\arm-none-eabi\lib\thumb\v6-m\nofp\libc_nano.a(libc_a-memmove.o)
 .text.memmove  0x08006b58       0x26 C:\Program Files (x86)\Arm\GNU Toolchain mingw-w64-i686-arm-none-eabi\arm-none-eabi\lib\thumb\v6-m\nofp\libc_nano.a(libc_a-memmove.o)
                0x08006b58                memmove
 .text          0x08006b7e        0x0 C:\Program Files (x86)\Arm\GNU Toolchain mingw-w64-i686-arm-none-eabi\arm-none-eabi\lib\thumb\v6-m\nofp\libc_nano.a(libc_a-locale.o)
 *fill*         0x08006b7e        0x2 
 .text._setlocale_r
                0x08006b80       0x40 C:\Program Files (x86)\Arm\GNU Toolchain mingw-w64-i686-arm-none-eabi\arm-none-eabi\lib\thumb\v6-m\nofp\libc_nano.a(libc_a-locale.o)
                0x08006b80                _setlocale_r
 .text.__locale_mb_cur_max
                0x08006bc0       0x10 C:\Program Files (x86)\Arm\GNU Toolchain mingw-w64-i686-arm-none-eabi\arm-none-eabi\lib\thumb\v6-m\nofp\libc_nano.a(libc_a-locale.o)
                0x08006bc0                __locale_mb_cur_max
 .text.setlocale
                0x08006bd0       0x14 C:\Program Files (x86)\Arm\GNU Toolchain mingw-w64-i686-arm-none-eabi\arm-none-eabi\lib\thumb\v6-m\nofp\libc_nano.a(libc_a-locale.o)
                0x08006bd0                setlocale
 .text          0x08006be4        0x0 C:\Program Files (x86)\Arm\GNU Toolchain mingw-w64-i686-arm-none-eabi\arm-none-eabi\lib\thumb\v6-m\nofp\libc_nano.a(libc_a-fstatr.o)
 .text._fstat_r
                0x08006be4       0x24 C:\Program Files (x86)\Arm\GNU Toolchain mingw-w64-i686-arm-none-eabi\arm-none-eabi\lib\thumb\v6-m\nofp\libc_nano.a(libc_a-fstatr.o)
                0x08006be4                _fstat_r
 .text          0x08006c08        0x0 C:\Program Files (x86)\Arm\GNU Toolchain mingw-w64-i686-arm-none-eabi\arm-none-eabi\lib\thumb\v6-m\nofp\libc_nano.a(libc_a-isattyr.o)
 .text._isatty_r
                0x08006c08       0x24 C:\Program Files (x86)\Arm\GNU Toolchain mingw-w64-i686-arm-none-eabi\arm-none-eabi\lib\thumb\v6-m\nofp\libc_nano.a(libc_a-isattyr.o)
                0x08006c08                _isatty_r
 .text          0x08006c2c        0x0 C:\Program Files (x86)\Arm\GNU Toolchain mingw-w64-i686-arm-none-eabi\arm-none-eabi\lib\thumb\v6-m\nofp\libc_nano.a(libc_a-sbrkr.o)
 .text._sbrk_r  0x08006c2c       0x24 C:\Program Files (x86)\Arm\GNU Toolchain mingw-w64-i686-arm-none-eabi\arm-none-eabi\lib\thumb\v6-m\nofp\libc_nano.a(libc_a-sbrkr.o)
                0x08006c2c                _sbrk_r
 .text          0x08006c50       0x14 C:\Program Files (x86)\Arm\GNU Toolchain mingw-w64-i686-arm-none-eabi\arm-none-eabi\lib\thumb\v6-m\nofp\libc_nano.a(libc_a-strcmp.o)
                0x08006c50                strcmp
 .text          0x08006c64        0x0 C:\Program Files (x86)\Arm\GNU Toolchain mingw-w64-i686-arm-none-eabi\arm-none-eabi\lib\thumb\v6-m\nofp\libc_nano.a(libc_a-memcpy-stub.o)
 .text.memcpy   0x08006c64       0x12 C:\Program Files (x86)\Arm\GNU Toolchain mingw-w64-i686-arm-none-eabi\arm-none-eabi\lib\thumb\v6-m\nofp\libc_nano.a(libc_a-memcpy-stub.o)
                0x08006c64                memcpy
 .text          0x08006c76        0x0 C:\Program Files (x86)\Arm\GNU Toolchain mingw-w64-i686-arm-none-eabi\arm-none-eabi\lib\thumb\v6-m\nofp\libc_nano.a(libc_a-assert.o)
 *fill*         0x08006c76        0x2 
 .text.__assert_func
                0x08006c78       0x3c C:\Program Files (x86)\Arm\GNU Toolchain mingw-w64-i686-arm-none-eabi\arm-none-eabi\lib\thumb\v6-m\nofp\libc_nano.a(libc_a-assert.o)
                0x08006c78                __assert_func
 .text.__assert
                0x08006cb4        0xa C:\Program Files (x86)\Arm\GNU Toolchain mingw-w64-i686-arm-none-eabi\arm-none-eabi\lib\thumb\v6-m\nofp\libc_nano.a(libc_a-assert.o)
                0x08006cb4                __assert
 .text          0x08006cbe        0x0 C:\Program Files (x86)\Arm\GNU Toolchain mingw-w64-i686-arm-none-eabi\arm-none-eabi\lib\thumb\v6-m\nofp\libc_nano.a(libc_a-callocr.o)
 .text._calloc_r
                0x08006cbe       0x5a C:\Program Files (x86)\Arm\GNU Toolchain mingw-w64-i686-arm-none-eabi\arm-none-eabi\lib\thumb\v6-m\nofp\libc_nano.a(libc_a-callocr.o)
                0x08006cbe                _calloc_r
 .text          0x08006d18        0x0 C:\Program Files (x86)\Arm\GNU Toolchain mingw-w64-i686-arm-none-eabi\arm-none-eabi\lib\thumb\v6-m\nofp\libc_nano.a(libc_a-mbtowc_r.o)
 .text._mbtowc_r
                0x08006d18       0x14 C:\Program Files (x86)\Arm\GNU Toolchain mingw-w64-i686-arm-none-eabi\arm-none-eabi\lib\thumb\v6-m\nofp\libc_nano.a(libc_a-mbtowc_r.o)
                0x08006d18                _mbtowc_r
 .text.__ascii_mbtowc
                0x08006d2c       0x24 C:\Program Files (x86)\Arm\GNU Toolchain mingw-w64-i686-arm-none-eabi\arm-none-eabi\lib\thumb\v6-m\nofp\libc_nano.a(libc_a-mbtowc_r.o)
                0x08006d2c                __ascii_mbtowc
 .text          0x08006d50        0x0 C:\Program Files (x86)\Arm\GNU Toolchain mingw-w64-i686-arm-none-eabi\arm-none-eabi\lib\thumb\v6-m\nofp\libc_nano.a(libc_a-reallocr.o)
 .text._realloc_r
                0x08006d50       0x60 C:\Program Files (x86)\Arm\GNU Toolchain mingw-w64-i686-arm-none-eabi\arm-none-eabi\lib\thumb\v6-m\nofp\libc_nano.a(libc_a-reallocr.o)
                0x08006d50                _realloc_r
 .text          0x08006db0        0x0 C:\Program Files (x86)\Arm\GNU Toolchain mingw-w64-i686-arm-none-eabi\arm-none-eabi\lib\thumb\v6-m\nofp\libc_nano.a(libc_a-wctomb_r.o)
 .text._wctomb_r
                0x08006db0       0x10 C:\Program Files (x86)\Arm\GNU Toolchain mingw-w64-i686-arm-none-eabi\arm-none-eabi\lib\thumb\v6-m\nofp\libc_nano.a(libc_a-wctomb_r.o)
                0x08006db0                _wctomb_r
 .text.__ascii_wctomb
                0x08006dc0       0x18 C:\Program Files (x86)\Arm\GNU Toolchain mingw-w64-i686-arm-none-eabi\arm-none-eabi\lib\thumb\v6-m\nofp\libc_nano.a(libc_a-wctomb_r.o)
                0x08006dc0                __ascii_wctomb
 .text          0x08006dd8        0x0 C:\Program Files (x86)\Arm\GNU Toolchain mingw-w64-i686-arm-none-eabi\arm-none-eabi\lib\thumb\v6-m\nofp\libc_nano.a(libc_a-ctype_.o)
 .text          0x08006dd8        0x0 C:\Program Files (x86)\Arm\GNU Toolchain mingw-w64-i686-arm-none-eabi\arm-none-eabi\lib\thumb\v6-m\nofp\libc_nano.a(libc_a-fprintf.o)
 .text._fprintf_r
                0x08006dd8       0x16 C:\Program Files (x86)\Arm\GNU Toolchain mingw-w64-i686-arm-none-eabi\arm-none-eabi\lib\thumb\v6-m\nofp\libc_nano.a(libc_a-fprintf.o)
                0x08006dd8                _fiprintf_r
                0x08006dd8                _fprintf_r
 *fill*         0x08006dee        0x2 
 .text.fprintf  0x08006df0       0x20 C:\Program Files (x86)\Arm\GNU Toolchain mingw-w64-i686-arm-none-eabi\arm-none-eabi\lib\thumb\v6-m\nofp\libc_nano.a(libc_a-fprintf.o)
                0x08006df0                fiprintf
                0x08006df0                fprintf
 .text          0x08006e10        0x0 C:\Program Files (x86)\Arm\GNU Toolchain mingw-w64-i686-arm-none-eabi\arm-none-eabi\lib\thumb\v6-m\nofp\libc_nano.a(libc_a-abort.o)
 .text.abort    0x08006e10        0xe C:\Program Files (x86)\Arm\GNU Toolchain mingw-w64-i686-arm-none-eabi\arm-none-eabi\lib\thumb\v6-m\nofp\libc_nano.a(libc_a-abort.o)
                0x08006e10                abort
 .text          0x08006e1e        0x0 C:\Program Files (x86)\Arm\GNU Toolchain mingw-w64-i686-arm-none-eabi\arm-none-eabi\lib\thumb\v6-m\nofp\libc_nano.a(libc_a-msizer.o)
 .text._malloc_usable_size_r
                0x08006e1e       0x10 C:\Program Files (x86)\Arm\GNU Toolchain mingw-w64-i686-arm-none-eabi\arm-none-eabi\lib\thumb\v6-m\nofp\libc_nano.a(libc_a-msizer.o)
                0x08006e1e                _malloc_usable_size_r
 .text          0x08006e2e        0x0 C:\Program Files (x86)\Arm\GNU Toolchain mingw-w64-i686-arm-none-eabi\arm-none-eabi\lib\thumb\v6-m\nofp\libc_nano.a(libc_a-signal.o)
 .text._init_signal_r
                0x08006e2e       0x2a C:\Program Files (x86)\Arm\GNU Toolchain mingw-w64-i686-arm-none-eabi\arm-none-eabi\lib\thumb\v6-m\nofp\libc_nano.a(libc_a-signal.o)
                0x08006e2e                _init_signal_r
 .text._signal_r
                0x08006e58       0x30 C:\Program Files (x86)\Arm\GNU Toolchain mingw-w64-i686-arm-none-eabi\arm-none-eabi\lib\thumb\v6-m\nofp\libc_nano.a(libc_a-signal.o)
                0x08006e58                _signal_r
 .text._raise_r
                0x08006e88       0x52 C:\Program Files (x86)\Arm\GNU Toolchain mingw-w64-i686-arm-none-eabi\arm-none-eabi\lib\thumb\v6-m\nofp\libc_nano.a(libc_a-signal.o)
                0x08006e88                _raise_r
 .text.__sigtramp_r
                0x08006eda       0x46 C:\Program Files (x86)\Arm\GNU Toolchain mingw-w64-i686-arm-none-eabi\arm-none-eabi\lib\thumb\v6-m\nofp\libc_nano.a(libc_a-signal.o)
                0x08006eda                __sigtramp_r
 .text.raise    0x08006f20       0x14 C:\Program Files (x86)\Arm\GNU Toolchain mingw-w64-i686-arm-none-eabi\arm-none-eabi\lib\thumb\v6-m\nofp\libc_nano.a(libc_a-signal.o)
                0x08006f20                raise
 .text.signal   0x08006f34       0x14 C:\Program Files (x86)\Arm\GNU Toolchain mingw-w64-i686-arm-none-eabi\arm-none-eabi\lib\thumb\v6-m\nofp\libc_nano.a(libc_a-signal.o)
                0x08006f34                signal
 .text._init_signal
                0x08006f48       0x10 C:\Program Files (x86)\Arm\GNU Toolchain mingw-w64-i686-arm-none-eabi\arm-none-eabi\lib\thumb\v6-m\nofp\libc_nano.a(libc_a-signal.o)
                0x08006f48                _init_signal
 .text.__sigtramp
                0x08006f58       0x14 C:\Program Files (x86)\Arm\GNU Toolchain mingw-w64-i686-arm-none-eabi\arm-none-eabi\lib\thumb\v6-m\nofp\libc_nano.a(libc_a-signal.o)
                0x08006f58                __sigtramp
 .text          0x08006f6c        0x0 C:\Program Files (x86)\Arm\GNU Toolchain mingw-w64-i686-arm-none-eabi\arm-none-eabi\lib\thumb\v6-m\nofp\libc_nano.a(libc_a-signalr.o)
 .text._kill_r  0x08006f6c       0x24 C:\Program Files (x86)\Arm\GNU Toolchain mingw-w64-i686-arm-none-eabi\arm-none-eabi\lib\thumb\v6-m\nofp\libc_nano.a(libc_a-signalr.o)
                0x08006f6c                _kill_r
 .text._getpid_r
                0x08006f90        0x8 C:\Program Files (x86)\Arm\GNU Toolchain mingw-w64-i686-arm-none-eabi\arm-none-eabi\lib\thumb\v6-m\nofp\libc_nano.a(libc_a-signalr.o)
                0x08006f90                _getpid_r
 .text          0x08006f98       0x14 C:\Program Files (x86)\Arm\GNU Toolchain mingw-w64-i686-arm-none-eabi\lib\gcc\arm-none-eabi\15.2.1\thumb\v6-m\nofp\libgcc.a(_thumb1_case_uqi.o)
                0x08006f98                __gnu_thumb1_case_uqi
 .text          0x08006fac       0x14 C:\Program Files (x86)\Arm\GNU Toolchain mingw-w64-i686-arm-none-eabi\lib\gcc\arm-none-eabi\15.2.1\thumb\v6-m\nofp\libgcc.a(_thumb1_case_shi.o)
                0x08006fac                __gnu_thumb1_case_shi
 .text          0x08006fc0       0x7c C:\Program Files (x86)\Arm\GNU Toolchain mingw-w64-i686-arm-none-eabi\lib\gcc\arm-none-eabi\15.2.1\thumb\v6-m\nofp\libgcc.a(_arm_cmpdf2.o)
                0x08006fc0                __aeabi_cdrcmple
                0x08006fd0                __aeabi_cdcmple
                0x08006fd0                __aeabi_cdcmpeq
                0x08006fe0                __aeabi_dcmpeq
                0x08006fec                __aeabi_dcmplt
                0x08007000                __aeabi_dcmple
                0x08007014                __aeabi_dcmpgt
                0x08007028                __aeabi_dcmpge
 .text          0x0800703c        0x0 C:\Program Files (x86)\Arm\GNU Toolchain mingw-w64-i686-arm-none-eabi\lib\gcc\arm-none-eabi\15.2.1\thumb\v6-m\nofp\libgcc.a(adddf3.o)
 .text.__aeabi_dadd
                0x0800703c      0x828 C:\Program Files (x86)\Arm\GNU Toolchain mingw-w64-i686-arm-none-eabi\lib\gcc\arm-none-eabi\15.2.1\thumb\v6-m\nofp\libgcc.a(adddf3.o)
                0x0800703c                __aeabi_dadd
 .text          0x08007864        0x0 C:\Program Files (x86)\Arm\GNU Toolchain mingw-w64-i686-arm-none-eabi\lib\gcc\arm-none-eabi\15.2.1\thumb\v6-m\nofp\libgcc.a(divdf3.o)
 .text.__aeabi_ddiv
                0x08007864      0x630 C:\Program Files (x86)\Arm\GNU Toolchain mingw-w64-i686-arm-none-eabi\lib\gcc\arm-none-eabi\15.2.1\thumb\v6-m\nofp\libgcc.a(divdf3.o)
                0x08007864                __aeabi_ddiv
 .text          0x08007e94        0x0 C:\Program Files (x86)\Arm\GNU Toolchain mingw-w64-i686-arm-none-eabi\lib\gcc\arm-none-eabi\15.2.1\thumb\v6-m\nofp\libgcc.a(eqdf2.o)
 .text.__eqdf2  0x08007e94       0x94 C:\Program Files (x86)\Arm\GNU Toolchain mingw-w64-i686-arm-none-eabi\lib\gcc\arm-none-eabi\15.2.1\thumb\v6-m\nofp\libgcc.a(eqdf2.o)
                0x08007e94                __nedf2
                0x08007e94                __eqdf2
 .text          0x08007f28        0x0 C:\Program Files (x86)\Arm\GNU Toolchain mingw-w64-i686-arm-none-eabi\lib\gcc\arm-none-eabi\15.2.1\thumb\v6-m\nofp\libgcc.a(gedf2.o)
 .text.__gedf2  0x08007f28       0xd4 C:\Program Files (x86)\Arm\GNU Toolchain mingw-w64-i686-arm-none-eabi\lib\gcc\arm-none-eabi\15.2.1\thumb\v6-m\nofp\libgcc.a(gedf2.o)
                0x08007f28                __gedf2
                0x08007f28                __gtdf2
 .text          0x08007ffc        0x0 C:\Program Files (x86)\Arm\GNU Toolchain mingw-w64-i686-arm-none-eabi\lib\gcc\arm-none-eabi\15.2.1\thumb\v6-m\nofp\libgcc.a(ledf2.o)
 .text.__ledf2  0x08007ffc       0xd4 C:\Program Files (x86)\Arm\GNU Toolchain mingw-w64-i686-arm-none-eabi\lib\gcc\arm-none-eabi\15.2.1\thumb\v6-m\nofp\libgcc.a(ledf2.o)
                0x08007ffc                __ledf2
                0x08007ffc                __ltdf2
 .text          0x080080d0        0x0 C:\Program Files (x86)\Arm\GNU Toolchain mingw-w64-i686-arm-none-eabi\lib\gcc\arm-none-eabi\15.2.1\thumb\v6-m\nofp\libgcc.a(muldf3.o)
 .text.__aeabi_dmul
                0x080080d0      0x570 C:\Program Files (x86)\Arm\GNU Toolchain mingw-w64-i686-arm-none-eabi\lib\gcc\arm-none-eabi\15.2.1\thumb\v6-m\nofp\libgcc.a(muldf3.o)
                0x080080d0                __aeabi_dmul
 .text          0x08008640        0x0 C:\Program Files (x86)\Arm\GNU Toolchain mingw-w64-i686-arm-none-eabi\lib\gcc\arm-none-eabi\15.2.1\thumb\v6-m\nofp\libgcc.a(subdf3.o)
 .text.__aeabi_dsub
                0x08008640      0x814 C:\Program Files (x86)\Arm\GNU Toolchain mingw-w64-i686-arm-none-eabi\lib\gcc\arm-none-eabi\15.2.1\thumb\v6-m\nofp\libgcc.a(subdf3.o)
                0x08008640                __aeabi_dsub
 .text          0x08008e54        0x0 C:\Program Files (x86)\Arm\GNU Toolchain mingw-w64-i686-arm-none-eabi\lib\gcc\arm-none-eabi\15.2.1\thumb\v6-m\nofp\libgcc.a(unorddf2.o)
 .text.__aeabi_dcmpun
                0x08008e54       0x40 C:\Program Files (x86)\Arm\GNU Toolchain mingw-w64-i686-arm-none-eabi\lib\gcc\arm-none-eabi\15.2.1\thumb\v6-m\nofp\libgcc.a(unorddf2.o)
                0x08008e54                __aeabi_dcmpun
 .text          0x08008e94        0x0 C:\Program Files (x86)\Arm\GNU Toolchain mingw-w64-i686-arm-none-eabi\lib\gcc\arm-none-eabi\15.2.1\thumb\v6-m\nofp\libgcc.a(fixdfsi.o)
 .text.__aeabi_d2iz
                0x08008e94       0x70 C:\Program Files (x86)\Arm\GNU Toolchain mingw-w64-i686-arm-none-eabi\lib\gcc\arm-none-eabi\15.2.1\thumb\v6-m\nofp\libgcc.a(fixdfsi.o)
                0x08008e94                __aeabi_d2iz
 .text          0x08008f04        0x0 C:\Program Files (x86)\Arm\GNU Toolchain mingw-w64-i686-arm-none-eabi\lib\gcc\arm-none-eabi\15.2.1\thumb\v6-m\nofp\libgcc.a(floatsidf.o)
 .text.__aeabi_i2d
                0x08008f04       0x68 C:\Program Files (x86)\Arm\GNU Toolchain mingw-w64-i686-arm-none-eabi\lib\gcc\arm-none-eabi\15.2.1\thumb\v6-m\nofp\libgcc.a(floatsidf.o)
                0x08008f04                __aeabi_i2d
 .text          0x08008f6c        0x0 C:\Program Files (x86)\Arm\GNU Toolchain mingw-w64-i686-arm-none-eabi\lib\gcc\arm-none-eabi\15.2.1\thumb\v6-m\nofp\libgcc.a(floatunsidf.o)
 .text.__aeabi_ui2d
                0x08008f6c       0x48 C:\Program Files (x86)\Arm\GNU Toolchain mingw-w64-i686-arm-none-eabi\lib\gcc\arm-none-eabi\15.2.1\thumb\v6-m\nofp\libgcc.a(floatunsidf.o)
                0x08008f6c                __aeabi_ui2d
 *(.rodata*)
 .rodata        0x08008fb4       0x10 main.o
 .rodata        0x08008fc4       0x7c startup.o
 .rodata        0x08009040      0x12d collision.o
 *fill*         0x0800916d        0x3 
 .rodata        0x08009170       0x20 decoder.o
                0x08009170                commands
 .rodata.__aeabi_fdiv
                0x08009190       0x7c C:\Program Files (x86)\Arm\GNU Toolchain mingw-w64-i686-arm-none-eabi\lib\gcc\arm-none-eabi\15.2.1\thumb\v6-m\nofp\libgcc.a(divsf3.o)
 .rodata._printf_float.str1.1
                0x0800920c      0x173 C:\Program Files (x86)\Arm\GNU Toolchain mingw-w64-i686-arm-none-eabi\arm-none-eabi\lib\thumb\v6-m\nofp\libc_nano.a(libc_a-nano-vfprintf_float.o)
                                 0x12 (size before relaxing)
 .rodata._printf_i.str1.1
                0x0800937f        0x0 C:\Program Files (x86)\Arm\GNU Toolchain mingw-w64-i686-arm-none-eabi\arm-none-eabi\lib\thumb\v6-m\nofp\libc_nano.a(libc_a-nano-vfprintf_i.o)
                                 0x22 (size before relaxing)
 .rodata._dtoa_r.str1.1
                0x0800937f        0x0 C:\Program Files (x86)\Arm\GNU Toolchain mingw-w64-i686-arm-none-eabi\arm-none-eabi\lib\thumb\v6-m\nofp\libc_nano.a(libc_a-dtoa.o)
                                 0x90 (size before relaxing)
 .rodata._Balloc.str1.1
                0x0800937f        0x0 C:\Program Files (x86)\Arm\GNU Toolchain mingw-w64-i686-arm-none-eabi\arm-none-eabi\lib\thumb\v6-m\nofp\libc_nano.a(libc_a-mprec.o)
                                 0x71 (size before relaxing)
 .rodata.__multadd.str1.1
                0x0800937f        0x0 C:\Program Files (x86)\Arm\GNU Toolchain mingw-w64-i686-arm-none-eabi\arm-none-eabi\lib\thumb\v6-m\nofp\libc_nano.a(libc_a-mprec.o)
                                 0x11 (size before relaxing)
 *fill*         0x0800937f        0x1 
 .rodata.p05.0  0x08009380        0xc C:\Program Files (x86)\Arm\GNU Toolchain mingw-w64-i686-arm-none-eabi\arm-none-eabi\lib\thumb\v6-m\nofp\libc_nano.a(libc_a-mprec.o)
 *fill*         0x0800938c        0x4 
 .rodata.__mprec_tinytens
                0x08009390       0x28 C:\Program Files (x86)\Arm\GNU Toolchain mingw-w64-i686-arm-none-eabi\arm-none-eabi\lib\thumb\v6-m\nofp\libc_nano.a(libc_a-mprec.o)
                0x08009390                __mprec_tinytens
 .rodata.__mprec_bigtens
                0x080093b8       0x28 C:\Program Files (x86)\Arm\GNU Toolchain mingw-w64-i686-arm-none-eabi\arm-none-eabi\lib\thumb\v6-m\nofp\libc_nano.a(libc_a-mprec.o)
                0x080093b8                __mprec_bigtens
 .rodata.__mprec_tens
                0x080093e0       0xc8 C:\Program Files (x86)\Arm\GNU Toolchain mingw-w64-i686-arm-none-eabi\arm-none-eabi\lib\thumb\v6-m\nofp\libc_nano.a(libc_a-mprec.o)
                0x080093e0                __mprec_tens
 .rodata._vfprintf_r.str1.1
                0x080094a8        0x0 C:\Program Files (x86)\Arm\GNU Toolchain mingw-w64-i686-arm-none-eabi\arm-none-eabi\lib\thumb\v6-m\nofp\libc_nano.a(libc_a-nano-vfprintf.o)
                                 0x11 (size before relaxing)
 .rodata._setlocale_r.str1.1
                0x080094a8        0x0 C:\Program Files (x86)\Arm\GNU Toolchain mingw-w64-i686-arm-none-eabi\arm-none-eabi\lib\thumb\v6-m\nofp\libc_nano.a(libc_a-locale.o)
                                  0x9 (size before relaxing)
 .rodata.str1.1
                0x080094a8        0x0 C:\Program Files (x86)\Arm\GNU Toolchain mingw-w64-i686-arm-none-eabi\arm-none-eabi\lib\thumb\v6-m\nofp\libc_nano.a(libc_a-locale.o)
                                  0x2 (size before relaxing)
 .rodata.__assert_func.str1.1
                0x080094a8        0x0 C:\Program Files (x86)\Arm\GNU Toolchain mingw-w64-i686-arm-none-eabi\arm-none-eabi\lib\thumb\v6-m\nofp\libc_nano.a(libc_a-assert.o)
                                 0x3d (size before relaxing)
 .rodata._ctype_
                0x080094a8      0x101 C:\Program Files (x86)\Arm\GNU Toolchain mingw-w64-i686-arm-none-eabi\arm-none-eabi\lib\thumb\v6-m\nofp\libc_nano.a(libc_a-ctype_.o)
                0x080094a8                _ctype_
 *fill*         0x080095a9        0x3 
 .rodata.__aeabi_ddiv
                0x080095ac       0x40 C:\Program Files (x86)\Arm\GNU Toolchain mingw-w64-i686-arm-none-eabi\lib\gcc\arm-none-eabi\15.2.1\thumb\v6-m\nofp\libgcc.a(divdf3.o)
                0x080095ec                        . = ALIGN (0x4)
                0x080095ec                        PROVIDE (__init_array_start = .)
 *(SORT_BY_NAME(.init_array.*))
 *(.init_array)
                0x080095ec                        PROVIDE (__init_array_end = .)
                0x080095ec                        . = ALIGN (0x4)
                0x080095ec                        _etext = .

.glue_7         0x080095ec        0x0
 .glue_7        0x080095ec        0x0 linker stubs

.glue_7t        0x080095ec        0x0
 .glue_7t       0x080095ec        0x0 linker stubs

.vfp11_veneer   0x080095ec        0x0
 .vfp11_veneer  0x080095ec        0x0 linker stubs

.v4_bx          0x080095ec        0x0
 .v4_bx         0x080095ec        0x0 linker stubs

.iplt           0x080095ec        0x0
 .iplt          0x080095ec        0x0 main.o

.rel.dyn        0x080095ec        0x0
 .rel.iplt      0x080095ec        0x0 main.o

.data           0x20000000      0x1cc load address 0x080095ec
                0x20000000                        . = ALIGN (0x4)
                0x20000000                        _data = .
 *(.data*)
 .data          0x20000000        0x0 main.o
 .data          0x20000000        0x0 startup.o
 .data          0x20000000        0x0 serial.o
 .data          0x20000000        0x4 newlib_stubs.o
                0x20000000                environ
 .data          0x20000004        0x0 collision.o
 .data          0x20000004        0x0 motor.o
 .data          0x20000004        0x0 ADC.o
 .data          0x20000004        0x0 decoder.o
 .data          0x20000004        0x0 uart.o
 .data          0x20000004        0x0 vl53l0x.o
 .data          0x20000004        0x0 C:\Program Files (x86)\Arm\GNU Toolchain mingw-w64-i686-arm-none-eabi\arm-none-eabi\lib\thumb\v6-m\nofp\libnosys.a(errno.o)
 .data          0x20000004        0x0 C:\Program Files (x86)\Arm\GNU Toolchain mingw-w64-i686-arm-none-eabi\lib\gcc\arm-none-eabi\15.2.1\thumb\v6-m\nofp\libgcc.a(_udivsi3.o)
 .data          0x20000004        0x0 C:\Program Files (x86)\Arm\GNU Toolchain mingw-w64-i686-arm-none-eabi\lib\gcc\arm-none-eabi\15.2.1\thumb\v6-m\nofp\libgcc.a(_divsi3.o)
 .data          0x20000004        0x0 C:\Program Files (x86)\Arm\GNU Toolchain mingw-w64-i686-arm-none-eabi\lib\gcc\arm-none-eabi\15.2.1\thumb\v6-m\nofp\libgcc.a(_dvmd_tls.o)
 .data          0x20000004        0x0 C:\Program Files (x86)\Arm\GNU Toolchain mingw-w64-i686-arm-none-eabi\lib\gcc\arm-none-eabi\15.2.1\thumb\v6-m\nofp\libgcc.a(_arm_cmpsf2.o)
 .data          0x20000004        0x0 C:\Program Files (x86)\Arm\GNU Toolchain mingw-w64-i686-arm-none-eabi\lib\gcc\arm-none-eabi\15.2.1\thumb\v6-m\nofp\libgcc.a(addsf3.o)
 .data          0x20000004        0x0 C:\Program Files (x86)\Arm\GNU Toolchain mingw-w64-i686-arm-none-eabi\lib\gcc\arm-none-eabi\15.2.1\thumb\v6-m\nofp\libgcc.a(divsf3.o)
 .data          0x20000004        0x0 C:\Program Files (x86)\Arm\GNU Toolchain mingw-w64-i686-arm-none-eabi\lib\gcc\arm-none-eabi\15.2.1\thumb\v6-m\nofp\libgcc.a(eqsf2.o)
 .data          0x20000004        0x0 C:\Program Files (x86)\Arm\GNU Toolchain mingw-w64-i686-arm-none-eabi\lib\gcc\arm-none-eabi\15.2.1\thumb\v6-m\nofp\libgcc.a(gesf2.o)
 .data          0x20000004        0x0 C:\Program Files (x86)\Arm\GNU Toolchain mingw-w64-i686-arm-none-eabi\lib\gcc\arm-none-eabi\15.2.1\thumb\v6-m\nofp\libgcc.a(lesf2.o)
 .data          0x20000004        0x0 C:\Program Files (x86)\Arm\GNU Toolchain mingw-w64-i686-arm-none-eabi\lib\gcc\arm-none-eabi\15.2.1\thumb\v6-m\nofp\libgcc.a(mulsf3.o)
 .data          0x20000004        0x0 C:\Program Files (x86)\Arm\GNU Toolchain mingw-w64-i686-arm-none-eabi\lib\gcc\arm-none-eabi\15.2.1\thumb\v6-m\nofp\libgcc.a(subsf3.o)
 .data          0x20000004        0x0 C:\Program Files (x86)\Arm\GNU Toolchain mingw-w64-i686-arm-none-eabi\lib\gcc\arm-none-eabi\15.2.1\thumb\v6-m\nofp\libgcc.a(fixsfsi.o)
 .data          0x20000004        0x0 C:\Program Files (x86)\Arm\GNU Toolchain mingw-w64-i686-arm-none-eabi\lib\gcc\arm-none-eabi\15.2.1\thumb\v6-m\nofp\libgcc.a(_clzsi2.o)
 .data          0x20000004        0x0 C:\Program Files (x86)\Arm\GNU Toolchain mingw-w64-i686-arm-none-eabi\arm-none-eabi\lib\thumb\v6-m\nofp\libc_nano.a(libc_a-nano-vfprintf_float.o)
 .data          0x20000004        0x0 C:\Program Files (x86)\Arm\GNU Toolchain mingw-w64-i686-arm-none-eabi\arm-none-eabi\lib\thumb\v6-m\nofp\libc_nano.a(libc_a-nano-vfprintf_i.o)
 .data          0x20000004        0x0 C:\Program Files (x86)\Arm\GNU Toolchain mingw-w64-i686-arm-none-eabi\arm-none-eabi\lib\thumb\v6-m\nofp\libc_nano.a(libc_a-fflush.o)
 .data          0x20000004        0x0 C:\Program Files (x86)\Arm\GNU Toolchain mingw-w64-i686-arm-none-eabi\arm-none-eabi\lib\thumb\v6-m\nofp\libc_nano.a(libc_a-findfp.o)
 .data.__sglue  0x20000004        0xc C:\Program Files (x86)\Arm\GNU Toolchain mingw-w64-i686-arm-none-eabi\arm-none-eabi\lib\thumb\v6-m\nofp\libc_nano.a(libc_a-findfp.o)
                0x20000004                __sglue
 .data          0x20000010        0x0 C:\Program Files (x86)\Arm\GNU Toolchain mingw-w64-i686-arm-none-eabi\arm-none-eabi\lib\thumb\v6-m\nofp\libc_nano.a(libc_a-fwalk.o)
 .data          0x20000010        0x0 C:\Program Files (x86)\Arm\GNU Toolchain mingw-w64-i686-arm-none-eabi\arm-none-eabi\lib\thumb\v6-m\nofp\libc_nano.a(libc_a-printf.o)
 .data          0x20000010        0x0 C:\Program Files (x86)\Arm\GNU Toolchain mingw-w64-i686-arm-none-eabi\arm-none-eabi\lib\thumb\v6-m\nofp\libc_nano.a(libc_a-putchar.o)
 .data          0x20000010        0x0 C:\Program Files (x86)\Arm\GNU Toolchain mingw-w64-i686-arm-none-eabi\arm-none-eabi\lib\thumb\v6-m\nofp\libc_nano.a(libc_a-puts.o)
 .data          0x20000010        0x0 C:\Program Files (x86)\Arm\GNU Toolchain mingw-w64-i686-arm-none-eabi\arm-none-eabi\lib\thumb\v6-m\nofp\libc_nano.a(libc_a-stdio.o)
 .data          0x20000010        0x0 C:\Program Files (x86)\Arm\GNU Toolchain mingw-w64-i686-arm-none-eabi\arm-none-eabi\lib\thumb\v6-m\nofp\libc_nano.a(libc_a-wbuf.o)
 .data          0x20000010        0x0 C:\Program Files (x86)\Arm\GNU Toolchain mingw-w64-i686-arm-none-eabi\arm-none-eabi\lib\thumb\v6-m\nofp\libc_nano.a(libc_a-wsetup.o)
 .data          0x20000010        0x0 C:\Program Files (x86)\Arm\GNU Toolchain mingw-w64-i686-arm-none-eabi\arm-none-eabi\lib\thumb\v6-m\nofp\libc_nano.a(libc_a-memset.o)
 .data          0x20000010        0x0 C:\Program Files (x86)\Arm\GNU Toolchain mingw-w64-i686-arm-none-eabi\arm-none-eabi\lib\thumb\v6-m\nofp\libc_nano.a(libc_a-localeconv.o)
 .data          0x20000010        0x0 C:\Program Files (x86)\Arm\GNU Toolchain mingw-w64-i686-arm-none-eabi\arm-none-eabi\lib\thumb\v6-m\nofp\libc_nano.a(libc_a-closer.o)
 .data          0x20000010        0x0 C:\Program Files (x86)\Arm\GNU Toolchain mingw-w64-i686-arm-none-eabi\arm-none-eabi\lib\thumb\v6-m\nofp\libc_nano.a(libc_a-impure.o)
 .data._impure_ptr
                0x20000010        0x4 C:\Program Files (x86)\Arm\GNU Toolchain mingw-w64-i686-arm-none-eabi\arm-none-eabi\lib\thumb\v6-m\nofp\libc_nano.a(libc_a-impure.o)
                0x20000010                _impure_ptr
 .data._impure_data
                0x20000014       0x4c C:\Program Files (x86)\Arm\GNU Toolchain mingw-w64-i686-arm-none-eabi\arm-none-eabi\lib\thumb\v6-m\nofp\libc_nano.a(libc_a-impure.o)
                0x20000014                _impure_data
 .data          0x20000060        0x0 C:\Program Files (x86)\Arm\GNU Toolchain mingw-w64-i686-arm-none-eabi\arm-none-eabi\lib\thumb\v6-m\nofp\libc_nano.a(libc_a-lseekr.o)
 .data          0x20000060        0x0 C:\Program Files (x86)\Arm\GNU Toolchain mingw-w64-i686-arm-none-eabi\arm-none-eabi\lib\thumb\v6-m\nofp\libc_nano.a(libc_a-readr.o)
 .data          0x20000060        0x0 C:\Program Files (x86)\Arm\GNU Toolchain mingw-w64-i686-arm-none-eabi\arm-none-eabi\lib\thumb\v6-m\nofp\libc_nano.a(libc_a-writer.o)
 .data          0x20000060        0x0 C:\Program Files (x86)\Arm\GNU Toolchain mingw-w64-i686-arm-none-eabi\arm-none-eabi\lib\thumb\v6-m\nofp\libc_nano.a(libc_a-lock.o)
 .data          0x20000060        0x0 C:\Program Files (x86)\Arm\GNU Toolchain mingw-w64-i686-arm-none-eabi\arm-none-eabi\lib\thumb\v6-m\nofp\libc_nano.a(libc_a-memchr-stub.o)
 .data          0x20000060        0x0 C:\Program Files (x86)\Arm\GNU Toolchain mingw-w64-i686-arm-none-eabi\arm-none-eabi\lib\thumb\v6-m\nofp\libc_nano.a(libc_a-strlen.o)
 .data          0x20000060        0x0 C:\Program Files (x86)\Arm\GNU Toolchain mingw-w64-i686-arm-none-eabi\arm-none-eabi\lib\thumb\v6-m\nofp\libc_nano.a(libc_a-dtoa.o)
 .data          0x20000060        0x0 C:\Program Files (x86)\Arm\GNU Toolchain mingw-w64-i686-arm-none-eabi\arm-none-eabi\lib\thumb\v6-m\nofp\libc_nano.a(libc_a-freer.o)
 .data          0x20000060        0x0 C:\Program Files (x86)\Arm\GNU Toolchain mingw-w64-i686-arm-none-eabi\arm-none-eabi\lib\thumb\v6-m\nofp\libc_nano.a(libc_a-malloc.o)
 .data          0x20000060        0x0 C:\Program Files (x86)\Arm\GNU Toolchain mingw-w64-i686-arm-none-eabi\arm-none-eabi\lib\thumb\v6-m\nofp\libc_nano.a(libc_a-mallocr.o)
 .data          0x20000060        0x0 C:\Program Files (x86)\Arm\GNU Toolchain mingw-w64-i686-arm-none-eabi\arm-none-eabi\lib\thumb\v6-m\nofp\libc_nano.a(libc_a-mlock.o)
 .data          0x20000060        0x0 C:\Program Files (x86)\Arm\GNU Toolchain mingw-w64-i686-arm-none-eabi\arm-none-eabi\lib\thumb\v6-m\nofp\libc_nano.a(libc_a-mprec.o)
 .data          0x20000060        0x0 C:\Program Files (x86)\Arm\GNU Toolchain mingw-w64-i686-arm-none-eabi\arm-none-eabi\lib\thumb\v6-m\nofp\libc_nano.a(libc_a-nano-vfprintf.o)
 .data          0x20000060        0x0 C:\Program Files (x86)\Arm\GNU Toolchain mingw-w64-i686-arm-none-eabi\arm-none-eabi\lib\thumb\v6-m\nofp\libc_nano.a(libc_a-fvwrite.o)
 .data          0x20000060        0x0 C:\Program Files (x86)\Arm\GNU Toolchain mingw-w64-i686-arm-none-eabi\arm-none-eabi\lib\thumb\v6-m\nofp\libc_nano.a(libc_a-makebuf.o)
 .data          0x20000060        0x0 C:\Program Files (x86)\Arm\GNU Toolchain mingw-w64-i686-arm-none-eabi\arm-none-eabi\lib\thumb\v6-m\nofp\libc_nano.a(libc_a-putc.o)
 .data          0x20000060        0x0 C:\Program Files (x86)\Arm\GNU Toolchain mingw-w64-i686-arm-none-eabi\arm-none-eabi\lib\thumb\v6-m\nofp\libc_nano.a(libc_a-memmove.o)
 .data          0x20000060        0x0 C:\Program Files (x86)\Arm\GNU Toolchain mingw-w64-i686-arm-none-eabi\arm-none-eabi\lib\thumb\v6-m\nofp\libc_nano.a(libc_a-locale.o)
 .data.__global_locale
                0x20000060      0x16c C:\Program Files (x86)\Arm\GNU Toolchain mingw-w64-i686-arm-none-eabi\arm-none-eabi\lib\thumb\v6-m\nofp\libc_nano.a(libc_a-locale.o)
                0x20000060                __global_locale
 .data          0x200001cc        0x0 C:\Program Files (x86)\Arm\GNU Toolchain mingw-w64-i686-arm-none-eabi\arm-none-eabi\lib\thumb\v6-m\nofp\libc_nano.a(libc_a-fstatr.o)
 .data          0x200001cc        0x0 C:\Program Files (x86)\Arm\GNU Toolchain mingw-w64-i686-arm-none-eabi\arm-none-eabi\lib\thumb\v6-m\nofp\libc_nano.a(libc_a-isattyr.o)
 .data          0x200001cc        0x0 C:\Program Files (x86)\Arm\GNU Toolchain mingw-w64-i686-arm-none-eabi\arm-none-eabi\lib\thumb\v6-m\nofp\libc_nano.a(libc_a-sbrkr.o)
 .data          0x200001cc        0x0 C:\Program Files (x86)\Arm\GNU Toolchain mingw-w64-i686-arm-none-eabi\arm-none-eabi\lib\thumb\v6-m\nofp\libc_nano.a(libc_a-strcmp.o)
 .data          0x200001cc        0x0 C:\Program Files (x86)\Arm\GNU Toolchain mingw-w64-i686-arm-none-eabi\arm-none-eabi\lib\thumb\v6-m\nofp\libc_nano.a(libc_a-memcpy-stub.o)
 .data          0x200001cc        0x0 C:\Program Files (x86)\Arm\GNU Toolchain mingw-w64-i686-arm-none-eabi\arm-none-eabi\lib\thumb\v6-m\nofp\libc_nano.a(libc_a-assert.o)
 .data          0x200001cc        0x0 C:\Program Files (x86)\Arm\GNU Toolchain mingw-w64-i686-arm-none-eabi\arm-none-eabi\lib\thumb\v6-m\nofp\libc_nano.a(libc_a-callocr.o)
 .data          0x200001cc        0x0 C:\Program Files (x86)\Arm\GNU Toolchain mingw-w64-i686-arm-none-eabi\arm-none-eabi\lib\thumb\v6-m\nofp\libc_nano.a(libc_a-mbtowc_r.o)
 .data          0x200001cc        0x0 C:\Program Files (x86)\Arm\GNU Toolchain mingw-w64-i686-arm-none-eabi\arm-none-eabi\lib\thumb\v6-m\nofp\libc_nano.a(libc_a-reallocr.o)
 .data          0x200001cc        0x0 C:\Program Files (x86)\Arm\GNU Toolchain mingw-w64-i686-arm-none-eabi\arm-none-eabi\lib\thumb\v6-m\nofp\libc_nano.a(libc_a-wctomb_r.o)
 .data          0x200001cc        0x0 C:\Program Files (x86)\Arm\GNU Toolchain mingw-w64-i686-arm-none-eabi\arm-none-eabi\lib\thumb\v6-m\nofp\libc_nano.a(libc_a-ctype_.o)
 .data          0x200001cc        0x0 C:\Program Files (x86)\Arm\GNU Toolchain mingw-w64-i686-arm-none-eabi\arm-none-eabi\lib\thumb\v6-m\nofp\libc_nano.a(libc_a-fprintf.o)
 .data          0x200001cc        0x0 C:\Program Files (x86)\Arm\GNU Toolchain mingw-w64-i686-arm-none-eabi\arm-none-eabi\lib\thumb\v6-m\nofp\libc_nano.a(libc_a-abort.o)
 .data          0x200001cc        0x0 C:\Program Files (x86)\Arm\GNU Toolchain mingw-w64-i686-arm-none-eabi\arm-none-eabi\lib\thumb\v6-m\nofp\libc_nano.a(libc_a-msizer.o)
 .data          0x200001cc        0x0 C:\Program Files (x86)\Arm\GNU Toolchain mingw-w64-i686-arm-none-eabi\arm-none-eabi\lib\thumb\v6-m\nofp\libc_nano.a(libc_a-signal.o)
 .data          0x200001cc        0x0 C:\Program Files (x86)\Arm\GNU Toolchain mingw-w64-i686-arm-none-eabi\arm-none-eabi\lib\thumb\v6-m\nofp\libc_nano.a(libc_a-signalr.o)
 .data          0x200001cc        0x0 C:\Program Files (x86)\Arm\GNU Toolchain mingw-w64-i686-arm-none-eabi\lib\gcc\arm-none-eabi\15.2.1\thumb\v6-m\nofp\libgcc.a(_thumb1_case_uqi.o)
 .data          0x200001cc        0x0 C:\Program Files (x86)\Arm\GNU Toolchain mingw-w64-i686-arm-none-eabi\lib\gcc\arm-none-eabi\15.2.1\thumb\v6-m\nofp\libgcc.a(_thumb1_case_shi.o)
 .data          0x200001cc        0x0 C:\Program Files (x86)\Arm\GNU Toolchain mingw-w64-i686-arm-none-eabi\lib\gcc\arm-none-eabi\15.2.1\thumb\v6-m\nofp\libgcc.a(_arm_cmpdf2.o)
 .data          0x200001cc        0x0 C:\Program Files (x86)\Arm\GNU Toolchain mingw-w64-i686-arm-none-eabi\lib\gcc\arm-none-eabi\15.2.1\thumb\v6-m\nofp\libgcc.a(adddf3.o)
 .data          0x200001cc        0x0 C:\Program Files (x86)\Arm\GNU Toolchain mingw-w64-i686-arm-none-eabi\lib\gcc\arm-none-eabi\15.2.1\thumb\v6-m\nofp\libgcc.a(divdf3.o)
 .data          0x200001cc        0x0 C:\Program Files (x86)\Arm\GNU Toolchain mingw-w64-i686-arm-none-eabi\lib\gcc\arm-none-eabi\15.2.1\thumb\v6-m\nofp\libgcc.a(eqdf2.o)
 .data          0x200001cc        0x0 C:\Program Files (x86)\Arm\GNU Toolchain mingw-w64-i686-arm-none-eabi\lib\gcc\arm-none-eabi\15.2.1\thumb\v6-m\nofp\libgcc.a(gedf2.o)
 .data          0x200001cc        0x0 C:\Program Files (x86)\Arm\GNU Toolchain mingw-w64-i686-arm-none-eabi\lib\gcc\arm-none-eabi\15.2.1\thumb\v6-m\nofp\libgcc.a(ledf2.o)
 .data          0x200001cc        0x0 C:\Program Files (x86)\Arm\GNU Toolchain mingw-w64-i686-arm-none-eabi\lib\gcc\arm-none-eabi\15.2.1\thumb\v6-m\nofp\libgcc.a(muldf3.o)
 .data          0x200001cc        0x0 C:\Program Files (x86)\Arm\GNU Toolchain mingw-w64-i686-arm-none-eabi\lib\gcc\arm-none-eabi\15.2.1\thumb\v6-m\nofp\libgcc.a(subdf3.o)
 .data          0x200001cc        0x0 C:\Program Files (x86)\Arm\GNU Toolchain mingw-w64-i686-arm-none-eabi\lib\gcc\arm-none-eabi\15.2.1\thumb\v6-m\nofp\libgcc.a(unorddf2.o)
 .data          0x200001cc        0x0 C:\Program Files (x86)\Arm\GNU Toolchain mingw-w64-i686-arm-none-eabi\lib\gcc\arm-none-eabi\15.2.1\thumb\v6-m\nofp\libgcc.a(fixdfsi.o)
 .data          0x200001cc        0x0 C:\Program Files (x86)\Arm\GNU Toolchain mingw-w64-i686-arm-none-eabi\lib\gcc\arm-none-eabi\15.2.1\thumb\v6-m\nofp\libgcc.a(floatsidf.o)
 .data          0x200001cc        0x0 C:\Program Files (x86)\Arm\GNU Toolchain mingw-w64-i686-arm-none-eabi\lib\gcc\arm-none-eabi\15.2.1\thumb\v6-m\nofp\libgcc.a(floatunsidf.o)
                0x200001cc                        . = ALIGN (0x4)
                0x200001cc                        _edata = .

.igot.plt       0x200001cc        0x0 load address 0x080097b8
 .igot.plt      0x200001cc        0x0 main.o

.bss            0x200001cc      0x258 load address 0x080097b8
                0x200001cc                        _bss = .
 *(.bss*)
 .bss           0x200001cc       0x40 main.o
                0x200001cc                msg
 .bss           0x2000020c        0x0 startup.o
 .bss           0x2000020c       0xa4 serial.o
                0x2000020c                ComRXBuffer
                0x20000258                ComTXBuffer
                0x200002a4                ComOpen
                0x200002a8                ComError
                0x200002ac                ComBusy
 .bss           0x200002b0        0x8 newlib_stubs.o
                0x200002b0                __env
 .bss           0x200002b8        0x0 collision.o
 .bss           0x200002b8        0x0 motor.o
 .bss           0x200002b8        0x0 ADC.o
 .bss           0x200002b8       0x14 decoder.o
                0x200002b8                signal_start
                0x200002bc                capture
                0x200002c0                command_signal
                0x200002c4                pulse_width
                0x200002c8                signal_flag
 .bss           0x200002cc        0x0 uart.o
 .bss           0x200002cc        0x1 vl53l0x.o
 .bss           0x200002cd        0x0 C:\Program Files (x86)\Arm\GNU Toolchain mingw-w64-i686-arm-none-eabi\arm-none-eabi\lib\thumb\v6-m\nofp\libnosys.a(errno.o)
 *fill*         0x200002cd        0x3 
 .bss.errno     0x200002d0        0x4 C:\Program Files (x86)\Arm\GNU Toolchain mingw-w64-i686-arm-none-eabi\arm-none-eabi\lib\thumb\v6-m\nofp\libnosys.a(errno.o)
                0x200002d0                errno
 .bss           0x200002d4        0x0 C:\Program Files (x86)\Arm\GNU Toolchain mingw-w64-i686-arm-none-eabi\lib\gcc\arm-none-eabi\15.2.1\thumb\v6-m\nofp\libgcc.a(_udivsi3.o)
 .bss           0x200002d4        0x0 C:\Program Files (x86)\Arm\GNU Toolchain mingw-w64-i686-arm-none-eabi\lib\gcc\arm-none-eabi\15.2.1\thumb\v6-m\nofp\libgcc.a(_divsi3.o)
 .bss           0x200002d4        0x0 C:\Program Files (x86)\Arm\GNU Toolchain mingw-w64-i686-arm-none-eabi\lib\gcc\arm-none-eabi\15.2.1\thumb\v6-m\nofp\libgcc.a(_dvmd_tls.o)
 .bss           0x200002d4        0x0 C:\Program Files (x86)\Arm\GNU Toolchain mingw-w64-i686-arm-none-eabi\lib\gcc\arm-none-eabi\15.2.1\thumb\v6-m\nofp\libgcc.a(_arm_cmpsf2.o)
 .bss           0x200002d4        0x0 C:\Program Files (x86)\Arm\GNU Toolchain mingw-w64-i686-arm-none-eabi\lib\gcc\arm-none-eabi\15.2.1\thumb\v6-m\nofp\libgcc.a(addsf3.o)
 .bss           0x200002d4        0x0 C:\Program Files (x86)\Arm\GNU Toolchain mingw-w64-i686-arm-none-eabi\lib\gcc\arm-none-eabi\15.2.1\thumb\v6-m\nofp\libgcc.a(divsf3.o)
 .bss           0x200002d4        0x0 C:\Program Files (x86)\Arm\GNU Toolchain mingw-w64-i686-arm-none-eabi\lib\gcc\arm-none-eabi\15.2.1\thumb\v6-m\nofp\libgcc.a(eqsf2.o)
 .bss           0x200002d4        0x0 C:\Program Files (x86)\Arm\GNU Toolchain mingw-w64-i686-arm-none-eabi\lib\gcc\arm-none-eabi\15.2.1\thumb\v6-m\nofp\libgcc.a(gesf2.o)
 .bss           0x200002d4        0x0 C:\Program Files (x86)\Arm\GNU Toolchain mingw-w64-i686-arm-none-eabi\lib\gcc\arm-none-eabi\15.2.1\thumb\v6-m\nofp\libgcc.a(lesf2.o)
 .bss           0x200002d4        0x0 C:\Program Files (x86)\Arm\GNU Toolchain mingw-w64-i686-arm-none-eabi\lib\gcc\arm-none-eabi\15.2.1\thumb\v6-m\nofp\libgcc.a(mulsf3.o)
 .bss           0x200002d4        0x0 C:\Program Files (x86)\Arm\GNU Toolchain mingw-w64-i686-arm-none-eabi\lib\gcc\arm-none-eabi\15.2.1\thumb\v6-m\nofp\libgcc.a(subsf3.o)
 .bss           0x200002d4        0x0 C:\Program Files (x86)\Arm\GNU Toolchain mingw-w64-i686-arm-none-eabi\lib\gcc\arm-none-eabi\15.2.1\thumb\v6-m\nofp\libgcc.a(fixsfsi.o)
 .bss           0x200002d4        0x0 C:\Program Files (x86)\Arm\GNU Toolchain mingw-w64-i686-arm-none-eabi\lib\gcc\arm-none-eabi\15.2.1\thumb\v6-m\nofp\libgcc.a(_clzsi2.o)
 .bss           0x200002d4        0x0 C:\Program Files (x86)\Arm\GNU Toolchain mingw-w64-i686-arm-none-eabi\arm-none-eabi\lib\thumb\v6-m\nofp\libc_nano.a(libc_a-nano-vfprintf_float.o)
 .bss           0x200002d4        0x0 C:\Program Files (x86)\Arm\GNU Toolchain mingw-w64-i686-arm-none-eabi\arm-none-eabi\lib\thumb\v6-m\nofp\libc_nano.a(libc_a-nano-vfprintf_i.o)
 .bss           0x200002d4        0x0 C:\Program Files (x86)\Arm\GNU Toolchain mingw-w64-i686-arm-none-eabi\arm-none-eabi\lib\thumb\v6-m\nofp\libc_nano.a(libc_a-fflush.o)
 .bss           0x200002d4        0x0 C:\Program Files (x86)\Arm\GNU Toolchain mingw-w64-i686-arm-none-eabi\arm-none-eabi\lib\thumb\v6-m\nofp\libc_nano.a(libc_a-findfp.o)
 .bss.__sf      0x200002d4      0x138 C:\Program Files (x86)\Arm\GNU Toolchain mingw-w64-i686-arm-none-eabi\arm-none-eabi\lib\thumb\v6-m\nofp\libc_nano.a(libc_a-findfp.o)
                0x200002d4                __sf
 .bss.__stdio_exit_handler
                0x2000040c        0x4 C:\Program Files (x86)\Arm\GNU Toolchain mingw-w64-i686-arm-none-eabi\arm-none-eabi\lib\thumb\v6-m\nofp\libc_nano.a(libc_a-findfp.o)
                0x2000040c                __stdio_exit_handler
 .bss           0x20000410        0x0 C:\Program Files (x86)\Arm\GNU Toolchain mingw-w64-i686-arm-none-eabi\arm-none-eabi\lib\thumb\v6-m\nofp\libc_nano.a(libc_a-fwalk.o)
 .bss           0x20000410        0x0 C:\Program Files (x86)\Arm\GNU Toolchain mingw-w64-i686-arm-none-eabi\arm-none-eabi\lib\thumb\v6-m\nofp\libc_nano.a(libc_a-printf.o)
 .bss           0x20000410        0x0 C:\Program Files (x86)\Arm\GNU Toolchain mingw-w64-i686-arm-none-eabi\arm-none-eabi\lib\thumb\v6-m\nofp\libc_nano.a(libc_a-putchar.o)
 .bss           0x20000410        0x0 C:\Program Files (x86)\Arm\GNU Toolchain mingw-w64-i686-arm-none-eabi\arm-none-eabi\lib\thumb\v6-m\nofp\libc_nano.a(libc_a-puts.o)
 .bss           0x20000410        0x0 C:\Program Files (x86)\Arm\GNU Toolchain mingw-w64-i686-arm-none-eabi\arm-none-eabi\lib\thumb\v6-m\nofp\libc_nano.a(libc_a-stdio.o)
 .bss           0x20000410        0x0 C:\Program Files (x86)\Arm\GNU Toolchain mingw-w64-i686-arm-none-eabi\arm-none-eabi\lib\thumb\v6-m\nofp\libc_nano.a(libc_a-wbuf.o)
 .bss           0x20000410        0x0 C:\Program Files (x86)\Arm\GNU Toolchain mingw-w64-i686-arm-none-eabi\arm-none-eabi\lib\thumb\v6-m\nofp\libc_nano.a(libc_a-wsetup.o)
 .bss           0x20000410        0x0 C:\Program Files (x86)\Arm\GNU Toolchain mingw-w64-i686-arm-none-eabi\arm-none-eabi\lib\thumb\v6-m\nofp\libc_nano.a(libc_a-memset.o)
 .bss           0x20000410        0x0 C:\Program Files (x86)\Arm\GNU Toolchain mingw-w64-i686-arm-none-eabi\arm-none-eabi\lib\thumb\v6-m\nofp\libc_nano.a(libc_a-localeconv.o)
 .bss           0x20000410        0x0 C:\Program Files (x86)\Arm\GNU Toolchain mingw-w64-i686-arm-none-eabi\arm-none-eabi\lib\thumb\v6-m\nofp\libc_nano.a(libc_a-closer.o)
 .bss           0x20000410        0x0 C:\Program Files (x86)\Arm\GNU Toolchain mingw-w64-i686-arm-none-eabi\arm-none-eabi\lib\thumb\v6-m\nofp\libc_nano.a(libc_a-impure.o)
 .bss           0x20000410        0x0 C:\Program Files (x86)\Arm\GNU Toolchain mingw-w64-i686-arm-none-eabi\arm-none-eabi\lib\thumb\v6-m\nofp\libc_nano.a(libc_a-lseekr.o)
 .bss           0x20000410        0x0 C:\Program Files (x86)\Arm\GNU Toolchain mingw-w64-i686-arm-none-eabi\arm-none-eabi\lib\thumb\v6-m\nofp\libc_nano.a(libc_a-readr.o)
 .bss           0x20000410        0x0 C:\Program Files (x86)\Arm\GNU Toolchain mingw-w64-i686-arm-none-eabi\arm-none-eabi\lib\thumb\v6-m\nofp\libc_nano.a(libc_a-writer.o)
 .bss           0x20000410        0x0 C:\Program Files (x86)\Arm\GNU Toolchain mingw-w64-i686-arm-none-eabi\arm-none-eabi\lib\thumb\v6-m\nofp\libc_nano.a(libc_a-lock.o)
 .bss.__lock___arc4random_mutex
                0x20000410        0x1 C:\Program Files (x86)\Arm\GNU Toolchain mingw-w64-i686-arm-none-eabi\arm-none-eabi\lib\thumb\v6-m\nofp\libc_nano.a(libc_a-lock.o)
                0x20000410                __lock___arc4random_mutex
 .bss.__lock___dd_hash_mutex
                0x20000411        0x1 C:\Program Files (x86)\Arm\GNU Toolchain mingw-w64-i686-arm-none-eabi\arm-none-eabi\lib\thumb\v6-m\nofp\libc_nano.a(libc_a-lock.o)
                0x20000411                __lock___dd_hash_mutex
 .bss.__lock___tz_mutex
                0x20000412        0x1 C:\Program Files (x86)\Arm\GNU Toolchain mingw-w64-i686-arm-none-eabi\arm-none-eabi\lib\thumb\v6-m\nofp\libc_nano.a(libc_a-lock.o)
                0x20000412                __lock___tz_mutex
 .bss.__lock___env_recursive_mutex
                0x20000413        0x1 C:\Program Files (x86)\Arm\GNU Toolchain mingw-w64-i686-arm-none-eabi\arm-none-eabi\lib\thumb\v6-m\nofp\libc_nano.a(libc_a-lock.o)
                0x20000413                __lock___env_recursive_mutex
 .bss.__lock___malloc_recursive_mutex
                0x20000414        0x1 C:\Program Files (x86)\Arm\GNU Toolchain mingw-w64-i686-arm-none-eabi\arm-none-eabi\lib\thumb\v6-m\nofp\libc_nano.a(libc_a-lock.o)
                0x20000414                __lock___malloc_recursive_mutex
 .bss.__lock___at_quick_exit_mutex
                0x20000415        0x1 C:\Program Files (x86)\Arm\GNU Toolchain mingw-w64-i686-arm-none-eabi\arm-none-eabi\lib\thumb\v6-m\nofp\libc_nano.a(libc_a-lock.o)
                0x20000415                __lock___at_quick_exit_mutex
 .bss.__lock___atexit_recursive_mutex
                0x20000416        0x1 C:\Program Files (x86)\Arm\GNU Toolchain mingw-w64-i686-arm-none-eabi\arm-none-eabi\lib\thumb\v6-m\nofp\libc_nano.a(libc_a-lock.o)
                0x20000416                __lock___atexit_recursive_mutex
 .bss.__lock___sfp_recursive_mutex
                0x20000417        0x1 C:\Program Files (x86)\Arm\GNU Toolchain mingw-w64-i686-arm-none-eabi\arm-none-eabi\lib\thumb\v6-m\nofp\libc_nano.a(libc_a-lock.o)
                0x20000417                __lock___sfp_recursive_mutex
 .bss           0x20000418        0x0 C:\Program Files (x86)\Arm\GNU Toolchain mingw-w64-i686-arm-none-eabi\arm-none-eabi\lib\thumb\v6-m\nofp\libc_nano.a(libc_a-memchr-stub.o)
 .bss           0x20000418        0x0 C:\Program Files (x86)\Arm\GNU Toolchain mingw-w64-i686-arm-none-eabi\arm-none-eabi\lib\thumb\v6-m\nofp\libc_nano.a(libc_a-strlen.o)
 .bss           0x20000418        0x0 C:\Program Files (x86)\Arm\GNU Toolchain mingw-w64-i686-arm-none-eabi\arm-none-eabi\lib\thumb\v6-m\nofp\libc_nano.a(libc_a-dtoa.o)
 .bss           0x20000418        0x0 C:\Program Files (x86)\Arm\GNU Toolchain mingw-w64-i686-arm-none-eabi\arm-none-eabi\lib\thumb\v6-m\nofp\libc_nano.a(libc_a-freer.o)
 .bss           0x20000418        0x0 C:\Program Files (x86)\Arm\GNU Toolchain mingw-w64-i686-arm-none-eabi\arm-none-eabi\lib\thumb\v6-m\nofp\libc_nano.a(libc_a-malloc.o)
 .bss           0x20000418        0x0 C:\Program Files (x86)\Arm\GNU Toolchain mingw-w64-i686-arm-none-eabi\arm-none-eabi\lib\thumb\v6-m\nofp\libc_nano.a(libc_a-mallocr.o)
 .bss.__malloc_sbrk_start
                0x20000418        0x4 C:\Program Files (x86)\Arm\GNU Toolchain mingw-w64-i686-arm-none-eabi\arm-none-eabi\lib\thumb\v6-m\nofp\libc_nano.a(libc_a-mallocr.o)
                0x20000418                __malloc_sbrk_start
 .bss.__malloc_free_list
                0x2000041c        0x4 C:\Program Files (x86)\Arm\GNU Toolchain mingw-w64-i686-arm-none-eabi\arm-none-eabi\lib\thumb\v6-m\nofp\libc_nano.a(libc_a-mallocr.o)
                0x2000041c                __malloc_free_list
 .bss           0x20000420        0x0 C:\Program Files (x86)\Arm\GNU Toolchain mingw-w64-i686-arm-none-eabi\arm-none-eabi\lib\thumb\v6-m\nofp\libc_nano.a(libc_a-mlock.o)
 .bss           0x20000420        0x0 C:\Program Files (x86)\Arm\GNU Toolchain mingw-w64-i686-arm-none-eabi\arm-none-eabi\lib\thumb\v6-m\nofp\libc_nano.a(libc_a-mprec.o)
 .bss           0x20000420        0x0 C:\Program Files (x86)\Arm\GNU Toolchain mingw-w64-i686-arm-none-eabi\arm-none-eabi\lib\thumb\v6-m\nofp\libc_nano.a(libc_a-nano-vfprintf.o)
 .bss           0x20000420        0x0 C:\Program Files (x86)\Arm\GNU Toolchain mingw-w64-i686-arm-none-eabi\arm-none-eabi\lib\thumb\v6-m\nofp\libc_nano.a(libc_a-fvwrite.o)
 .bss           0x20000420        0x0 C:\Program Files (x86)\Arm\GNU Toolchain mingw-w64-i686-arm-none-eabi\arm-none-eabi\lib\thumb\v6-m\nofp\libc_nano.a(libc_a-makebuf.o)
 .bss           0x20000420        0x0 C:\Program Files (x86)\Arm\GNU Toolchain mingw-w64-i686-arm-none-eabi\arm-none-eabi\lib\thumb\v6-m\nofp\libc_nano.a(libc_a-putc.o)
 .bss           0x20000420        0x0 C:\Program Files (x86)\Arm\GNU Toolchain mingw-w64-i686-arm-none-eabi\arm-none-eabi\lib\thumb\v6-m\nofp\libc_nano.a(libc_a-memmove.o)
 .bss           0x20000420        0x0 C:\Program Files (x86)\Arm\GNU Toolchain mingw-w64-i686-arm-none-eabi\arm-none-eabi\lib\thumb\v6-m\nofp\libc_nano.a(libc_a-locale.o)
 .bss._PathLocale
                0x20000420        0x4 C:\Program Files (x86)\Arm\GNU Toolchain mingw-w64-i686-arm-none-eabi\arm-none-eabi\lib\thumb\v6-m\nofp\libc_nano.a(libc_a-locale.o)
                0x20000420                _PathLocale
 .bss           0x20000424        0x0 C:\Program Files (x86)\Arm\GNU Toolchain mingw-w64-i686-arm-none-eabi\arm-none-eabi\lib\thumb\v6-m\nofp\libc_nano.a(libc_a-fstatr.o)
 .bss           0x20000424        0x0 C:\Program Files (x86)\Arm\GNU Toolchain mingw-w64-i686-arm-none-eabi\arm-none-eabi\lib\thumb\v6-m\nofp\libc_nano.a(libc_a-isattyr.o)
 .bss           0x20000424        0x0 C:\Program Files (x86)\Arm\GNU Toolchain mingw-w64-i686-arm-none-eabi\arm-none-eabi\lib\thumb\v6-m\nofp\libc_nano.a(libc_a-sbrkr.o)
 .bss           0x20000424        0x0 C:\Program Files (x86)\Arm\GNU Toolchain mingw-w64-i686-arm-none-eabi\arm-none-eabi\lib\thumb\v6-m\nofp\libc_nano.a(libc_a-strcmp.o)
 .bss           0x20000424        0x0 C:\Program Files (x86)\Arm\GNU Toolchain mingw-w64-i686-arm-none-eabi\arm-none-eabi\lib\thumb\v6-m\nofp\libc_nano.a(libc_a-memcpy-stub.o)
 .bss           0x20000424        0x0 C:\Program Files (x86)\Arm\GNU Toolchain mingw-w64-i686-arm-none-eabi\arm-none-eabi\lib\thumb\v6-m\nofp\libc_nano.a(libc_a-assert.o)
 .bss           0x20000424        0x0 C:\Program Files (x86)\Arm\GNU Toolchain mingw-w64-i686-arm-none-eabi\arm-none-eabi\lib\thumb\v6-m\nofp\libc_nano.a(libc_a-callocr.o)
 .bss           0x20000424        0x0 C:\Program Files (x86)\Arm\GNU Toolchain mingw-w64-i686-arm-none-eabi\arm-none-eabi\lib\thumb\v6-m\nofp\libc_nano.a(libc_a-mbtowc_r.o)
 .bss           0x20000424        0x0 C:\Program Files (x86)\Arm\GNU Toolchain mingw-w64-i686-arm-none-eabi\arm-none-eabi\lib\thumb\v6-m\nofp\libc_nano.a(libc_a-reallocr.o)
 .bss           0x20000424        0x0 C:\Program Files (x86)\Arm\GNU Toolchain mingw-w64-i686-arm-none-eabi\arm-none-eabi\lib\thumb\v6-m\nofp\libc_nano.a(libc_a-wctomb_r.o)
 .bss           0x20000424        0x0 C:\Program Files (x86)\Arm\GNU Toolchain mingw-w64-i686-arm-none-eabi\arm-none-eabi\lib\thumb\v6-m\nofp\libc_nano.a(libc_a-ctype_.o)
 .bss           0x20000424        0x0 C:\Program Files (x86)\Arm\GNU Toolchain mingw-w64-i686-arm-none-eabi\arm-none-eabi\lib\thumb\v6-m\nofp\libc_nano.a(libc_a-fprintf.o)
 .bss           0x20000424        0x0 C:\Program Files (x86)\Arm\GNU Toolchain mingw-w64-i686-arm-none-eabi\arm-none-eabi\lib\thumb\v6-m\nofp\libc_nano.a(libc_a-abort.o)
 .bss           0x20000424        0x0 C:\Program Files (x86)\Arm\GNU Toolchain mingw-w64-i686-arm-none-eabi\arm-none-eabi\lib\thumb\v6-m\nofp\libc_nano.a(libc_a-msizer.o)
 .bss           0x20000424        0x0 C:\Program Files (x86)\Arm\GNU Toolchain mingw-w64-i686-arm-none-eabi\arm-none-eabi\lib\thumb\v6-m\nofp\libc_nano.a(libc_a-signal.o)
 .bss           0x20000424        0x0 C:\Program Files (x86)\Arm\GNU Toolchain mingw-w64-i686-arm-none-eabi\arm-none-eabi\lib\thumb\v6-m\nofp\libc_nano.a(libc_a-signalr.o)
 .bss           0x20000424        0x0 C:\Program Files (x86)\Arm\GNU Toolchain mingw-w64-i686-arm-none-eabi\lib\gcc\arm-none-eabi\15.2.1\thumb\v6-m\nofp\libgcc.a(_thumb1_case_uqi.o)
 .bss           0x20000424        0x0 C:\Program Files (x86)\Arm\GNU Toolchain mingw-w64-i686-arm-none-eabi\lib\gcc\arm-none-eabi\15.2.1\thumb\v6-m\nofp\libgcc.a(_thumb1_case_shi.o)
 .bss           0x20000424        0x0 C:\Program Files (x86)\Arm\GNU Toolchain mingw-w64-i686-arm-none-eabi\lib\gcc\arm-none-eabi\15.2.1\thumb\v6-m\nofp\libgcc.a(_arm_cmpdf2.o)
 .bss           0x20000424        0x0 C:\Program Files (x86)\Arm\GNU Toolchain mingw-w64-i686-arm-none-eabi\lib\gcc\arm-none-eabi\15.2.1\thumb\v6-m\nofp\libgcc.a(adddf3.o)
 .bss           0x20000424        0x0 C:\Program Files (x86)\Arm\GNU Toolchain mingw-w64-i686-arm-none-eabi\lib\gcc\arm-none-eabi\15.2.1\thumb\v6-m\nofp\libgcc.a(divdf3.o)
 .bss           0x20000424        0x0 C:\Program Files (x86)\Arm\GNU Toolchain mingw-w64-i686-arm-none-eabi\lib\gcc\arm-none-eabi\15.2.1\thumb\v6-m\nofp\libgcc.a(eqdf2.o)
 .bss           0x20000424        0x0 C:\Program Files (x86)\Arm\GNU Toolchain mingw-w64-i686-arm-none-eabi\lib\gcc\arm-none-eabi\15.2.1\thumb\v6-m\nofp\libgcc.a(gedf2.o)
 .bss           0x20000424        0x0 C:\Program Files (x86)\Arm\GNU Toolchain mingw-w64-i686-arm-none-eabi\lib\gcc\arm-none-eabi\15.2.1\thumb\v6-m\nofp\libgcc.a(ledf2.o)
 .bss           0x20000424        0x0 C:\Program Files (x86)\Arm\GNU Toolchain mingw-w64-i686-arm-none-eabi\lib\gcc\arm-none-eabi\15.2.1\thumb\v6-m\nofp\libgcc.a(muldf3.o)
 .bss           0x20000424        0x0 C:\Program Files (x86)\Arm\GNU Toolchain mingw-w64-i686-arm-none-eabi\lib\gcc\arm-none-eabi\15.2.1\thumb\v6-m\nofp\libgcc.a(subdf3.o)
 .bss           0x20000424        0x0 C:\Program Files (x86)\Arm\GNU Toolchain mingw-w64-i686-arm-none-eabi\lib\gcc\arm-none-eabi\15.2.1\thumb\v6-m\nofp\libgcc.a(unorddf2.o)
 .bss           0x20000424        0x0 C:\Program Files (x86)\Arm\GNU Toolchain mingw-w64-i686-arm-none-eabi\lib\gcc\arm-none-eabi\15.2.1\thumb\v6-m\nofp\libgcc.a(fixdfsi.o)
 .bss           0x20000424        0x0 C:\Program Files (x86)\Arm\GNU Toolchain mingw-w64-i686-arm-none-eabi\lib\gcc\arm-none-eabi\15.2.1\thumb\v6-m\nofp\libgcc.a(floatsidf.o)
 .bss           0x20000424        0x0 C:\Program Files (x86)\Arm\GNU Toolchain mingw-w64-i686-arm-none-eabi\lib\gcc\arm-none-eabi\15.2.1\thumb\v6-m\nofp\libgcc.a(floatunsidf.o)
 *(COMMON)
                0x20000424                        . = ALIGN (0x4)
                0x20000424                        _ebss = .
                [!provide]                        PROVIDE (end = .)
                0x20000424                        PROVIDE (_HeapStart = .)