Archive member included to satisfy reference by file (symbol)

C:\Program Files (x86)\Arm\GNU Toolchain mingw-w64-i686-arm-none-eabi\arm-none-eabi\lib\thumb\v6-m\nofp\libnosys.a(errno.o)
                              newlib_stubs.o (errno)
C:\Program Files (x86)\Arm\GNU Toolchain mingw-w64-i686-arm-none-eabi\lib\gcc\arm-none-eabi\15.2.1\thumb\v6-m\nofp\libgcc.a(_divsi3.o)
                              serial.o (__aeabi_idiv)
C:\Program Files (x86)\Arm\GNU Toolchain mingw-w64-i686-arm-none-eabi\lib\gcc\arm-none-eabi\15.2.1\thumb\v6-m\nofp\libgcc.a(_dvmd_tls.o)
                              C:\Program Files (x86)\Arm\GNU Toolchain mingw-w64-i686-arm-none-eabi\lib\gcc\arm-none-eabi\15.2.1\thumb\v6-m\nofp\libgcc.a(_divsi3.o) (__aeabi_idiv0)
C:\Program Files (x86)\Arm\GNU Toolchain mingw-w64-i686-arm-none-eabi\arm-none-eabi\lib\thumb\v6-m\nofp\libc_nano.a(libc_a-nano-vfprintf_float.o)
                              (_printf_float)
C:\Program Files (x86)\Arm\GNU Toolchain mingw-w64-i686-arm-none-eabi\arm-none-eabi\lib\thumb\v6-m\nofp\libc_nano.a(libc_a-nano-vfprintf_i.o)
                              C:\Program Files (x86)\Arm\GNU Toolchain mingw-w64-i686-arm-none-eabi\arm-none-eabi\lib\thumb\v6-m\nofp\libc_nano.a(libc_a-nano-vfprintf_float.o) (_printf_common)
C:\Program Files (x86)\Arm\GNU Toolchain mingw-w64-i686-arm-none-eabi\arm-none-eabi\lib\thumb\v6-m\nofp\libc_nano.a(libc_a-fflush.o)
                              collision.o (fflush)
C:\Program Files (x86)\Arm\GNU Toolchain mingw-w64-i686-arm-none-eabi\arm-none-eabi\lib\thumb\v6-m\nofp\libc_nano.a(libc_a-findfp.o)
                              C:\Program Files (x86)\Arm\GNU Toolchain mingw-w64-i686-arm-none-eabi\arm-none-eabi\lib\thumb\v6-m\nofp\libc_nano.a(libc_a-fflush.o) (__sglue)
C:\Program Files (x86)\Arm\GNU Toolchain mingw-w64-i686-arm-none-eabi\arm-none-eabi\lib\thumb\v6-m\nofp\libc_nano.a(libc_a-fwalk.o)
                              C:\Program Files (x86)\Arm\GNU Toolchain mingw-w64-i686-arm-none-eabi\arm-none-eabi\lib\thumb\v6-m\nofp\libc_nano.a(libc_a-fflush.o) (_fwalk_sglue)
C:\Program Files (x86)\Arm\GNU Toolchain mingw-w64-i686-arm-none-eabi\arm-none-eabi\lib\thumb\v6-m\nofp\libc_nano.a(libc_a-printf.o)
                              collision.o (printf)
C:\Program Files (x86)\Arm\GNU Toolchain mingw-w64-i686-arm-none-eabi\arm-none-eabi\lib\thumb\v6-m\nofp\libc_nano.a(libc_a-putchar.o)
                              collision.o (putchar)
C:\Program Files (x86)\Arm\GNU Toolchain mingw-w64-i686-arm-none-eabi\arm-none-eabi\lib\thumb\v6-m\nofp\libc_nano.a(libc_a-puts.o)
                              collision.o (puts)
C:\Program Files (x86)\Arm\GNU Toolchain mingw-w64-i686-arm-none-eabi\arm-none-eabi\lib\thumb\v6-m\nofp\libc_nano.a(libc_a-stdio.o)
                              C:\Program Files (x86)\Arm\GNU Toolchain mingw-w64-i686-arm-none-eabi\arm-none-eabi\lib\thumb\v6-m\nofp\libc_nano.a(libc_a-findfp.o) (__sread)
C:\Program Files (x86)\Arm\GNU Toolchain mingw-w64-i686-arm-none-eabi\arm-none-eabi\lib\thumb\v6-m\nofp\libc_nano.a(libc_a-wbuf.o)
                              C:\Program Files (x86)\Arm\GNU Toolchain mingw-w64-i686-arm-none-eabi\arm-none-eabi\lib\thumb\v6-m\nofp\libc_nano.a(libc_a-puts.o) (__swbuf_r)
C:\Program Files (x86)\Arm\GNU Toolchain mingw-w64-i686-arm-none-eabi\arm-none-eabi\lib\thumb\v6-m\nofp\libc_nano.a(libc_a-wsetup.o)
                              C:\Program Files (x86)\Arm\GNU Toolchain mingw-w64-i686-arm-none-eabi\arm-none-eabi\lib\thumb\v6-m\nofp\libc_nano.a(libc_a-puts.o) (__swsetup_r)
C:\Program Files (x86)\Arm\GNU Toolchain mingw-w64-i686-arm-none-eabi\arm-none-eabi\lib\thumb\v6-m\nofp\libc_nano.a(libc_a-memset.o)
                              C:\Program Files (x86)\Arm\GNU Toolchain mingw-w64-i686-arm-none-eabi\arm-none-eabi\lib\thumb\v6-m\nofp\libc_nano.a(libc_a-findfp.o) (memset)
C:\Program Files (x86)\Arm\GNU Toolchain mingw-w64-i686-arm-none-eabi\arm-none-eabi\lib\thumb\v6-m\nofp\libc_nano.a(libc_a-localeconv.o)
                              C:\Program Files (x86)\Arm\GNU Toolchain mingw-w64-i686-arm-none-eabi\arm-none-eabi\lib\thumb\v6-m\nofp\libc_nano.a(libc_a-nano-vfprintf_float.o) (_localeconv_r)
C:\Program Files (x86)\Arm\GNU Toolchain mingw-w64-i686-arm-none-eabi\arm-none-eabi\lib\thumb\v6-m\nofp\libc_nano.a(libc_a-closer.o)
                              C:\Program Files (x86)\Arm\GNU Toolchain mingw-w64-i686-arm-none-eabi\arm-none-eabi\lib\thumb\v6-m\nofp\libc_nano.a(libc_a-stdio.o) (_close_r)
C:\Program Files (x86)\Arm\GNU Toolchain mingw-w64-i686-arm-none-eabi\arm-none-eabi\lib\thumb\v6-m\nofp\libc_nano.a(libc_a-impure.o)
                              collision.o (_impure_ptr)
C:\Program Files (x86)\Arm\GNU Toolchain mingw-w64-i686-arm-none-eabi\arm-none-eabi\lib\thumb\v6-m\nofp\libc_nano.a(libc_a-lseekr.o)
[...]
Memory Configuration

Name             Origin             Length             Attributes
flash            0x08000000         0x00010000
ram              0x20000000         0x00002000
*default*        0x00000000         0xffffffff

Linker script and memory map

LOAD collision.o
LOAD vl53l0x.o
LOAD startup.o
LOAD serial.o
LOAD newlib_stubs.o
LOAD C:\Program Files (x86)\Arm\GNU Toolchain mingw-w64-i686-arm-none-eabi\arm-none-eabi\lib\thumb\v6-m\nofp\libnosys.a
LOAD C:\Program Files (x86)\Arm\GNU Toolchain mingw-w64-i686-arm-none-eabi\lib\gcc\arm-none-eabi\15.2.1\thumb\v6-m\nofp\libgcc.a
START GROUP
LOAD C:\Program Files (x86)\Arm\GNU Toolchain mingw-w64-i686-arm-none-eabi\lib\gcc\arm-none-eabi\15.2.1\thumb\v6-m\nofp\libgcc.a
LOAD C:\Program Files (x86)\Arm\GNU Toolchain mingw-w64-i686-arm-none-eabi\arm-none-eabi\lib\thumb\v6-m\nofp\libc_nano.a
LOAD C:\Program Files (x86)\Arm\GNU Toolchain mingw-w64-i686-arm-none-eabi\arm-none-eabi\lib\thumb\v6-m\nofp\libm.a
END GROUP

.text           0x08000000     0x83e4
 *(.vectors)
 .vectors       0x08000000       0xb8 startup.o
                0x08000000                Vectors
 *(.after_vectors*)
 .after_vectors
                0x080000b8       0x28 startup.o
                0x080000b8                ResetInit
 *(.text*)
 .text          0x080000e0      0x458 collision.o
                0x080000e0                wait_1ms
                0x08000118                waitms
                0x0800013a                I2C_init
                0x080001d8                i2c_read_addr8_data8
                0x08000278                i2c_read_addr8_data16
                0x0800033c                i2c_write_addr8_data8
                0x080003bc                validate_I2C_interface
                0x08000480                main
 .text          0x08000538     0x1700 vl53l0x.o
                0x080018c4                vl53l0x_init
                0x08001960                vl53l0x_read_range_single
 .text          0x08001c38      0x1a8 startup.o
                0x08001cb0                initClock
                0x08001db8                EXTI2_3_Handler
                0x08001db8                TIM21_Handler
                0x08001db8                SysTick_Handler
                0x08001db8                I2C1_Handler
                0x08001db8                PendSV_Handler
                0x08001db8                NMI_Handler
                0x08001db8                WWDG_Handler
                0x08001db8                RTC_Handler
                0x08001db8                EXTI4_15_Handler
                0x08001db8                TIM2_Handler
                0x08001db8                DMA_CH4_5_6_7_Handler
                0x08001db8                Default_Handler
                0x08001db8                LPUART1_Handler
                0x08001db8                FLASH_Handler
                0x08001db8                EXTI0_1_Handler
                0x08001db8                DMA_CH1_Handler
                0x08001db8                SPI2_Handler
                0x08001db8                DMA_CH2_3_Handler
                0x08001db8                I2C2_Handler
                0x08001db8                SVC_Handler
                0x08001db8                LPTIM1_Handler
                0x08001db8                USART2_Handler
                0x08001db8                SPI1_Handler
                0x08001db8                RCC_Handler
                0x08001db8                PVD_Handler
                0x08001db8                TIM6_Handler
                0x08001db8                TIM22_Handler
                0x08001db8                ADC_COMP_Handler
                0x08001dcc                Hard_Fault_Handler
 .text          0x08001de0      0x5b4 serial.o
                0x08001de0                ReadCom
                0x08001e54                WriteCom
                0x08001ef4                initUART
                0x08002044                USART1_Handler
                0x08002070                usart_rx
                0x080020a0                usart_tx
                0x08002108                PutBuf
                0x0800216a                GetBuf
                0x080021c0                GetBufCount
                0x080021d4                eputs
                0x08002210                eputc
                0x0800222e                egetc
                0x08002248                egets
                0x080022d4                egetc_echo
                0x080022fa                egets_echo
 .text          0x08002394      0x29c newlib_stubs.o
                0x08002394                _exit
                0x0800239e                _close
                0x080023b2                _execve
                0x080023d4                _fork
                0x080023ec                _fstat
                0x08002408                _getpid
                0x08002414                _kill
                0x08002434                _link
                0x08002454                _lseek
                0x0800246a                _stat
                0x08002486                _times
                0x0800249a                _unlink
                0x080024b8                _wait
                0x080024d8                _isatty
                0x08002500                _sbrk
                0x08002564                _read
                0x080025dc                _write
 .text          0x08002630        0x0 C:\Program Files (x86)\Arm\GNU Toolchain mingw-w64-i686-arm-none-eabi\arm-none-eabi\lib\thumb\v6-m\nofp\libnosys.a(errno.o)
 .text          0x08002630      0x1d4 C:\Program Files (x86)\Arm\GNU Toolchain mingw-w64-i686-arm-none-eabi\lib\gcc\arm-none-eabi\15.2.1\thumb\v6-m\nofp\libgcc.a(_divsi3.o)
                0x08002630                __divsi3
                0x08002630                __aeabi_idiv
                0x080027fc                __aeabi_idivmod
 .text          0x08002804        0x4 C:\Program Files (x86)\Arm\GNU Toolchain mingw-w64-i686-arm-none-eabi\lib\gcc\arm-none-eabi\15.2.1\thumb\v6-m\nofp\libgcc.a(_dvmd_tls.o)
                0x08002804                __aeabi_idiv0
                0x08002804                __aeabi_ldiv0
 .text          0x08002808        0x0 C:\Program Files (x86)\Arm\GNU Toolchain mingw-w64-i686-arm-none-eabi\arm-none-eabi\lib\thumb\v6-m\nofp\libc_nano.a(libc_a-nano-vfprintf_float.o)
 .text.__cvt    0x08002808       0xcc C:\Program Files (x86)\Arm\GNU Toolchain mingw-w64-i686-arm-none-eabi\arm-none-eabi\lib\thumb\v6-m\nofp\libc_nano.a(libc_a-nano-vfprintf_float.o)
                0x08002808                __cvt
 .text.__exponent
                0x080028d4       0x82 C:\Program Files (x86)\Arm\GNU Toolchain mingw-w64-i686-arm-none-eabi\arm-none-eabi\lib\thumb\v6-m\nofp\libc_nano.a(libc_a-nano-vfprintf_float.o)
                0x080028d4                __exponent
 *fill*         0x08002956        0x2 
 .text._printf_float
                0x08002958      0x458 C:\Program Files (x86)\Arm\GNU Toolchain mingw-w64-i686-arm-none-eabi\arm-none-eabi\lib\thumb\v6-m\nofp\libc_nano.a(libc_a-nano-vfprintf_float.o)
                0x08002958                _printf_float
 .text          0x08002db0        0x0 C:\Program Files (x86)\Arm\GNU Toolchain mingw-w64-i686-arm-none-eabi\arm-none-eabi\lib\thumb\v6-m\nofp\libc_nano.a(libc_a-nano-vfprintf_i.o)
 .text._printf_common
                0x08002db0       0xde C:\Program Files (x86)\Arm\GNU Toolchain mingw-w64-i686-arm-none-eabi\arm-none-eabi\lib\thumb\v6-m\nofp\libc_nano.a(libc_a-nano-vfprintf_i.o)
                0x08002db0                _printf_common
 *fill*         0x08002e8e        0x2 
 .text._printf_i
                0x08002e90      0x214 C:\Program Files (x86)\Arm\GNU Toolchain mingw-w64-i686-arm-none-eabi\arm-none-eabi\lib\thumb\v6-m\nofp\libc_nano.a(libc_a-nano-vfprintf_i.o)
                0x08002e90                _printf_i
 .text          0x080030a4        0x0 C:\Program Files (x86)\Arm\GNU Toolchain mingw-w64-i686-arm-none-eabi\arm-none-eabi\lib\thumb\v6-m\nofp\libc_nano.a(libc_a-fflush.o)
 .text.__sflush_r
                0x080030a4      0x10c C:\Program Files (x86)\Arm\GNU Toolchain mingw-w64-i686-arm-none-eabi\arm-none-eabi\lib\thumb\v6-m\nofp\libc_nano.a(libc_a-fflush.o)
                0x080030a4                __sflush_r
 .text._fflush_r
                0x080031b0       0x56 C:\Program Files (x86)\Arm\GNU Toolchain mingw-w64-i686-arm-none-eabi\arm-none-eabi\lib\thumb\v6-m\nofp\libc_nano.a(libc_a-fflush.o)
                0x080031b0                _fflush_r
 *fill*         0x08003206        0x2 
 .text.fflush   0x08003208       0x30 C:\Program Files (x86)\Arm\GNU Toolchain mingw-w64-i686-arm-none-eabi\arm-none-eabi\lib\thumb\v6-m\nofp\libc_nano.a(libc_a-fflush.o)
                0x08003208                fflush
 .text          0x08003238        0x0 C:\Program Files (x86)\Arm\GNU Toolchain mingw-w64-i686-arm-none-eabi\arm-none-eabi\lib\thumb\v6-m\nofp\libc_nano.a(libc_a-findfp.o)
 .text.std      0x08003238       0x6c C:\Program Files (x86)\Arm\GNU Toolchain mingw-w64-i686-arm-none-eabi\arm-none-eabi\lib\thumb\v6-m\nofp\libc_nano.a(libc_a-findfp.o)
 .text.stdio_exit_handler
                0x080032a4       0x1c C:\Program Files (x86)\Arm\GNU Toolchain mingw-w64-i686-arm-none-eabi\arm-none-eabi\lib\thumb\v6-m\nofp\libc_nano.a(libc_a-findfp.o)
 .text.cleanup_stdio
                0x080032c0       0x3c C:\Program Files (x86)\Arm\GNU Toolchain mingw-w64-i686-arm-none-eabi\arm-none-eabi\lib\thumb\v6-m\nofp\libc_nano.a(libc_a-findfp.o)
 .text.__fp_lock
                0x080032fc       0x18 C:\Program Files (x86)\Arm\GNU Toolchain mingw-w64-i686-arm-none-eabi\arm-none-eabi\lib\thumb\v6-m\nofp\libc_nano.a(libc_a-findfp.o)
 .text.__fp_unlock
                0x08003314       0x18 C:\Program Files (x86)\Arm\GNU Toolchain mingw-w64-i686-arm-none-eabi\arm-none-eabi\lib\thumb\v6-m\nofp\libc_nano.a(libc_a-findfp.o)
 .text.global_stdio_init.part.0
                0x0800332c       0x3c C:\Program Files (x86)\Arm\GNU Toolchain mingw-w64-i686-arm-none-eabi\arm-none-eabi\lib\thumb\v6-m\nofp\libc_nano.a(libc_a-findfp.o)
 .text.__sfp_lock_acquire
                0x08003368       0x10 C:\Program Files (x86)\Arm\GNU Toolchain mingw-w64-i686-arm-none-eabi\arm-none-eabi\lib\thumb\v6-m\nofp\libc_nano.a(libc_a-findfp.o)
                0x08003368                __sfp_lock_acquire
 .text.__sfp_lock_release
                0x08003378       0x10 C:\Program Files (x86)\Arm\GNU Toolchain mingw-w64-i686-arm-none-eabi\arm-none-eabi\lib\thumb\v6-m\nofp\libc_nano.a(libc_a-findfp.o)
                0x08003378                __sfp_lock_release
 .text.__sfp    0x08003388       0xac C:\Program Files (x86)\Arm\GNU Toolchain mingw-w64-i686-arm-none-eabi\arm-none-eabi\lib\thumb\v6-m\nofp\libc_nano.a(libc_a-findfp.o)
                0x08003388                __sfp
 .text.__sinit  0x08003434       0x30 C:\Program Files (x86)\Arm\GNU Toolchain mingw-w64-i686-arm-none-eabi\arm-none-eabi\lib\thumb\v6-m\nofp\libc_nano.a(libc_a-findfp.o)
                0x08003434                __sinit
 .text.__fp_lock_all
                0x08003464       0x1c C:\Program Files (x86)\Arm\GNU Toolchain mingw-w64-i686-arm-none-eabi\arm-none-eabi\lib\thumb\v6-m\nofp\libc_nano.a(libc_a-findfp.o)
                0x08003464                __fp_lock_all
 .text.__fp_unlock_all
                0x08003480       0x1c C:\Program Files (x86)\Arm\GNU Toolchain mingw-w64-i686-arm-none-eabi\arm-none-eabi\lib\thumb\v6-m\nofp\libc_nano.a(libc_a-findfp.o)
                0x08003480                __fp_unlock_all
 .text          0x0800349c        0x0 C:\Program Files (x86)\Arm\GNU Toolchain mingw-w64-i686-arm-none-eabi\arm-none-eabi\lib\thumb\v6-m\nofp\libc_nano.a(libc_a-fwalk.o)
 .text._fwalk_sglue
                0x0800349c       0x38 C:\Program Files (x86)\Arm\GNU Toolchain mingw-w64-i686-arm-none-eabi\arm-none-eabi\lib\thumb\v6-m\nofp\libc_nano.a(libc_a-fwalk.o)
                0x0800349c                _fwalk_sglue
 .text          0x080034d4        0x0 C:\Program Files (x86)\Arm\GNU Toolchain mingw-w64-i686-arm-none-eabi\arm-none-eabi\lib\thumb\v6-m\nofp\libc_nano.a(libc_a-printf.o)
 .text._printf_r
                0x080034d4       0x18 C:\Program Files (x86)\Arm\GNU Toolchain mingw-w64-i686-arm-none-eabi\arm-none-eabi\lib\thumb\v6-m\nofp\libc_nano.a(libc_a-printf.o)
                0x080034d4                _iprintf_r
                0x080034d4                _printf_r
 .text.printf   0x080034ec       0x20 C:\Program Files (x86)\Arm\GNU Toolchain mingw-w64-i686-arm-none-eabi\arm-none-eabi\lib\thumb\v6-m\nofp\libc_nano.a(libc_a-printf.o)
                0x080034ec                iprintf
                0x080034ec                printf
 .text          0x0800350c        0x0 C:\Program Files (x86)\Arm\GNU Toolchain mingw-w64-i686-arm-none-eabi\arm-none-eabi\lib\thumb\v6-m\nofp\libc_nano.a(libc_a-putchar.o)
 .text._putchar_r
                0x0800350c        0xa C:\Program Files (x86)\Arm\GNU Toolchain mingw-w64-i686-arm-none-eabi\arm-none-eabi\lib\thumb\v6-m\nofp\libc_nano.a(libc_a-putchar.o)
                0x0800350c                _putchar_r
 *fill*         0x08003516        0x2 
 .text.putchar  0x08003518       0x14 C:\Program Files (x86)\Arm\GNU Toolchain mingw-w64-i686-arm-none-eabi\arm-none-eabi\lib\thumb\v6-m\nofp\libc_nano.a(libc_a-putchar.o)
                0x08003518                putchar
 .text          0x0800352c        0x0 C:\Program Files (x86)\Arm\GNU Toolchain mingw-w64-i686-arm-none-eabi\arm-none-eabi\lib\thumb\v6-m\nofp\libc_nano.a(libc_a-puts.o)
 .text._puts_r  0x0800352c       0xaa C:\Program Files (x86)\Arm\GNU Toolchain mingw-w64-i686-arm-none-eabi\arm-none-eabi\lib\thumb\v6-m\nofp\libc_nano.a(libc_a-puts.o)
                0x0800352c                _puts_r
 *fill*         0x080035d6        0x2 
 .text.puts     0x080035d8       0x14 C:\Program Files (x86)\Arm\GNU Toolchain mingw-w64-i686-arm-none-eabi\arm-none-eabi\lib\thumb\v6-m\nofp\libc_nano.a(libc_a-puts.o)
                0x080035d8                puts
 .text          0x080035ec        0x0 C:\Program Files (x86)\Arm\GNU Toolchain mingw-w64-i686-arm-none-eabi\arm-none-eabi\lib\thumb\v6-m\nofp\libc_nano.a(libc_a-stdio.o)
 .text.__sread  0x080035ec       0x28 C:\Program Files (x86)\Arm\GNU Toolchain mingw-w64-i686-arm-none-eabi\arm-none-eabi\lib\thumb\v6-m\nofp\libc_nano.a(libc_a-stdio.o)
                0x080035ec                __sread
 .text.__seofread
                0x08003614        0x4 C:\Program Files (x86)\Arm\GNU Toolchain mingw-w64-i686-arm-none-eabi\arm-none-eabi\lib\thumb\v6-m\nofp\libc_nano.a(libc_a-stdio.o)
                0x08003614                __seofread
 .text.__swrite
                0x08003618       0x38 C:\Program Files (x86)\Arm\GNU Toolchain mingw-w64-i686-arm-none-eabi\arm-none-eabi\lib\thumb\v6-m\nofp\libc_nano.a(libc_a-stdio.o)
                0x08003618                __swrite
 .text.__sseek  0x08003650       0x2c C:\Program Files (x86)\Arm\GNU Toolchain mingw-w64-i686-arm-none-eabi\arm-none-eabi\lib\thumb\v6-m\nofp\libc_nano.a(libc_a-stdio.o)
                0x08003650                __sseek
 .text.__sclose
                0x0800367c        0xc C:\Program Files (x86)\Arm\GNU Toolchain mingw-w64-i686-arm-none-eabi\arm-none-eabi\lib\thumb\v6-m\nofp\libc_nano.a(libc_a-stdio.o)
                0x0800367c                __sclose
 .text          0x08003688        0x0 C:\Program Files (x86)\Arm\GNU Toolchain mingw-w64-i686-arm-none-eabi\arm-none-eabi\lib\thumb\v6-m\nofp\libc_nano.a(libc_a-wbuf.o)
 .text.__swbuf_r
                0x08003688       0x82 C:\Program Files (x86)\Arm\GNU Toolchain mingw-w64-i686-arm-none-eabi\arm-none-eabi\lib\thumb\v6-m\nofp\libc_nano.a(libc_a-wbuf.o)
                0x08003688                __swbuf_r
 *fill*         0x0800370a        0x2 
 .text.__swbuf  0x0800370c       0x14 C:\Program Files (x86)\Arm\GNU Toolchain mingw-w64-i686-arm-none-eabi\arm-none-eabi\lib\thumb\v6-m\nofp\libc_nano.a(libc_a-wbuf.o)
                0x0800370c                __swbuf
 .text          0x08003720        0x0 C:\Program Files (x86)\Arm\GNU Toolchain mingw-w64-i686-arm-none-eabi\arm-none-eabi\lib\thumb\v6-m\nofp\libc_nano.a(libc_a-wsetup.o)
 .text.__swsetup_r
                0x08003720       0xb8 C:\Program Files (x86)\Arm\GNU Toolchain mingw-w64-i686-arm-none-eabi\arm-none-eabi\lib\thumb\v6-m\nofp\libc_nano.a(libc_a-wsetup.o)
                0x08003720                __swsetup_r
 .text          0x080037d8        0x0 C:\Program Files (x86)\Arm\GNU Toolchain mingw-w64-i686-arm-none-eabi\arm-none-eabi\lib\thumb\v6-m\nofp\libc_nano.a(libc_a-memset.o)
 .text.memset   0x080037d8       0x10 C:\Program Files (x86)\Arm\GNU Toolchain mingw-w64-i686-arm-none-eabi\arm-none-eabi\lib\thumb\v6-m\nofp\libc_nano.a(libc_a-memset.o)
                0x080037d8                memset
 .text          0x080037e8        0x0 C:\Program Files (x86)\Arm\GNU Toolchain mingw-w64-i686-arm-none-eabi\arm-none-eabi\lib\thumb\v6-m\nofp\libc_nano.a(libc_a-localeconv.o)
 .text.__localeconv_l
                0x080037e8        0x4 C:\Program Files (x86)\Arm\GNU Toolchain mingw-w64-i686-arm-none-eabi\arm-none-eabi\lib\thumb\v6-m\nofp\libc_nano.a(libc_a-localeconv.o)
                0x080037e8                __localeconv_l
 .text._localeconv_r
                0x080037ec        0x8 C:\Program Files (x86)\Arm\GNU Toolchain mingw-w64-i686-arm-none-eabi\arm-none-eabi\lib\thumb\v6-m\nofp\libc_nano.a(libc_a-localeconv.o)
                0x080037ec                _localeconv_r
 .text.localeconv
                0x080037f4        0x8 C:\Program Files (x86)\Arm\GNU Toolchain mingw-w64-i686-arm-none-eabi\arm-none-eabi\lib\thumb\v6-m\nofp\libc_nano.a(libc_a-localeconv.o)
                0x080037f4                localeconv
 .text          0x080037fc        0x0 C:\Program Files (x86)\Arm\GNU Toolchain mingw-w64-i686-arm-none-eabi\arm-none-eabi\lib\thumb\v6-m\nofp\libc_nano.a(libc_a-closer.o)
 .text._close_r
                0x080037fc       0x24 C:\Program Files (x86)\Arm\GNU Toolchain mingw-w64-i686-arm-none-eabi\arm-none-eabi\lib\thumb\v6-m\nofp\libc_nano.a(libc_a-closer.o)
                0x080037fc                _close_r
 .text          0x08003820        0x0 C:\Program Files (x86)\Arm\GNU Toolchain mingw-w64-i686-arm-none-eabi\arm-none-eabi\lib\thumb\v6-m\nofp\libc_nano.a(libc_a-impure.o)
 .text          0x08003820        0x0 C:\Program Files (x86)\Arm\GNU Toolchain mingw-w64-i686-arm-none-eabi\arm-none-eabi\lib\thumb\v6-m\nofp\libc_nano.a(libc_a-lseekr.o)
 .text._lseek_r
                0x08003820       0x28 C:\Program Files (x86)\Arm\GNU Toolchain mingw-w64-i686-arm-none-eabi\arm-none-eabi\lib\thumb\v6-m\nofp\libc_nano.a(libc_a-lseekr.o)
                0x08003820                _lseek_r
 .text          0x08003848        0x0 C:\Program Files (x86)\Arm\GNU Toolchain mingw-w64-i686-arm-none-eabi\arm-none-eabi\lib\thumb\v6-m\nofp\libc_nano.a(libc_a-readr.o)
 .text._read_r  0x08003848       0x28 C:\Program Files (x86)\Arm\GNU Toolchain mingw-w64-i686-arm-none-eabi\arm-none-eabi\lib\thumb\v6-m\nofp\libc_nano.a(libc_a-readr.o)
                0x08003848                _read_r
 .text          0x08003870        0x0 C:\Program Files (x86)\Arm\GNU Toolchain mingw-w64-i686-arm-none-eabi\arm-none-eabi\lib\thumb\v6-m\nofp\libc_nano.a(libc_a-writer.o)
 .text._write_r
                0x08003870       0x28 C:\Program Files (x86)\Arm\GNU Toolchain mingw-w64-i686-arm-none-eabi\arm-none-eabi\lib\thumb\v6-m\nofp\libc_nano.a(libc_a-writer.o)
                0x08003870                _write_r
 .text          0x08003898        0x0 C:\Program Files (x86)\Arm\GNU Toolchain mingw-w64-i686-arm-none-eabi\arm-none-eabi\lib\thumb\v6-m\nofp\libc_nano.a(libc_a-lock.o)
 .text.__retarget_lock_init
                0x08003898        0x2 C:\Program Files (x86)\Arm\GNU Toolchain mingw-w64-i686-arm-none-eabi\arm-none-eabi\lib\thumb\v6-m\nofp\libc_nano.a(libc_a-lock.o)
                0x08003898                __retarget_lock_init
 .text.__retarget_lock_init_recursive
                0x0800389a        0x2 C:\Program Files (x86)\Arm\GNU Toolchain mingw-w64-i686-arm-none-eabi\arm-none-eabi\lib\thumb\v6-m\nofp\libc_nano.a(libc_a-lock.o)
                0x0800389a                __retarget_lock_init_recursive
 .text.__retarget_lock_close
                0x0800389c        0x2 C:\Program Files (x86)\Arm\GNU Toolchain mingw-w64-i686-arm-none-eabi\arm-none-eabi\lib\thumb\v6-m\nofp\libc_nano.a(libc_a-lock.o)
                0x0800389c                __retarget_lock_close
 .text.__retarget_lock_close_recursive
                0x0800389e        0x2 C:\Program Files (x86)\Arm\GNU Toolchain mingw-w64-i686-arm-none-eabi\arm-none-eabi\lib\thumb\v6-m\nofp\libc_nano.a(libc_a-lock.o)
                0x0800389e                __retarget_lock_close_recursive
 .text.__retarget_lock_acquire
                0x080038a0        0x2 C:\Program Files (x86)\Arm\GNU Toolchain mingw-w64-i686-arm-none-eabi\arm-none-eabi\lib\thumb\v6-m\nofp\libc_nano.a(libc_a-lock.o)
                0x080038a0                __retarget_lock_acquire
 .text.__retarget_lock_acquire_recursive
                0x080038a2        0x2 C:\Program Files (x86)\Arm\GNU Toolchain mingw-w64-i686-arm-none-eabi\arm-none-eabi\lib\thumb\v6-m\nofp\libc_nano.a(libc_a-lock.o)
                0x080038a2                __retarget_lock_acquire_recursive
 .text.__retarget_lock_try_acquire
                0x080038a4        0x4 C:\Program Files (x86)\Arm\GNU Toolchain mingw-w64-i686-arm-none-eabi\arm-none-eabi\lib\thumb\v6-m\nofp\libc_nano.a(libc_a-lock.o)
                0x080038a4                __retarget_lock_try_acquire
 .text.__retarget_lock_try_acquire_recursive
                0x080038a8        0x4 C:\Program Files (x86)\Arm\GNU Toolchain mingw-w64-i686-arm-none-eabi\arm-none-eabi\lib\thumb\v6-m\nofp\libc_nano.a(libc_a-lock.o)
                0x080038a8                __retarget_lock_try_acquire_recursive
 .text.__retarget_lock_release
                0x080038ac        0x2 C:\Program Files (x86)\Arm\GNU Toolchain mingw-w64-i686-arm-none-eabi\arm-none-eabi\lib\thumb\v6-m\nofp\libc_nano.a(libc_a-lock.o)
                0x080038ac                __retarget_lock_release
 .text.__retarget_lock_release_recursive
                0x080038ae        0x2 C:\Program Files (x86)\Arm\GNU Toolchain mingw-w64-i686-arm-none-eabi\arm-none-eabi\lib\thumb\v6-m\nofp\libc_nano.a(libc_a-lock.o)
                0x080038ae                __retarget_lock_release_recursive
 .text          0x080038b0        0x0 C:\Program Files (x86)\Arm\GNU Toolchain mingw-w64-i686-arm-none-eabi\arm-none-eabi\lib\thumb\v6-m\nofp\libc_nano.a(libc_a-memchr-stub.o)
 .text.memchr   0x080038b0       0x16 C:\Program Files (x86)\Arm\GNU Toolchain mingw-w64-i686-arm-none-eabi\arm-none-eabi\lib\thumb\v6-m\nofp\libc_nano.a(libc_a-memchr-stub.o)
                0x080038b0                memchr
 .text          0x080038c6        0xe C:\Program Files (x86)\Arm\GNU Toolchain mingw-w64-i686-arm-none-eabi\arm-none-eabi\lib\thumb\v6-m\nofp\libc_nano.a(libc_a-strlen.o)
                0x080038c6                strlen
 .text          0x080038d4        0x0 C:\Program Files (x86)\Arm\GNU Toolchain mingw-w64-i686-arm-none-eabi\arm-none-eabi\lib\thumb\v6-m\nofp\libc_nano.a(libc_a-dtoa.o)
 .text.quorem   0x080038d4      0x11c C:\Program Files (x86)\Arm\GNU Toolchain mingw-w64-i686-arm-none-eabi\arm-none-eabi\lib\thumb\v6-m\nofp\libc_nano.a(libc_a-dtoa.o)
 .text._dtoa_r  0x080039f0      0xbc4 C:\Program Files (x86)\Arm\GNU Toolchain mingw-w64-i686-arm-none-eabi\arm-none-eabi\lib\thumb\v6-m\nofp\libc_nano.a(libc_a-dtoa.o)
                0x080039f0                _dtoa_r
 .text          0x080045b4        0x0 C:\Program Files (x86)\Arm\GNU Toolchain mingw-w64-i686-arm-none-eabi\arm-none-eabi\lib\thumb\v6-m\nofp\libc_nano.a(libc_a-freer.o)
 .text._free_r  0x080045b4       0x94 C:\Program Files (x86)\Arm\GNU Toolchain mingw-w64-i686-arm-none-eabi\arm-none-eabi\lib\thumb\v6-m\nofp\libc_nano.a(libc_a-freer.o)
                0x080045b4                _free_r
 .text          0x08004648        0x0 C:\Program Files (x86)\Arm\GNU Toolchain mingw-w64-i686-arm-none-eabi\arm-none-eabi\lib\thumb\v6-m\nofp\libc_nano.a(libc_a-malloc.o)
 .text.malloc   0x08004648       0x14 C:\Program Files (x86)\Arm\GNU Toolchain mingw-w64-i686-arm-none-eabi\arm-none-eabi\lib\thumb\v6-m\nofp\libc_nano.a(libc_a-malloc.o)
                0x08004648                malloc
 .text.free     0x0800465c       0x14 C:\Program Files (x86)\Arm\GNU Toolchain mingw-w64-i686-arm-none-eabi\arm-none-eabi\lib\thumb\v6-m\nofp\libc_nano.a(libc_a-malloc.o)
                0x0800465c                free
 .text          0x08004670        0x0 C:\Program Files (x86)\Arm\GNU Toolchain mingw-w64-i686-arm-none-eabi\arm-none-eabi\lib\thumb\v6-m\nofp\libc_nano.a(libc_a-mallocr.o)
 .text.sbrk_aligned
                0x08004670       0x44 C:\Program Files (x86)\Arm\GNU Toolchain mingw-w64-i686-arm-none-eabi\arm-none-eabi\lib\thumb\v6-m\nofp\libc_nano.a(libc_a-mallocr.o)
 .text._malloc_r
                0x080046b4      0x100 C:\Program Files (x86)\Arm\GNU Toolchain mingw-w64-i686-arm-none-eabi\arm-none-eabi\lib\thumb\v6-m\nofp\libc_nano.a(libc_a-mallocr.o)
                0x080046b4                _malloc_r
 .text          0x080047b4        0x0 C:\Program Files (x86)\Arm\GNU Toolchain mingw-w64-i686-arm-none-eabi\arm-none-eabi\lib\thumb\v6-m\nofp\libc_nano.a(libc_a-mlock.o)
 .text.__malloc_lock
                0x080047b4       0x10 C:\Program Files (x86)\Arm\GNU Toolchain mingw-w64-i686-arm-none-eabi\arm-none-eabi\lib\thumb\v6-m\nofp\libc_nano.a(libc_a-mlock.o)
                0x080047b4                __malloc_lock
 .text.__malloc_unlock
                0x080047c4       0x10 C:\Program Files (x86)\Arm\GNU Toolchain mingw-w64-i686-arm-none-eabi\arm-none-eabi\lib\thumb\v6-m\nofp\libc_nano.a(libc_a-mlock.o)
                0x080047c4                __malloc_unlock
 .text          0x080047d4        0x0 C:\Program Files (x86)\Arm\GNU Toolchain mingw-w64-i686-arm-none-eabi\arm-none-eabi\lib\thumb\v6-m\nofp\libc_nano.a(libc_a-mprec.o)
 .text._Balloc  0x080047d4       0x84 C:\Program Files (x86)\Arm\GNU Toolchain mingw-w64-i686-arm-none-eabi\arm-none-eabi\lib\thumb\v6-m\nofp\libc_nano.a(libc_a-mprec.o)
                0x080047d4                _Balloc
 .text._Bfree   0x08004858       0x4c C:\Program Files (x86)\Arm\GNU Toolchain mingw-w64-i686-arm-none-eabi\arm-none-eabi\lib\thumb\v6-m\nofp\libc_nano.a(libc_a-mprec.o)
                0x08004858                _Bfree
 .text.__multadd
                0x080048a4       0x88 C:\Program Files (x86)\Arm\GNU Toolchain mingw-w64-i686-arm-none-eabi\arm-none-eabi\lib\thumb\v6-m\nofp\libc_nano.a(libc_a-mprec.o)
                0x080048a4                __multadd
 .text.__s2b    0x0800492c       0x98 C:\Program Files (x86)\Arm\GNU Toolchain mingw-w64-i686-arm-none-eabi\arm-none-eabi\lib\thumb\v6-m\nofp\libc_nano.a(libc_a-mprec.o)
                0x0800492c                __s2b
 .text.__hi0bits
                0x080049c4       0x42 C:\Program Files (x86)\Arm\GNU Toolchain mingw-w64-i686-arm-none-eabi\arm-none-eabi\lib\thumb\v6-m\nofp\libc_nano.a(libc_a-mprec.o)
                0x080049c4                __hi0bits
 .text.__lo0bits
                0x08004a06       0x60 C:\Program Files (x86)\Arm\GNU Toolchain mingw-w64-i686-arm-none-eabi\arm-none-eabi\lib\thumb\v6-m\nofp\libc_nano.a(libc_a-mprec.o)
                0x08004a06                __lo0bits
 *fill*         0x08004a66        0x2 
 .text.__i2b    0x08004a68       0x2c C:\Program Files (x86)\Arm\GNU Toolchain mingw-w64-i686-arm-none-eabi\arm-none-eabi\lib\thumb\v6-m\nofp\libc_nano.a(libc_a-mprec.o)
                0x08004a68                __i2b
 .text.__multiply
                0x08004a94      0x174 C:\Program Files (x86)\Arm\GNU Toolchain mingw-w64-i686-arm-none-eabi\arm-none-eabi\lib\thumb\v6-m\nofp\libc_nano.a(libc_a-mprec.o)
                0x08004a94                __multiply
 .text.__pow5mult
                0x08004c08       0xc4 C:\Program Files (x86)\Arm\GNU Toolchain mingw-w64-i686-arm-none-eabi\arm-none-eabi\lib\thumb\v6-m\nofp\libc_nano.a(libc_a-mprec.o)
                0x08004c08                __pow5mult
 .text.__lshift
                0x08004ccc       0xd8 C:\Program Files (x86)\Arm\GNU Toolchain mingw-w64-i686-arm-none-eabi\arm-none-eabi\lib\thumb\v6-m\nofp\libc_nano.a(libc_a-mprec.o)
                0x08004ccc                __lshift
 .text.__mcmp   0x08004da4       0x34 C:\Program Files (x86)\Arm\GNU Toolchain mingw-w64-i686-arm-none-eabi\arm-none-eabi\lib\thumb\v6-m\nofp\libc_nano.a(libc_a-mprec.o)
                0x08004da4                __mcmp
 .text.__mdiff  0x08004dd8      0x144 C:\Program Files (x86)\Arm\GNU Toolchain mingw-w64-i686-arm-none-eabi\arm-none-eabi\lib\thumb\v6-m\nofp\libc_nano.a(libc_a-mprec.o)
                0x08004dd8                __mdiff
 .text.__ulp    0x08004f1c       0x40 C:\Program Files (x86)\Arm\GNU Toolchain mingw-w64-i686-arm-none-eabi\arm-none-eabi\lib\thumb\v6-m\nofp\libc_nano.a(libc_a-mprec.o)
                0x08004f1c                __ulp
 .text.__b2d    0x08004f5c       0x98 C:\Program Files (x86)\Arm\GNU Toolchain mingw-w64-i686-arm-none-eabi\arm-none-eabi\lib\thumb\v6-m\nofp\libc_nano.a(libc_a-mprec.o)
                0x08004f5c                __b2d
 .text.__d2b    0x08004ff4       0xc0 C:\Program Files (x86)\Arm\GNU Toolchain mingw-w64-i686-arm-none-eabi\arm-none-eabi\lib\thumb\v6-m\nofp\libc_nano.a(libc_a-mprec.o)
                0x08004ff4                __d2b
 .text.__ratio  0x080050b4       0x52 C:\Program Files (x86)\Arm\GNU Toolchain mingw-w64-i686-arm-none-eabi\arm-none-eabi\lib\thumb\v6-m\nofp\libc_nano.a(libc_a-mprec.o)
                0x080050b4                __ratio
 *fill*         0x08005106        0x2 
 .text._mprec_log10
                0x08005108       0x34 C:\Program Files (x86)\Arm\GNU Toolchain mingw-w64-i686-arm-none-eabi\arm-none-eabi\lib\thumb\v6-m\nofp\libc_nano.a(libc_a-mprec.o)
                0x08005108                _mprec_log10
 .text.__copybits
                0x0800513c       0x42 C:\Program Files (x86)\Arm\GNU Toolchain mingw-w64-i686-arm-none-eabi\arm-none-eabi\lib\thumb\v6-m\nofp\libc_nano.a(libc_a-mprec.o)
                0x0800513c                __copybits
 .text.__any_on
                0x0800517e       0x46 C:\Program Files (x86)\Arm\GNU Toolchain mingw-w64-i686-arm-none-eabi\arm-none-eabi\lib\thumb\v6-m\nofp\libc_nano.a(libc_a-mprec.o)
                0x0800517e                __any_on
 .text          0x080051c4        0x0 C:\Program Files (x86)\Arm\GNU Toolchain mingw-w64-i686-arm-none-eabi\arm-none-eabi\lib\thumb\v6-m\nofp\libc_nano.a(libc_a-nano-vfprintf.o)
 .text.__sfputc_r
                0x080051c4       0x2a C:\Program Files (x86)\Arm\GNU Toolchain mingw-w64-i686-arm-none-eabi\arm-none-eabi\lib\thumb\v6-m\nofp\libc_nano.a(libc_a-nano-vfprintf.o)
 .text.__sfputs_r
                0x080051ee       0x24 C:\Program Files (x86)\Arm\GNU Toolchain mingw-w64-i686-arm-none-eabi\arm-none-eabi\lib\thumb\v6-m\nofp\libc_nano.a(libc_a-nano-vfprintf.o)
                0x080051ee                __sfputs_r
 .text.__sprint_r
                0x08005212       0x20 C:\Program Files (x86)\Arm\GNU Toolchain mingw-w64-i686-arm-none-eabi\arm-none-eabi\lib\thumb\v6-m\nofp\libc_nano.a(libc_a-nano-vfprintf.o)
                0x08005212                __sprint_r
 *fill*         0x08005232        0x2 
 .text._vfprintf_r
                0x08005234      0x224 C:\Program Files (x86)\Arm\GNU Toolchain mingw-w64-i686-arm-none-eabi\arm-none-eabi\lib\thumb\v6-m\nofp\libc_nano.a(libc_a-nano-vfprintf.o)
                0x08005234                _vfprintf_r
                0x08005234                _vfiprintf_r
 .text.vfprintf
                0x08005458       0x18 C:\Program Files (x86)\Arm\GNU Toolchain mingw-w64-i686-arm-none-eabi\arm-none-eabi\lib\thumb\v6-m\nofp\libc_nano.a(libc_a-nano-vfprintf.o)
                0x08005458                vfprintf
                0x08005458                vfiprintf
 .text          0x08005470        0x0 C:\Program Files (x86)\Arm\GNU Toolchain mingw-w64-i686-arm-none-eabi\arm-none-eabi\lib\thumb\v6-m\nofp\libc_nano.a(libc_a-fvwrite.o)
 .text.__sfvwrite_r
                0x08005470      0x2c0 C:\Program Files (x86)\Arm\GNU Toolchain mingw-w64-i686-arm-none-eabi\arm-none-eabi\lib\thumb\v6-m\nofp\libc_nano.a(libc_a-fvwrite.o)
                0x08005470                __sfvwrite_r
 .text          0x08005730        0x0 C:\Program Files (x86)\Arm\GNU Toolchain mingw-w64-i686-arm-none-eabi\arm-none-eabi\lib\thumb\v6-m\nofp\libc_nano.a(libc_a-makebuf.o)
 .text.__swhatbuf_r
                0x08005730       0x54 C:\Program Files (x86)\Arm\GNU Toolchain mingw-w64-i686-arm-none-eabi\arm-none-eabi\lib\thumb\v6-m\nofp\libc_nano.a(libc_a-makebuf.o)
                0x08005730                __swhatbuf_r
 .text.__smakebuf_r
                0x08005784       0x72 C:\Program Files (x86)\Arm\GNU Toolchain mingw-w64-i686-arm-none-eabi\arm-none-eabi\lib\thumb\v6-m\nofp\libc_nano.a(libc_a-makebuf.o)
                0x08005784                __smakebuf_r
 .text          0x080057f6        0x0 C:\Program Files (x86)\Arm\GNU Toolchain mingw-w64-i686-arm-none-eabi\arm-none-eabi\lib\thumb\v6-m\nofp\libc_nano.a(libc_a-putc.o)
 .text._putc_r  0x080057f6       0x6c C:\Program Files (x86)\Arm\GNU Toolchain mingw-w64-i686-arm-none-eabi\arm-none-eabi\lib\thumb\v6-m\nofp\libc_nano.a(libc_a-putc.o)
                0x080057f6                _putc_r
 *fill*         0x08005862        0x2 
 .text.putc     0x08005864       0x14 C:\Program Files (x86)\Arm\GNU Toolchain mingw-w64-i686-arm-none-eabi\arm-none-eabi\lib\thumb\v6-m\nofp\libc_nano.a(libc_a-putc.o)
                0x08005864                putc
 .text          0x08005878        0x0 C:\Program Files (x86)\Arm\GNU Toolchain mingw-w64-i686-arm-none-eabi\arm-none-eabi\lib\thumb\v6-m\nofp\libc_nano.a(libc_a-memmove.o)
 .text.memmove  0x08005878       0x26 C:\Program Files (x86)\Arm\GNU Toolchain mingw-w64-i686-arm-none-eabi\arm-none-eabi\lib\thumb\v6-m\nofp\libc_nano.a(libc_a-memmove.o)
                0x08005878                memmove
 .text          0x0800589e        0x0 C:\Program Files (x86)\Arm\GNU Toolchain mingw-w64-i686-arm-none-eabi\arm-none-eabi\lib\thumb\v6-m\nofp\libc_nano.a(libc_a-locale.o)
 *fill*         0x0800589e        0x2 
 .text._setlocale_r
                0x080058a0       0x40 C:\Program Files (x86)\Arm\GNU Toolchain mingw-w64-i686-arm-none-eabi\arm-none-eabi\lib\thumb\v6-m\nofp\libc_nano.a(libc_a-locale.o)
                0x080058a0                _setlocale_r
 .text.__locale_mb_cur_max
                0x080058e0       0x10 C:\Program Files (x86)\Arm\GNU Toolchain mingw-w64-i686-arm-none-eabi\arm-none-eabi\lib\thumb\v6-m\nofp\libc_nano.a(libc_a-locale.o)
                0x080058e0                __locale_mb_cur_max
 .text.setlocale
                0x080058f0       0x14 C:\Program Files (x86)\Arm\GNU Toolchain mingw-w64-i686-arm-none-eabi\arm-none-eabi\lib\thumb\v6-m\nofp\libc_nano.a(libc_a-locale.o)
                0x080058f0                setlocale
 .text          0x08005904        0x0 C:\Program Files (x86)\Arm\GNU Toolchain mingw-w64-i686-arm-none-eabi\arm-none-eabi\lib\thumb\v6-m\nofp\libc_nano.a(libc_a-fstatr.o)
 .text._fstat_r
                0x08005904       0x24 C:\Program Files (x86)\Arm\GNU Toolchain mingw-w64-i686-arm-none-eabi\arm-none-eabi\lib\thumb\v6-m\nofp\libc_nano.a(libc_a-fstatr.o)
                0x08005904                _fstat_r
 .text          0x08005928        0x0 C:\Program Files (x86)\Arm\GNU Toolchain mingw-w64-i686-arm-none-eabi\arm-none-eabi\lib\thumb\v6-m\nofp\libc_nano.a(libc_a-isattyr.o)
 .text._isatty_r
                0x08005928       0x24 C:\Program Files (x86)\Arm\GNU Toolchain mingw-w64-i686-arm-none-eabi\arm-none-eabi\lib\thumb\v6-m\nofp\libc_nano.a(libc_a-isattyr.o)
                0x08005928                _isatty_r
 .text          0x0800594c        0x0 C:\Program Files (x86)\Arm\GNU Toolchain mingw-w64-i686-arm-none-eabi\arm-none-eabi\lib\thumb\v6-m\nofp\libc_nano.a(libc_a-sbrkr.o)
 .text._sbrk_r  0x0800594c       0x24 C:\Program Files (x86)\Arm\GNU Toolchain mingw-w64-i686-arm-none-eabi\arm-none-eabi\lib\thumb\v6-m\nofp\libc_nano.a(libc_a-sbrkr.o)
                0x0800594c                _sbrk_r
 .text          0x08005970       0x14 C:\Program Files (x86)\Arm\GNU Toolchain mingw-w64-i686-arm-none-eabi\arm-none-eabi\lib\thumb\v6-m\nofp\libc_nano.a(libc_a-strcmp.o)
                0x08005970                strcmp
 .text          0x08005984        0x0 C:\Program Files (x86)\Arm\GNU Toolchain mingw-w64-i686-arm-none-eabi\arm-none-eabi\lib\thumb\v6-m\nofp\libc_nano.a(libc_a-memcpy-stub.o)
 .text.memcpy   0x08005984       0x12 C:\Program Files (x86)\Arm\GNU Toolchain mingw-w64-i686-arm-none-eabi\arm-none-eabi\lib\thumb\v6-m\nofp\libc_nano.a(libc_a-memcpy-stub.o)
                0x08005984                memcpy
 .text          0x08005996        0x0 C:\Program Files (x86)\Arm\GNU Toolchain mingw-w64-i686-arm-none-eabi\arm-none-eabi\lib\thumb\v6-m\nofp\libc_nano.a(libc_a-assert.o)
 *fill*         0x08005996        0x2 
 .text.__assert_func
                0x08005998       0x3c C:\Program Files (x86)\Arm\GNU Toolchain mingw-w64-i686-arm-none-eabi\arm-none-eabi\lib\thumb\v6-m\nofp\libc_nano.a(libc_a-assert.o)
                0x08005998                __assert_func
 .text.__assert
                0x080059d4        0xa C:\Program Files (x86)\Arm\GNU Toolchain mingw-w64-i686-arm-none-eabi\arm-none-eabi\lib\thumb\v6-m\nofp\libc_nano.a(libc_a-assert.o)
                0x080059d4                __assert
 .text          0x080059de        0x0 C:\Program Files (x86)\Arm\GNU Toolchain mingw-w64-i686-arm-none-eabi\arm-none-eabi\lib\thumb\v6-m\nofp\libc_nano.a(libc_a-callocr.o)
 .text._calloc_r
                0x080059de       0x5a C:\Program Files (x86)\Arm\GNU Toolchain mingw-w64-i686-arm-none-eabi\arm-none-eabi\lib\thumb\v6-m\nofp\libc_nano.a(libc_a-callocr.o)
                0x080059de                _calloc_r
 .text          0x08005a38        0x0 C:\Program Files (x86)\Arm\GNU Toolchain mingw-w64-i686-arm-none-eabi\arm-none-eabi\lib\thumb\v6-m\nofp\libc_nano.a(libc_a-mbtowc_r.o)
 .text._mbtowc_r
                0x08005a38       0x14 C:\Program Files (x86)\Arm\GNU Toolchain mingw-w64-i686-arm-none-eabi\arm-none-eabi\lib\thumb\v6-m\nofp\libc_nano.a(libc_a-mbtowc_r.o)
                0x08005a38                _mbtowc_r
 .text.__ascii_mbtowc
                0x08005a4c       0x24 C:\Program Files (x86)\Arm\GNU Toolchain mingw-w64-i686-arm-none-eabi\arm-none-eabi\lib\thumb\v6-m\nofp\libc_nano.a(libc_a-mbtowc_r.o)
                0x08005a4c                __ascii_mbtowc
 .text          0x08005a70        0x0 C:\Program Files (x86)\Arm\GNU Toolchain mingw-w64-i686-arm-none-eabi\arm-none-eabi\lib\thumb\v6-m\nofp\libc_nano.a(libc_a-reallocr.o)
 .text._realloc_r
                0x08005a70       0x60 C:\Program Files (x86)\Arm\GNU Toolchain mingw-w64-i686-arm-none-eabi\arm-none-eabi\lib\thumb\v6-m\nofp\libc_nano.a(libc_a-reallocr.o)
                0x08005a70                _realloc_r
 .text          0x08005ad0        0x0 C:\Program Files (x86)\Arm\GNU Toolchain mingw-w64-i686-arm-none-eabi\arm-none-eabi\lib\thumb\v6-m\nofp\libc_nano.a(libc_a-wctomb_r.o)
 .text._wctomb_r
                0x08005ad0       0x10 C:\Program Files (x86)\Arm\GNU Toolchain mingw-w64-i686-arm-none-eabi\arm-none-eabi\lib\thumb\v6-m\nofp\libc_nano.a(libc_a-wctomb_r.o)
                0x08005ad0                _wctomb_r
 .text.__ascii_wctomb
                0x08005ae0       0x18 C:\Program Files (x86)\Arm\GNU Toolchain mingw-w64-i686-arm-none-eabi\arm-none-eabi\lib\thumb\v6-m\nofp\libc_nano.a(libc_a-wctomb_r.o)
                0x08005ae0                __ascii_wctomb
 .text          0x08005af8        0x0 C:\Program Files (x86)\Arm\GNU Toolchain mingw-w64-i686-arm-none-eabi\arm-none-eabi\lib\thumb\v6-m\nofp\libc_nano.a(libc_a-ctype_.o)
 .text          0x08005af8        0x0 C:\Program Files (x86)\Arm\GNU Toolchain mingw-w64-i686-arm-none-eabi\arm-none-eabi\lib\thumb\v6-m\nofp\libc_nano.a(libc_a-fprintf.o)
 .text._fprintf_r
                0x08005af8       0x16 C:\Program Files (x86)\Arm\GNU Toolchain mingw-w64-i686-arm-none-eabi\arm-none-eabi\lib\thumb\v6-m\nofp\libc_nano.a(libc_a-fprintf.o)
                0x08005af8                _fiprintf_r
                0x08005af8                _fprintf_r
 *fill*         0x08005b0e        0x2 
 .text.fprintf  0x08005b10       0x20 C:\Program Files (x86)\Arm\GNU Toolchain mingw-w64-i686-arm-none-eabi\arm-none-eabi\lib\thumb\v6-m\nofp\libc_nano.a(libc_a-fprintf.o)
                0x08005b10                fiprintf
                0x08005b10                fprintf
 .text          0x08005b30        0x0 C:\Program Files (x86)\Arm\GNU Toolchain mingw-w64-i686-arm-none-eabi\arm-none-eabi\lib\thumb\v6-m\nofp\libc_nano.a(libc_a-abort.o)
 .text.abort    0x08005b30        0xe C:\Program Files (x86)\Arm\GNU Toolchain mingw-w64-i686-arm-none-eabi\arm-none-eabi\lib\thumb\v6-m\nofp\libc_nano.a(libc_a-abort.o)
                0x08005b30                abort
 .text          0x08005b3e        0x0 C:\Program Files (x86)\Arm\GNU Toolchain mingw-w64-i686-arm-none-eabi\arm-none-eabi\lib\thumb\v6-m\nofp\libc_nano.a(libc_a-msizer.o)
 .text._malloc_usable_size_r
                0x08005b3e       0x10 C:\Program Files (x86)\Arm\GNU Toolchain mingw-w64-i686-arm-none-eabi\arm-none-eabi\lib\thumb\v6-m\nofp\libc_nano.a(libc_a-msizer.o)
                0x08005b3e                _malloc_usable_size_r
 .text          0x08005b4e        0x0 C:\Program Files (x86)\Arm\GNU Toolchain mingw-w64-i686-arm-none-eabi\arm-none-eabi\lib\thumb\v6-m\nofp\libc_nano.a(libc_a-signal.o)
 .text._init_signal_r
                0x08005b4e       0x2a C:\Program Files (x86)\Arm\GNU Toolchain mingw-w64-i686-arm-none-eabi\arm-none-eabi\lib\thumb\v6-m\nofp\libc_nano.a(libc_a-signal.o)
                0x08005b4e                _init_signal_r
 .text._signal_r
                0x08005b78       0x30 C:\Program Files (x86)\Arm\GNU Toolchain mingw-w64-i686-arm-none-eabi\arm-none-eabi\lib\thumb\v6-m\nofp\libc_nano.a(libc_a-signal.o)
                0x08005b78                _signal_r
 .text._raise_r
                0x08005ba8       0x52 C:\Program Files (x86)\Arm\GNU Toolchain mingw-w64-i686-arm-none-eabi\arm-none-eabi\lib\thumb\v6-m\nofp\libc_nano.a(libc_a-signal.o)
                0x08005ba8                _raise_r
 .text.__sigtramp_r
                0x08005bfa       0x46 C:\Program Files (x86)\Arm\GNU Toolchain mingw-w64-i686-arm-none-eabi\arm-none-eabi\lib\thumb\v6-m\nofp\libc_nano.a(libc_a-signal.o)
                0x08005bfa                __sigtramp_r
 .text.raise    0x08005c40       0x14 C:\Program Files (x86)\Arm\GNU Toolchain mingw-w64-i686-arm-none-eabi\arm-none-eabi\lib\thumb\v6-m\nofp\libc_nano.a(libc_a-signal.o)
                0x08005c40                raise
 .text.signal   0x08005c54       0x14 C:\Program Files (x86)\Arm\GNU Toolchain mingw-w64-i686-arm-none-eabi\arm-none-eabi\lib\thumb\v6-m\nofp\libc_nano.a(libc_a-signal.o)
                0x08005c54                signal
 .text._init_signal
                0x08005c68       0x10 C:\Program Files (x86)\Arm\GNU Toolchain mingw-w64-i686-arm-none-eabi\arm-none-eabi\lib\thumb\v6-m\nofp\libc_nano.a(libc_a-signal.o)
                0x08005c68                _init_signal
 .text.__sigtramp
                0x08005c78       0x14 C:\Program Files (x86)\Arm\GNU Toolchain mingw-w64-i686-arm-none-eabi\arm-none-eabi\lib\thumb\v6-m\nofp\libc_nano.a(libc_a-signal.o)
                0x08005c78                __sigtramp
 .text          0x08005c8c        0x0 C:\Program Files (x86)\Arm\GNU Toolchain mingw-w64-i686-arm-none-eabi\arm-none-eabi\lib\thumb\v6-m\nofp\libc_nano.a(libc_a-signalr.o)
 .text._kill_r  0x08005c8c       0x24 C:\Program Files (x86)\Arm\GNU Toolchain mingw-w64-i686-arm-none-eabi\arm-none-eabi\lib\thumb\v6-m\nofp\libc_nano.a(libc_a-signalr.o)
                0x08005c8c                _kill_r
 .text._getpid_r
                0x08005cb0        0x8 C:\Program Files (x86)\Arm\GNU Toolchain mingw-w64-i686-arm-none-eabi\arm-none-eabi\lib\thumb\v6-m\nofp\libc_nano.a(libc_a-signalr.o)
                0x08005cb0                _getpid_r
 .text          0x08005cb8       0x14 C:\Program Files (x86)\Arm\GNU Toolchain mingw-w64-i686-arm-none-eabi\lib\gcc\arm-none-eabi\15.2.1\thumb\v6-m\nofp\libgcc.a(_thumb1_case_uqi.o)
                0x08005cb8                __gnu_thumb1_case_uqi
 .text          0x08005ccc       0x14 C:\Program Files (x86)\Arm\GNU Toolchain mingw-w64-i686-arm-none-eabi\lib\gcc\arm-none-eabi\15.2.1\thumb\v6-m\nofp\libgcc.a(_thumb1_case_shi.o)
                0x08005ccc                __gnu_thumb1_case_shi
 .text          0x08005ce0      0x114 C:\Program Files (x86)\Arm\GNU Toolchain mingw-w64-i686-arm-none-eabi\lib\gcc\arm-none-eabi\15.2.1\thumb\v6-m\nofp\libgcc.a(_udivsi3.o)
                0x08005ce0                __aeabi_uidiv
                0x08005ce0                __udivsi3
                0x08005dec                __aeabi_uidivmod
 .text          0x08005df4       0x7c C:\Program Files (x86)\Arm\GNU Toolchain mingw-w64-i686-arm-none-eabi\lib\gcc\arm-none-eabi\15.2.1\thumb\v6-m\nofp\libgcc.a(_arm_cmpdf2.o)
                0x08005df4                __aeabi_cdrcmple
                0x08005e04                __aeabi_cdcmple
                0x08005e04                __aeabi_cdcmpeq
                0x08005e14                __aeabi_dcmpeq
                0x08005e20                __aeabi_dcmplt
                0x08005e34                __aeabi_dcmple
                0x08005e48                __aeabi_dcmpgt
                0x08005e5c                __aeabi_dcmpge
 .text          0x08005e70        0x0 C:\Program Files (x86)\Arm\GNU Toolchain mingw-w64-i686-arm-none-eabi\lib\gcc\arm-none-eabi\15.2.1\thumb\v6-m\nofp\libgcc.a(adddf3.o)
 .text.__aeabi_dadd
                0x08005e70      0x828 C:\Program Files (x86)\Arm\GNU Toolchain mingw-w64-i686-arm-none-eabi\lib\gcc\arm-none-eabi\15.2.1\thumb\v6-m\nofp\libgcc.a(adddf3.o)
                0x08005e70                __aeabi_dadd
 .text          0x08006698        0x0 C:\Program Files (x86)\Arm\GNU Toolchain mingw-w64-i686-arm-none-eabi\lib\gcc\arm-none-eabi\15.2.1\thumb\v6-m\nofp\libgcc.a(divdf3.o)
 .text.__aeabi_ddiv
                0x08006698      0x630 C:\Program Files (x86)\Arm\GNU Toolchain mingw-w64-i686-arm-none-eabi\lib\gcc\arm-none-eabi\15.2.1\thumb\v6-m\nofp\libgcc.a(divdf3.o)
                0x08006698                __aeabi_ddiv
 .text          0x08006cc8        0x0 C:\Program Files (x86)\Arm\GNU Toolchain mingw-w64-i686-arm-none-eabi\lib\gcc\arm-none-eabi\15.2.1\thumb\v6-m\nofp\libgcc.a(eqdf2.o)
 .text.__eqdf2  0x08006cc8       0x94 C:\Program Files (x86)\Arm\GNU Toolchain mingw-w64-i686-arm-none-eabi\lib\gcc\arm-none-eabi\15.2.1\thumb\v6-m\nofp\libgcc.a(eqdf2.o)
                0x08006cc8                __nedf2
                0x08006cc8                __eqdf2
 .text          0x08006d5c        0x0 C:\Program Files (x86)\Arm\GNU Toolchain mingw-w64-i686-arm-none-eabi\lib\gcc\arm-none-eabi\15.2.1\thumb\v6-m\nofp\libgcc.a(gedf2.o)
 .text.__gedf2  0x08006d5c       0xd4 C:\Program Files (x86)\Arm\GNU Toolchain mingw-w64-i686-arm-none-eabi\lib\gcc\arm-none-eabi\15.2.1\thumb\v6-m\nofp\libgcc.a(gedf2.o)
                0x08006d5c                __gedf2
                0x08006d5c                __gtdf2
 .text          0x08006e30        0x0 C:\Program Files (x86)\Arm\GNU Toolchain mingw-w64-i686-arm-none-eabi\lib\gcc\arm-none-eabi\15.2.1\thumb\v6-m\nofp\libgcc.a(ledf2.o)
 .text.__ledf2  0x08006e30       0xd4 C:\Program Files (x86)\Arm\GNU Toolchain mingw-w64-i686-arm-none-eabi\lib\gcc\arm-none-eabi\15.2.1\thumb\v6-m\nofp\libgcc.a(ledf2.o)
                0x08006e30                __ledf2
                0x08006e30                __ltdf2
 .text          0x08006f04        0x0 C:\Program Files (x86)\Arm\GNU Toolchain mingw-w64-i686-arm-none-eabi\lib\gcc\arm-none-eabi\15.2.1\thumb\v6-m\nofp\libgcc.a(muldf3.o)
 .text.__aeabi_dmul
                0x08006f04      0x570 C:\Program Files (x86)\Arm\GNU Toolchain mingw-w64-i686-arm-none-eabi\lib\gcc\arm-none-eabi\15.2.1\thumb\v6-m\nofp\libgcc.a(muldf3.o)
                0x08006f04                __aeabi_dmul
 .text          0x08007474        0x0 C:\Program Files (x86)\Arm\GNU Toolchain mingw-w64-i686-arm-none-eabi\lib\gcc\arm-none-eabi\15.2.1\thumb\v6-m\nofp\libgcc.a(subdf3.o)
 .text.__aeabi_dsub
                0x08007474      0x814 C:\Program Files (x86)\Arm\GNU Toolchain mingw-w64-i686-arm-none-eabi\lib\gcc\arm-none-eabi\15.2.1\thumb\v6-m\nofp\libgcc.a(subdf3.o)
                0x08007474                __aeabi_dsub
 .text          0x08007c88        0x0 C:\Program Files (x86)\Arm\GNU Toolchain mingw-w64-i686-arm-none-eabi\lib\gcc\arm-none-eabi\15.2.1\thumb\v6-m\nofp\libgcc.a(unorddf2.o)
 .text.__aeabi_dcmpun
                0x08007c88       0x40 C:\Program Files (x86)\Arm\GNU Toolchain mingw-w64-i686-arm-none-eabi\lib\gcc\arm-none-eabi\15.2.1\thumb\v6-m\nofp\libgcc.a(unorddf2.o)
                0x08007c88                __aeabi_dcmpun
 .text          0x08007cc8        0x0 C:\Program Files (x86)\Arm\GNU Toolchain mingw-w64-i686-arm-none-eabi\lib\gcc\arm-none-eabi\15.2.1\thumb\v6-m\nofp\libgcc.a(fixdfsi.o)
 .text.__aeabi_d2iz
                0x08007cc8       0x70 C:\Program Files (x86)\Arm\GNU Toolchain mingw-w64-i686-arm-none-eabi\lib\gcc\arm-none-eabi\15.2.1\thumb\v6-m\nofp\libgcc.a(fixdfsi.o)
                0x08007cc8                __aeabi_d2iz
 .text          0x08007d38        0x0 C:\Program Files (x86)\Arm\GNU Toolchain mingw-w64-i686-arm-none-eabi\lib\gcc\arm-none-eabi\15.2.1\thumb\v6-m\nofp\libgcc.a(floatsidf.o)
 .text.__aeabi_i2d
                0x08007d38       0x68 C:\Program Files (x86)\Arm\GNU Toolchain mingw-w64-i686-arm-none-eabi\lib\gcc\arm-none-eabi\15.2.1\thumb\v6-m\nofp\libgcc.a(floatsidf.o)
                0x08007d38                __aeabi_i2d
 .text          0x08007da0        0x0 C:\Program Files (x86)\Arm\GNU Toolchain mingw-w64-i686-arm-none-eabi\lib\gcc\arm-none-eabi\15.2.1\thumb\v6-m\nofp\libgcc.a(floatunsidf.o)
 .text.__aeabi_ui2d
                0x08007da0       0x48 C:\Program Files (x86)\Arm\GNU Toolchain mingw-w64-i686-arm-none-eabi\lib\gcc\arm-none-eabi\15.2.1\thumb\v6-m\nofp\libgcc.a(floatunsidf.o)
                0x08007da0                __aeabi_ui2d
 .text          0x08007de8       0x3c C:\Program Files (x86)\Arm\GNU Toolchain mingw-w64-i686-arm-none-eabi\lib\gcc\arm-none-eabi\15.2.1\thumb\v6-m\nofp\libgcc.a(_clzsi2.o)
                0x08007de8                __clzsi2
 *fill*         0x08007e24        0x4 
 .text.__stub   0x08007e28       0x24 linker stubs
 *(.rodata*)
 .rodata        0x08007e58      0x12d collision.o
 *fill*         0x08007f85        0x3 
 .rodata        0x08007f88       0x7c startup.o
 .rodata._printf_float.str1.1
                0x08008004      0x173 C:\Program Files (x86)\Arm\GNU Toolchain mingw-w64-i686-arm-none-eabi\arm-none-eabi\lib\thumb\v6-m\nofp\libc_nano.a(libc_a-nano-vfprintf_float.o)
                                 0x12 (size before relaxing)
 .rodata._printf_i.str1.1
                0x08008177        0x0 C:\Program Files (x86)\Arm\GNU Toolchain mingw-w64-i686-arm-none-eabi\arm-none-eabi\lib\thumb\v6-m\nofp\libc_nano.a(libc_a-nano-vfprintf_i.o)
                                 0x22 (size before relaxing)
 .rodata._dtoa_r.str1.1
                0x08008177        0x0 C:\Program Files (x86)\Arm\GNU Toolchain mingw-w64-i686-arm-none-eabi\arm-none-eabi\lib\thumb\v6-m\nofp\libc_nano.a(libc_a-dtoa.o)
                                 0x90 (size before relaxing)
 .rodata._Balloc.str1.1
                0x08008177        0x0 C:\Program Files (x86)\Arm\GNU Toolchain mingw-w64-i686-arm-none-eabi\arm-none-eabi\lib\thumb\v6-m\nofp\libc_nano.a(libc_a-mprec.o)
                                 0x71 (size before relaxing)
 .rodata.__multadd.str1.1
                0x08008177        0x0 C:\Program Files (x86)\Arm\GNU Toolchain mingw-w64-i686-arm-none-eabi\arm-none-eabi\lib\thumb\v6-m\nofp\libc_nano.a(libc_a-mprec.o)
                                 0x11 (size before relaxing)
 *fill*         0x08008177        0x1 
 .rodata.p05.0  0x08008178        0xc C:\Program Files (x86)\Arm\GNU Toolchain mingw-w64-i686-arm-none-eabi\arm-none-eabi\lib\thumb\v6-m\nofp\libc_nano.a(libc_a-mprec.o)
 *fill*         0x08008184        0x4 
 .rodata.__mprec_tinytens
                0x08008188       0x28 C:\Program Files (x86)\Arm\GNU Toolchain mingw-w64-i686-arm-none-eabi\arm-none-eabi\lib\thumb\v6-m\nofp\libc_nano.a(libc_a-mprec.o)
                0x08008188                __mprec_tinytens
 .rodata.__mprec_bigtens
                0x080081b0       0x28 C:\Program Files (x86)\Arm\GNU Toolchain mingw-w64-i686-arm-none-eabi\arm-none-eabi\lib\thumb\v6-m\nofp\libc_nano.a(libc_a-mprec.o)
                0x080081b0                __mprec_bigtens
 .rodata.__mprec_tens
                0x080081d8       0xc8 C:\Program Files (x86)\Arm\GNU Toolchain mingw-w64-i686-arm-none-eabi\arm-none-eabi\lib\thumb\v6-m\nofp\libc_nano.a(libc_a-mprec.o)
                0x080081d8                __mprec_tens
 .rodata._vfprintf_r.str1.1
                0x080082a0        0x0 C:\Program Files (x86)\Arm\GNU Toolchain mingw-w64-i686-arm-none-eabi\arm-none-eabi\lib\thumb\v6-m\nofp\libc_nano.a(libc_a-nano-vfprintf.o)
                                 0x11 (size before relaxing)
 .rodata._setlocale_r.str1.1
                0x080082a0        0x0 C:\Program Files (x86)\Arm\GNU Toolchain mingw-w64-i686-arm-none-eabi\arm-none-eabi\lib\thumb\v6-m\nofp\libc_nano.a(libc_a-locale.o)
                                  0x9 (size before relaxing)
 .rodata.str1.1
                0x080082a0        0x0 C:\Program Files (x86)\Arm\GNU Toolchain mingw-w64-i686-arm-none-eabi\arm-none-eabi\lib\thumb\v6-m\nofp\libc_nano.a(libc_a-locale.o)
                                  0x2 (size before relaxing)
 .rodata.__assert_func.str1.1
                0x080082a0        0x0 C:\Program Files (x86)\Arm\GNU Toolchain mingw-w64-i686-arm-none-eabi\arm-none-eabi\lib\thumb\v6-m\nofp\libc_nano.a(libc_a-assert.o)
                                 0x3d (size before relaxing)
 .rodata._ctype_
                0x080082a0      0x101 C:\Program Files (x86)\Arm\GNU Toolchain mingw-w64-i686-arm-none-eabi\arm-none-eabi\lib\thumb\v6-m\nofp\libc_nano.a(libc_a-ctype_.o)
                0x080082a0                _ctype_
 *fill*         0x080083a1        0x3 
 .rodata.__aeabi_ddiv
                0x080083a4       0x40 C:\Program Files (x86)\Arm\GNU Toolchain mingw-w64-i686-arm-none-eabi\lib\gcc\arm-none-eabi\15.2.1\thumb\v6-m\nofp\libgcc.a(divdf3.o)
                0x080083e4                        . = ALIGN (0x4)
                0x080083e4                        PROVIDE (__init_array_start = .)
 *(SORT_BY_NAME(.init_array.*))
 *(.init_array)
                0x080083e4                        PROVIDE (__init_array_end = .)
                0x080083e4                        . = ALIGN (0x4)
                0x080083e4                        _etext = .

.glue_7         0x080083e4        0x0
 .glue_7        0x080083e4        0x0 linker stubs

.glue_7t        0x080083e4        0x0
 .glue_7t       0x080083e4        0x0 linker stubs

.vfp11_veneer   0x080083e4        0x0
 .vfp11_veneer  0x080083e4        0x0 linker stubs

.v4_bx          0x080083e4        0x0
 .v4_bx         0x080083e4        0x0 linker stubs

.iplt           0x080083e4        0x0
 .iplt          0x080083e4        0x0 collision.o

.rel.dyn        0x080083e4        0x0
 .rel.iplt      0x080083e4        0x0 collision.o

.data           0x20000000      0x1cc load address 0x080083e4
                0x20000000                        . = ALIGN (0x4)
                0x20000000                        _data = .
 *(.data*)
 .data          0x20000000        0x0 collision.o
 .data          0x20000000        0x0 vl53l0x.o
 .data          0x20000000        0x0 startup.o
 .data          0x20000000        0x0 serial.o
 .data          0x20000000        0x4 newlib_stubs.o
                0x20000000                environ
 .data          0x20000004        0x0 C:\Program Files (x86)\Arm\GNU Toolchain mingw-w64-i686-arm-none-eabi\arm-none-eabi\lib\thumb\v6-m\nofp\libnosys.a(errno.o)
 .data          0x20000004        0x0 C:\Program Files (x86)\Arm\GNU Toolchain mingw-w64-i686-arm-none-eabi\lib\gcc\arm-none-eabi\15.2.1\thumb\v6-m\nofp\libgcc.a(_divsi3.o)
 .data          0x20000004        0x0 C:\Program Files (x86)\Arm\GNU Toolchain mingw-w64-i686-arm-none-eabi\lib\gcc\arm-none-eabi\15.2.1\thumb\v6-m\nofp\libgcc.a(_dvmd_tls.o)
 .data          0x20000004        0x0 C:\Program Files (x86)\Arm\GNU Toolchain mingw-w64-i686-arm-none-eabi\arm-none-eabi\lib\thumb\v6-m\nofp\libc_nano.a(libc_a-nano-vfprintf_float.o)
 .data          0x20000004        0x0 C:\Program Files (x86)\Arm\GNU Toolchain mingw-w64-i686-arm-none-eabi\arm-none-eabi\lib\thumb\v6-m\nofp\libc_nano.a(libc_a-nano-vfprintf_i.o)
 .data          0x20000004        0x0 C:\Program Files (x86)\Arm\GNU Toolchain mingw-w64-i686-arm-none-eabi\arm-none-eabi\lib\thumb\v6-m\nofp\libc_nano.a(libc_a-fflush.o)
 .data          0x20000004        0x0 C:\Program Files (x86)\Arm\GNU Toolchain mingw-w64-i686-arm-none-eabi\arm-none-eabi\lib\thumb\v6-m\nofp\libc_nano.a(libc_a-findfp.o)
 .data.__sglue  0x20000004        0xc C:\Program Files (x86)\Arm\GNU Toolchain mingw-w64-i686-arm-none-eabi\arm-none-eabi\lib\thumb\v6-m\nofp\libc_nano.a(libc_a-findfp.o)
                0x20000004                __sglue
 .data          0x20000010        0x0 C:\Program Files (x86)\Arm\GNU Toolchain mingw-w64-i686-arm-none-eabi\arm-none-eabi\lib\thumb\v6-m\nofp\libc_nano.a(libc_a-fwalk.o)
 .data          0x20000010        0x0 C:\Program Files (x86)\Arm\GNU Toolchain mingw-w64-i686-arm-none-eabi\arm-none-eabi\lib\thumb\v6-m\nofp\libc_nano.a(libc_a-printf.o)
 .data          0x20000010        0x0 C:\Program Files (x86)\Arm\GNU Toolchain mingw-w64-i686-arm-none-eabi\arm-none-eabi\lib\thumb\v6-m\nofp\libc_nano.a(libc_a-putchar.o)
 .data          0x20000010        0x0 C:\Program Files (x86)\Arm\GNU Toolchain mingw-w64-i686-arm-none-eabi\arm-none-eabi\lib\thumb\v6-m\nofp\libc_nano.a(libc_a-puts.o)
 .data          0x20000010        0x0 C:\Program Files (x86)\Arm\GNU Toolchain mingw-w64-i686-arm-none-eabi\arm-none-eabi\lib\thumb\v6-m\nofp\libc_nano.a(libc_a-stdio.o)
 .data          0x20000010        0x0 C:\Program Files (x86)\Arm\GNU Toolchain mingw-w64-i686-arm-none-eabi\arm-none-eabi\lib\thumb\v6-m\nofp\libc_nano.a(libc_a-wbuf.o)
 .data          0x20000010        0x0 C:\Program Files (x86)\Arm\GNU Toolchain mingw-w64-i686-arm-none-eabi\arm-none-eabi\lib\thumb\v6-m\nofp\libc_nano.a(libc_a-wsetup.o)
 .data          0x20000010        0x0 C:\Program Files (x86)\Arm\GNU Toolchain mingw-w64-i686-arm-none-eabi\arm-none-eabi\lib\thumb\v6-m\nofp\libc_nano.a(libc_a-memset.o)
 .data          0x20000010        0x0 C:\Program Files (x86)\Arm\GNU Toolchain mingw-w64-i686-arm-none-eabi\arm-none-eabi\lib\thumb\v6-m\nofp\libc_nano.a(libc_a-localeconv.o)
 .data          0x20000010        0x0 C:\Program Files (x86)\Arm\GNU Toolchain mingw-w64-i686-arm-none-eabi\arm-none-eabi\lib\thumb\v6-m\nofp\libc_nano.a(libc_a-closer.o)
 .data          0x20000010        0x0 C:\Program Files (x86)\Arm\GNU Toolchain mingw-w64-i686-arm-none-eabi\arm-none-eabi\lib\thumb\v6-m\nofp\libc_nano.a(libc_a-impure.o)
 .data._impure_ptr
                0x20000010        0x4 C:\Program Files (x86)\Arm\GNU Toolchain mingw-w64-i686-arm-none-eabi\arm-none-eabi\lib\thumb\v6-m\nofp\libc_nano.a(libc_a-impure.o)
                0x20000010                _impure_ptr
 .data._impure_data
                0x20000014       0x4c C:\Program Files (x86)\Arm\GNU Toolchain mingw-w64-i686-arm-none-eabi\arm-none-eabi\lib\thumb\v6-m\nofp\libc_nano.a(libc_a-impure.o)
                0x20000014                _impure_data
 .data          0x20000060        0x0 C:\Program Files (x86)\Arm\GNU Toolchain mingw-w64-i686-arm-none-eabi\arm-none-eabi\lib\thumb\v6-m\nofp\libc_nano.a(libc_a-lseekr.o)
 .data          0x20000060        0x0 C:\Program Files (x86)\Arm\GNU Toolchain mingw-w64-i686-arm-none-eabi\arm-none-eabi\lib\thumb\v6-m\nofp\libc_nano.a(libc_a-readr.o)
 .data          0x20000060        0x0 C:\Program Files (x86)\Arm\GNU Toolchain mingw-w64-i686-arm-none-eabi\arm-none-eabi\lib\thumb\v6-m\nofp\libc_nano.a(libc_a-writer.o)
 .data          0x20000060        0x0 C:\Program Files (x86)\Arm\GNU Toolchain mingw-w64-i686-arm-none-eabi\arm-none-eabi\lib\thumb\v6-m\nofp\libc_nano.a(libc_a-lock.o)
 .data          0x20000060        0x0 C:\Program Files (x86)\Arm\GNU Toolchain mingw-w64-i686-arm-none-eabi\arm-none-eabi\lib\thumb\v6-m\nofp\libc_nano.a(libc_a-memchr-stub.o)
 .data          0x20000060        0x0 C:\Program Files (x86)\Arm\GNU Toolchain mingw-w64-i686-arm-none-eabi\arm-none-eabi\lib\thumb\v6-m\nofp\libc_nano.a(libc_a-strlen.o)
 .data          0x20000060        0x0 C:\Program Files (x86)\Arm\GNU Toolchain mingw-w64-i686-arm-none-eabi\arm-none-eabi\lib\thumb\v6-m\nofp\libc_nano.a(libc_a-dtoa.o)
 .data          0x20000060        0x0 C:\Program Files (x86)\Arm\GNU Toolchain mingw-w64-i686-arm-none-eabi\arm-none-eabi\lib\thumb\v6-m\nofp\libc_nano.a(libc_a-freer.o)
 .data          0x20000060        0x0 C:\Program Files (x86)\Arm\GNU Toolchain mingw-w64-i686-arm-none-eabi\arm-none-eabi\lib\thumb\v6-m\nofp\libc_nano.a(libc_a-malloc.o)
 .data          0x20000060        0x0 C:\Program Files (x86)\Arm\GNU Toolchain mingw-w64-i686-arm-none-eabi\arm-none-eabi\lib\thumb\v6-m\nofp\libc_nano.a(libc_a-mallocr.o)
 .data          0x20000060        0x0 C:\Program Files (x86)\Arm\GNU Toolchain mingw-w64-i686-arm-none-eabi\arm-none-eabi\lib\thumb\v6-m\nofp\libc_nano.a(libc_a-mlock.o)
 .data          0x20000060        0x0 C:\Program Files (x86)\Arm\GNU Toolchain mingw-w64-i686-arm-none-eabi\arm-none-eabi\lib\thumb\v6-m\nofp\libc_nano.a(libc_a-mprec.o)
 .data          0x20000060        0x0 C:\Program Files (x86)\Arm\GNU Toolchain mingw-w64-i686-arm-none-eabi\arm-none-eabi\lib\thumb\v6-m\nofp\libc_nano.a(libc_a-nano-vfprintf.o)
 .data          0x20000060        0x0 C:\Program Files (x86)\Arm\GNU Toolchain mingw-w64-i686-arm-none-eabi\arm-none-eabi\lib\thumb\v6-m\nofp\libc_nano.a(libc_a-fvwrite.o)
 .data          0x20000060        0x0 C:\Program Files (x86)\Arm\GNU Toolchain mingw-w64-i686-arm-none-eabi\arm-none-eabi\lib\thumb\v6-m\nofp\libc_nano.a(libc_a-makebuf.o)
 .data          0x20000060        0x0 C:\Program Files (x86)\Arm\GNU Toolchain mingw-w64-i686-arm-none-eabi\arm-none-eabi\lib\thumb\v6-m\nofp\libc_nano.a(libc_a-putc.o)
 .data          0x20000060        0x0 C:\Program Files (x86)\Arm\GNU Toolchain mingw-w64-i686-arm-none-eabi\arm-none-eabi\lib\thumb\v6-m\nofp\libc_nano.a(libc_a-memmove.o)
 .data          0x20000060        0x0 C:\Program Files (x86)\Arm\GNU Toolchain mingw-w64-i686-arm-none-eabi\arm-none-eabi\lib\thumb\v6-m\nofp\libc_nano.a(libc_a-locale.o)
 .data.__global_locale
                0x20000060      0x16c C:\Program Files (x86)\Arm\GNU Toolchain mingw-w64-i686-arm-none-eabi\arm-none-eabi\lib\thumb\v6-m\nofp\libc_nano.a(libc_a-locale.o)
                0x20000060                __global_locale
 .data          0x200001cc        0x0 C:\Program Files (x86)\Arm\GNU Toolchain mingw-w64-i686-arm-none-eabi\arm-none-eabi\lib\thumb\v6-m\nofp\libc_nano.a(libc_a-fstatr.o)
 .data          0x200001cc        0x0 C:\Program Files (x86)\Arm\GNU Toolchain mingw-w64-i686-arm-none-eabi\arm-none-eabi\lib\thumb\v6-m\nofp\libc_nano.a(libc_a-isattyr.o)
 .data          0x200001cc        0x0 C:\Program Files (x86)\Arm\GNU Toolchain mingw-w64-i686-arm-none-eabi\arm-none-eabi\lib\thumb\v6-m\nofp\libc_nano.a(libc_a-sbrkr.o)
 .data          0x200001cc        0x0 C:\Program Files (x86)\Arm\GNU Toolchain mingw-w64-i686-arm-none-eabi\arm-none-eabi\lib\thumb\v6-m\nofp\libc_nano.a(libc_a-strcmp.o)
 .data          0x200001cc        0x0 C:\Program Files (x86)\Arm\GNU Toolchain mingw-w64-i686-arm-none-eabi\arm-none-eabi\lib\thumb\v6-m\nofp\libc_nano.a(libc_a-memcpy-stub.o)
 .data          0x200001cc        0x0 C:\Program Files (x86)\Arm\GNU Toolchain mingw-w64-i686-arm-none-eabi\arm-none-eabi\lib\thumb\v6-m\nofp\libc_nano.a(libc_a-assert.o)
 .data          0x200001cc        0x0 C:\Program Files (x86)\Arm\GNU Toolchain mingw-w64-i686-arm-none-eabi\arm-none-eabi\lib\thumb\v6-m\nofp\libc_nano.a(libc_a-callocr.o)
 .data          0x200001cc        0x0 C:\Program Files (x86)\Arm\GNU Toolchain mingw-w64-i686-arm-none-eabi\arm-none-eabi\lib\thumb\v6-m\nofp\libc_nano.a(libc_a-mbtowc_r.o)
 .data          0x200001cc        0x0 C:\Program Files (x86)\Arm\GNU Toolchain mingw-w64-i686-arm-none-eabi\arm-none-eabi\lib\thumb\v6-m\nofp\libc_nano.a(libc_a-reallocr.o)
 .data          0x200001cc        0x0 C:\Program Files (x86)\Arm\GNU Toolchain mingw-w64-i686-arm-none-eabi\arm-none-eabi\lib\thumb\v6-m\nofp\libc_nano.a(libc_a-wctomb_r.o)
 .data          0x200001cc        0x0 C:\Program Files (x86)\Arm\GNU Toolchain mingw-w64-i686-arm-none-eabi\arm-none-eabi\lib\thumb\v6-m\nofp\libc_nano.a(libc_a-ctype_.o)
 .data          0x200001cc        0x0 C:\Program Files (x86)\Arm\GNU Toolchain mingw-w64-i686-arm-none-eabi\arm-none-eabi\lib\thumb\v6-m\nofp\libc_nano.a(libc_a-fprintf.o)
 .data          0x200001cc        0x0 C:\Program Files (x86)\Arm\GNU Toolchain mingw-w64-i686-arm-none-eabi\arm-none-eabi\lib\thumb\v6-m\nofp\libc_nano.a(libc_a-abort.o)
 .data          0x200001cc        0x0 C:\Program Files (x86)\Arm\GNU Toolchain mingw-w64-i686-arm-none-eabi\arm-none-eabi\lib\thumb\v6-m\nofp\libc_nano.a(libc_a-msizer.o)
 .data          0x200001cc        0x0 C:\Program Files (x86)\Arm\GNU Toolchain mingw-w64-i686-arm-none-eabi\arm-none-eabi\lib\thumb\v6-m\nofp\libc_nano.a(libc_a-signal.o)
 .data          0x200001cc        0x0 C:\Program Files (x86)\Arm\GNU Toolchain mingw-w64-i686-arm-none-eabi\arm-none-eabi\lib\thumb\v6-m\nofp\libc_nano.a(libc_a-signalr.o)
 .data          0x200001cc        0x0 C:\Program Files (x86)\Arm\GNU Toolchain mingw-w64-i686-arm-none-eabi\lib\gcc\arm-none-eabi\15.2.1\thumb\v6-m\nofp\libgcc.a(_thumb1_case_uqi.o)
 .data          0x200001cc        0x0 C:\Program Files (x86)\Arm\GNU Toolchain mingw-w64-i686-arm-none-eabi\lib\gcc\arm-none-eabi\15.2.1\thumb\v6-m\nofp\libgcc.a(_thumb1_case_shi.o)
 .data          0x200001cc        0x0 C:\Program Files (x86)\Arm\GNU Toolchain mingw-w64-i686-arm-none-eabi\lib\gcc\arm-none-eabi\15.2.1\thumb\v6-m\nofp\libgcc.a(_udivsi3.o)
 .data          0x200001cc        0x0 C:\Program Files (x86)\Arm\GNU Toolchain mingw-w64-i686-arm-none-eabi\lib\gcc\arm-none-eabi\15.2.1\thumb\v6-m\nofp\libgcc.a(_arm_cmpdf2.o)
 .data          0x200001cc        0x0 C:\Program Files (x86)\Arm\GNU Toolchain mingw-w64-i686-arm-none-eabi\lib\gcc\arm-none-eabi\15.2.1\thumb\v6-m\nofp\libgcc.a(adddf3.o)
 .data          0x200001cc        0x0 C:\Program Files (x86)\Arm\GNU Toolchain mingw-w64-i686-arm-none-eabi\lib\gcc\arm-none-eabi\15.2.1\thumb\v6-m\nofp\libgcc.a(divdf3.o)
 .data          0x200001cc        0x0 C:\Program Files (x86)\Arm\GNU Toolchain mingw-w64-i686-arm-none-eabi\lib\gcc\arm-none-eabi\15.2.1\thumb\v6-m\nofp\libgcc.a(eqdf2.o)
 .data          0x200001cc        0x0 C:\Program Files (x86)\Arm\GNU Toolchain mingw-w64-i686-arm-none-eabi\lib\gcc\arm-none-eabi\15.2.1\thumb\v6-m\nofp\libgcc.a(gedf2.o)
 .data          0x200001cc        0x0 C:\Program Files (x86)\Arm\GNU Toolchain mingw-w64-i686-arm-none-eabi\lib\gcc\arm-none-eabi\15.2.1\thumb\v6-m\nofp\libgcc.a(ledf2.o)
 .data          0x200001cc        0x0 C:\Program Files (x86)\Arm\GNU Toolchain mingw-w64-i686-arm-none-eabi\lib\gcc\arm-none-eabi\15.2.1\thumb\v6-m\nofp\libgcc.a(muldf3.o)
 .data          0x200001cc        0x0 C:\Program Files (x86)\Arm\GNU Toolchain mingw-w64-i686-arm-none-eabi\lib\gcc\arm-none-eabi\15.2.1\thumb\v6-m\nofp\libgcc.a(subdf3.o)
 .data          0x200001cc        0x0 C:\Program Files (x86)\Arm\GNU Toolchain mingw-w64-i686-arm-none-eabi\lib\gcc\arm-none-eabi\15.2.1\thumb\v6-m\nofp\libgcc.a(unorddf2.o)
 .data          0x200001cc        0x0 C:\Program Files (x86)\Arm\GNU Toolchain mingw-w64-i686-arm-none-eabi\lib\gcc\arm-none-eabi\15.2.1\thumb\v6-m\nofp\libgcc.a(fixdfsi.o)
 .data          0x200001cc        0x0 C:\Program Files (x86)\Arm\GNU Toolchain mingw-w64-i686-arm-none-eabi\lib\gcc\arm-none-eabi\15.2.1\thumb\v6-m\nofp\libgcc.a(floatsidf.o)
 .data          0x200001cc        0x0 C:\Program Files (x86)\Arm\GNU Toolchain mingw-w64-i686-arm-none-eabi\lib\gcc\arm-none-eabi\15.2.1\thumb\v6-m\nofp\libgcc.a(floatunsidf.o)
 .data          0x200001cc        0x0 C:\Program Files (x86)\Arm\GNU Toolchain mingw-w64-i686-arm-none-eabi\lib\gcc\arm-none-eabi\15.2.1\thumb\v6-m\nofp\libgcc.a(_clzsi2.o)
                0x200001cc                        . = ALIGN (0x4)
                0x200001cc                        _edata = .

.igot.plt       0x200001cc        0x0 load address 0x080085b0
 .igot.plt      0x200001cc        0x0 collision.o

.bss            0x200001cc      0x204 load address 0x080085b0
                0x200001cc                        _bss = .
 *(.bss*)
 .bss           0x200001cc        0x0 collision.o
 .bss           0x200001cc        0x1 vl53l0x.o
 .bss           0x200001cd        0x0 startup.o
 *fill*         0x200001cd        0x3 
 .bss           0x200001d0       0xa4 serial.o
                0x200001d0                ComRXBuffer
                0x2000021c                ComTXBuffer
                0x20000268                ComOpen
                0x2000026c                ComError
                0x20000270                ComBusy
 .bss           0x20000274        0x8 newlib_stubs.o
                0x20000274                __env
 .bss           0x2000027c        0x0 C:\Program Files (x86)\Arm\GNU Toolchain mingw-w64-i686-arm-none-eabi\arm-none-eabi\lib\thumb\v6-m\nofp\libnosys.a(errno.o)
 .bss.errno     0x2000027c        0x4 C:\Program Files (x86)\Arm\GNU Toolchain mingw-w64-i686-arm-none-eabi\arm-none-eabi\lib\thumb\v6-m\nofp\libnosys.a(errno.o)
                0x2000027c                errno
 .bss           0x20000280        0x0 C:\Program Files (x86)\Arm\GNU Toolchain mingw-w64-i686-arm-none-eabi\lib\gcc\arm-none-eabi\15.2.1\thumb\v6-m\nofp\libgcc.a(_divsi3.o)
 .bss           0x20000280        0x0 C:\Program Files (x86)\Arm\GNU Toolchain mingw-w64-i686-arm-none-eabi\lib\gcc\arm-none-eabi\15.2.1\thumb\v6-m\nofp\libgcc.a(_dvmd_tls.o)
 .bss           0x20000280        0x0 C:\Program Files (x86)\Arm\GNU Toolchain mingw-w64-i686-arm-none-eabi\arm-none-eabi\lib\thumb\v6-m\nofp\libc_nano.a(libc_a-nano-vfprintf_float.o)
 .bss           0x20000280        0x0 C:\Program Files (x86)\Arm\GNU Toolchain mingw-w64-i686-arm-none-eabi\arm-none-eabi\lib\thumb\v6-m\nofp\libc_nano.a(libc_a-nano-vfprintf_i.o)
 .bss           0x20000280        0x0 C:\Program Files (x86)\Arm\GNU Toolchain mingw-w64-i686-arm-none-eabi\arm-none-eabi\lib\thumb\v6-m\nofp\libc_nano.a(libc_a-fflush.o)
 .bss           0x20000280        0x0 C:\Program Files (x86)\Arm\GNU Toolchain mingw-w64-i686-arm-none-eabi\arm-none-eabi\lib\thumb\v6-m\nofp\libc_nano.a(libc_a-findfp.o)
 .bss.__sf      0x20000280      0x138 C:\Program Files (x86)\Arm\GNU Toolchain mingw-w64-i686-arm-none-eabi\arm-none-eabi\lib\thumb\v6-m\nofp\libc_nano.a(libc_a-findfp.o)
                0x20000280                __sf
 .bss.__stdio_exit_handler
                0x200003b8        0x4 C:\Program Files (x86)\Arm\GNU Toolchain mingw-w64-i686-arm-none-eabi\arm-none-eabi\lib\thumb\v6-m\nofp\libc_nano.a(libc_a-findfp.o)
                0x200003b8                __stdio_exit_handler
 .bss           0x200003bc        0x0 C:\Program Files (x86)\Arm\GNU Toolchain mingw-w64-i686-arm-none-eabi\arm-none-eabi\lib\thumb\v6-m\nofp\libc_nano.a(libc_a-fwalk.o)
 .bss           0x200003bc        0x0 C:\Program Files (x86)\Arm\GNU Toolchain mingw-w64-i686-arm-none-eabi\arm-none-eabi\lib\thumb\v6-m\nofp\libc_nano.a(libc_a-printf.o)
 .bss           0x200003bc        0x0 C:\Program Files (x86)\Arm\GNU Toolchain mingw-w64-i686-arm-none-eabi\arm-none-eabi\lib\thumb\v6-m\nofp\libc_nano.a(libc_a-putchar.o)
 .bss           0x200003bc        0x0 C:\Program Files (x86)\Arm\GNU Toolchain mingw-w64-i686-arm-none-eabi\arm-none-eabi\lib\thumb\v6-m\nofp\libc_nano.a(libc_a-puts.o)
 .bss           0x200003bc        0x0 C:\Program Files (x86)\Arm\GNU Toolchain mingw-w64-i686-arm-none-eabi\arm-none-eabi\lib\thumb\v6-m\nofp\libc_nano.a(libc_a-stdio.o)
 .bss           0x200003bc        0x0 C:\Program Files (x86)\Arm\GNU Toolchain mingw-w64-i686-arm-none-eabi\arm-none-eabi\lib\thumb\v6-m\nofp\libc_nano.a(libc_a-wbuf.o)
 .bss           0x200003bc        0x0 C:\Program Files (x86)\Arm\GNU Toolchain mingw-w64-i686-arm-none-eabi\arm-none-eabi\lib\thumb\v6-m\nofp\libc_nano.a(libc_a-wsetup.o)
 .bss           0x200003bc        0x0 C:\Program Files (x86)\Arm\GNU Toolchain mingw-w64-i686-arm-none-eabi\arm-none-eabi\lib\thumb\v6-m\nofp\libc_nano.a(libc_a-memset.o)
 .bss           0x200003bc        0x0 C:\Program Files (x86)\Arm\GNU Toolchain mingw-w64-i686-arm-none-eabi\arm-none-eabi\lib\thumb\v6-m\nofp\libc_nano.a(libc_a-localeconv.o)
 .bss           0x200003bc        0x0 C:\Program Files (x86)\Arm\GNU Toolchain mingw-w64-i686-arm-none-eabi\arm-none-eabi\lib\thumb\v6-m\nofp\libc_nano.a(libc_a-closer.o)
 .bss           0x200003bc        0x0 C:\Program Files (x86)\Arm\GNU Toolchain mingw-w64-i686-arm-none-eabi\arm-none-eabi\lib\thumb\v6-m\nofp\libc_nano.a(libc_a-impure.o)
 .bss           0x200003bc        0x0 C:\Program Files (x86)\Arm\GNU Toolchain mingw-w64-i686-arm-none-eabi\arm-none-eabi\lib\thumb\v6-m\nofp\libc_nano.a(libc_a-lseekr.o)
 .bss           0x200003bc        0x0 C:\Program Files (x86)\Arm\GNU Toolchain mingw-w64-i686-arm-none-eabi\arm-none-eabi\lib\thumb\v6-m\nofp\libc_nano.a(libc_a-readr.o)
 .bss           0x200003bc        0x0 C:\Program Files (x86)\Arm\GNU Toolchain mingw-w64-i686-arm-none-eabi\arm-none-eabi\lib\thumb\v6-m\nofp\libc_nano.a(libc_a-writer.o)
 .bss           0x200003bc        0x0 C:\Program Files (x86)\Arm\GNU Toolchain mingw-w64-i686-arm-none-eabi\arm-none-eabi\lib\thumb\v6-m\nofp\libc_nano.a(libc_a-lock.o)
 .bss.__lock___arc4random_mutex
                0x200003bc        0x1 C:\Program Files (x86)\Arm\GNU Toolchain mingw-w64-i686-arm-none-eabi\arm-none-eabi\lib\thumb\v6-m\nofp\libc_nano.a(libc_a-lock.o)
                0x200003bc                __lock___arc4random_mutex
 .bss.__lock___dd_hash_mutex
                0x200003bd        0x1 C:\Program Files (x86)\Arm\GNU Toolchain mingw-w64-i686-arm-none-eabi\arm-none-eabi\lib\thumb\v6-m\nofp\libc_nano.a(libc_a-lock.o)
                0x200003bd                __lock___dd_hash_mutex
 .bss.__lock___tz_mutex
                0x200003be        0x1 C:\Program Files (x86)\Arm\GNU Toolchain mingw-w64-i686-arm-none-eabi\arm-none-eabi\lib\thumb\v6-m\nofp\libc_nano.a(libc_a-lock.o)
                0x200003be                __lock___tz_mutex
 .bss.__lock___env_recursive_mutex
                0x200003bf        0x1 C:\Program Files (x86)\Arm\GNU Toolchain mingw-w64-i686-arm-none-eabi\arm-none-eabi\lib\thumb\v6-m\nofp\libc_nano.a(libc_a-lock.o)
                0x200003bf                __lock___env_recursive_mutex
 .bss.__lock___malloc_recursive_mutex
                0x200003c0        0x1 C:\Program Files (x86)\Arm\GNU Toolchain mingw-w64-i686-arm-none-eabi\arm-none-eabi\lib\thumb\v6-m\nofp\libc_nano.a(libc_a-lock.o)
                0x200003c0                __lock___malloc_recursive_mutex
 .bss.__lock___at_quick_exit_mutex
                0x200003c1        0x1 C:\Program Files (x86)\Arm\GNU Toolchain mingw-w64-i686-arm-none-eabi\arm-none-eabi\lib\thumb\v6-m\nofp\libc_nano.a(libc_a-lock.o)
                0x200003c1                __lock___at_quick_exit_mutex
 .bss.__lock___atexit_recursive_mutex
                0x200003c2        0x1 C:\Program Files (x86)\Arm\GNU Toolchain mingw-w64-i686-arm-none-eabi\arm-none-eabi\lib\thumb\v6-m\nofp\libc_nano.a(libc_a-lock.o)
                0x200003c2                __lock___atexit_recursive_mutex
 .bss.__lock___sfp_recursive_mutex
                0x200003c3        0x1 C:\Program Files (x86)\Arm\GNU Toolchain mingw-w64-i686-arm-none-eabi\arm-none-eabi\lib\thumb\v6-m\nofp\libc_nano.a(libc_a-lock.o)
                0x200003c3                __lock___sfp_recursive_mutex
 .bss           0x200003c4        0x0 C:\Program Files (x86)\Arm\GNU Toolchain mingw-w64-i686-arm-none-eabi\arm-none-eabi\lib\thumb\v6-m\nofp\libc_nano.a(libc_a-memchr-stub.o)
 .bss           0x200003c4        0x0 C:\Program Files (x86)\Arm\GNU Toolchain mingw-w64-i686-arm-none-eabi\arm-none-eabi\lib\thumb\v6-m\nofp\libc_nano.a(libc_a-strlen.o)
 .bss           0x200003c4        0x0 C:\Program Files (x86)\Arm\GNU Toolchain mingw-w64-i686-arm-none-eabi\arm-none-eabi\lib\thumb\v6-m\nofp\libc_nano.a(libc_a-dtoa.o)
 .bss           0x200003c4        0x0 C:\Program Files (x86)\Arm\GNU Toolchain mingw-w64-i686-arm-none-eabi\arm-none-eabi\lib\thumb\v6-m\nofp\libc_nano.a(libc_a-freer.o)
 .bss           0x200003c4        0x0 C:\Program Files (x86)\Arm\GNU Toolchain mingw-w64-i686-arm-none-eabi\arm-none-eabi\lib\thumb\v6-m\nofp\libc_nano.a(libc_a-malloc.o)
 .bss           0x200003c4        0x0 C:\Program Files (x86)\Arm\GNU Toolchain mingw-w64-i686-arm-none-eabi\arm-none-eabi\lib\thumb\v6-m\nofp\libc_nano.a(libc_a-mallocr.o)
 .bss.__malloc_sbrk_start
                0x200003c4        0x4 C:\Program Files (x86)\Arm\GNU Toolchain mingw-w64-i686-arm-none-eabi\arm-none-eabi\lib\thumb\v6-m\nofp\libc_nano.a(libc_a-mallocr.o)
                0x200003c4                __malloc_sbrk_start
 .bss.__malloc_free_list
                0x200003c8        0x4 C:\Program Files (x86)\Arm\GNU Toolchain mingw-w64-i686-arm-none-eabi\arm-none-eabi\lib\thumb\v6-m\nofp\libc_nano.a(libc_a-mallocr.o)
                0x200003c8                __malloc_free_list
 .bss           0x200003cc        0x0 C:\Program Files (x86)\Arm\GNU Toolchain mingw-w64-i686-arm-none-eabi\arm-none-eabi\lib\thumb\v6-m\nofp\libc_nano.a(libc_a-mlock.o)
 .bss           0x200003cc        0x0 C:\Program Files (x86)\Arm\GNU Toolchain mingw-w64-i686-arm-none-eabi\arm-none-eabi\lib\thumb\v6-m\nofp\libc_nano.a(libc_a-mprec.o)
 .bss           0x200003cc        0x0 C:\Program Files (x86)\Arm\GNU Toolchain mingw-w64-i686-arm-none-eabi\arm-none-eabi\lib\thumb\v6-m\nofp\libc_nano.a(libc_a-nano-vfprintf.o)
 .bss           0x200003cc        0x0 C:\Program Files (x86)\Arm\GNU Toolchain mingw-w64-i686-arm-none-eabi\arm-none-eabi\lib\thumb\v6-m\nofp\libc_nano.a(libc_a-fvwrite.o)
 .bss           0x200003cc        0x0 C:\Program Files (x86)\Arm\GNU Toolchain mingw-w64-i686-arm-none-eabi\arm-none-eabi\lib\thumb\v6-m\nofp\libc_nano.a(libc_a-makebuf.o)
 .bss           0x200003cc        0x0 C:\Program Files (x86)\Arm\GNU Toolchain mingw-w64-i686-arm-none-eabi\arm-none-eabi\lib\thumb\v6-m\nofp\libc_nano.a(libc_a-putc.o)
 .bss           0x200003cc        0x0 C:\Program Files (x86)\Arm\GNU Toolchain mingw-w64-i686-arm-none-eabi\arm-none-eabi\lib\thumb\v6-m\nofp\libc_nano.a(libc_a-memmove.o)
 .bss           0x200003cc        0x0 C:\Program Files (x86)\Arm\GNU Toolchain mingw-w64-i686-arm-none-eabi\arm-none-eabi\lib\thumb\v6-m\nofp\libc_nano.a(libc_a-locale.o)
 .bss._PathLocale
                0x200003cc        0x4 C:\Program Files (x86)\Arm\GNU Toolchain mingw-w64-i686-arm-none-eabi\arm-none-eabi\lib\thumb\v6-m\nofp\libc_nano.a(libc_a-locale.o)
                0x200003cc                _PathLocale
 .bss           0x200003d0        0x0 C:\Program Files (x86)\Arm\GNU Toolchain mingw-w64-i686-arm-none-eabi\arm-none-eabi\lib\thumb\v6-m\nofp\libc_nano.a(libc_a-fstatr.o)
 .bss           0x200003d0        0x0 C:\Program Files (x86)\Arm\GNU Toolchain mingw-w64-i686-arm-none-eabi\arm-none-eabi\lib\thumb\v6-m\nofp\libc_nano.a(libc_a-isattyr.o)
 .bss           0x200003d0        0x0 C:\Program Files (x86)\Arm\GNU Toolchain mingw-w64-i686-arm-none-eabi\arm-none-eabi\lib\thumb\v6-m\nofp\libc_nano.a(libc_a-sbrkr.o)
 .bss           0x200003d0        0x0 C:\Program Files (x86)\Arm\GNU Toolchain mingw-w64-i686-arm-none-eabi\arm-none-eabi\lib\thumb\v6-m\nofp\libc_nano.a(libc_a-strcmp.o)
 .bss           0x200003d0        0x0 C:\Program Files (x86)\Arm\GNU Toolchain mingw-w64-i686-arm-none-eabi\arm-none-eabi\lib\thumb\v6-m\nofp\libc_nano.a(libc_a-memcpy-stub.o)
 .bss           0x200003d0        0x0 C:\Program Files (x86)\Arm\GNU Toolchain mingw-w64-i686-arm-none-eabi\arm-none-eabi\lib\thumb\v6-m\nofp\libc_nano.a(libc_a-assert.o)
 .bss           0x200003d0        0x0 C:\Program Files (x86)\Arm\GNU Toolchain mingw-w64-i686-arm-none-eabi\arm-none-eabi\lib\thumb\v6-m\nofp\libc_nano.a(libc_a-callocr.o)
 .bss           0x200003d0        0x0 C:\Program Files (x86)\Arm\GNU Toolchain mingw-w64-i686-arm-none-eabi\arm-none-eabi\lib\thumb\v6-m\nofp\libc_nano.a(libc_a-mbtowc_r.o)
 .bss           0x200003d0        0x0 C:\Program Files (x86)\Arm\GNU Toolchain mingw-w64-i686-arm-none-eabi\arm-none-eabi\lib\thumb\v6-m\nofp\libc_nano.a(libc_a-reallocr.o)
 .bss           0x200003d0        0x0 C:\Program Files (x86)\Arm\GNU Toolchain mingw-w64-i686-arm-none-eabi\arm-none-eabi\lib\thumb\v6-m\nofp\libc_nano.a(libc_a-wctomb_r.o)
 .bss           0x200003d0        0x0 C:\Program Files (x86)\Arm\GNU Toolchain mingw-w64-i686-arm-none-eabi\arm-none-eabi\lib\thumb\v6-m\nofp\libc_nano.a(libc_a-ctype_.o)
 .bss           0x200003d0        0x0 C:\Program Files (x86)\Arm\GNU Toolchain mingw-w64-i686-arm-none-eabi\arm-none-eabi\lib\thumb\v6-m\nofp\libc_nano.a(libc_a-fprintf.o)
 .bss           0x200003d0        0x0 C:\Program Files (x86)\Arm\GNU Toolchain mingw-w64-i686-arm-none-eabi\arm-none-eabi\lib\thumb\v6-m\nofp\libc_nano.a(libc_a-abort.o)
 .bss           0x200003d0        0x0 C:\Program Files (x86)\Arm\GNU Toolchain mingw-w64-i686-arm-none-eabi\arm-none-eabi\lib\thumb\v6-m\nofp\libc_nano.a(libc_a-msizer.o)
 .bss           0x200003d0        0x0 C:\Program Files (x86)\Arm\GNU Toolchain mingw-w64-i686-arm-none-eabi\arm-none-eabi\lib\thumb\v6-m\nofp\libc_nano.a(libc_a-signal.o)
 .bss           0x200003d0        0x0 C:\Program Files (x86)\Arm\GNU Toolchain mingw-w64-i686-arm-none-eabi\arm-none-eabi\lib\thumb\v6-m\nofp\libc_nano.a(libc_a-signalr.o)
 .bss           0x200003d0        0x0 C:\Program Files (x86)\Arm\GNU Toolchain mingw-w64-i686-arm-none-eabi\lib\gcc\arm-none-eabi\15.2.1\thumb\v6-m\nofp\libgcc.a(_thumb1_case_uqi.o)
 .bss           0x200003d0        0x0 C:\Program Files (x86)\Arm\GNU Toolchain mingw-w64-i686-arm-none-eabi\lib\gcc\arm-none-eabi\15.2.1\thumb\v6-m\nofp\libgcc.a(_thumb1_case_shi.o)
 .bss           0x200003d0        0x0 C:\Program Files (x86)\Arm\GNU Toolchain mingw-w64-i686-arm-none-eabi\lib\gcc\arm-none-eabi\15.2.1\thumb\v6-m\nofp\libgcc.a(_udivsi3.o)
 .bss           0x200003d0        0x0 C:\Program Files (x86)\Arm\GNU Toolchain mingw-w64-i686-arm-none-eabi\lib\gcc\arm-none-eabi\15.2.1\thumb\v6-m\nofp\libgcc.a(_arm_cmpdf2.o)
 .bss           0x200003d0        0x0 C:\Program Files (x86)\Arm\GNU Toolchain mingw-w64-i686-arm-none-eabi\lib\gcc\arm-none-eabi\15.2.1\thumb\v6-m\nofp\libgcc.a(adddf3.o)
 .bss           0x200003d0        0x0 C:\Program Files (x86)\Arm\GNU Toolchain mingw-w64-i686-arm-none-eabi\lib\gcc\arm-none-eabi\15.2.1\thumb\v6-m\nofp\libgcc.a(divdf3.o)
 .bss           0x200003d0        0x0 C:\Program Files (x86)\Arm\GNU Toolchain mingw-w64-i686-arm-none-eabi\lib\gcc\arm-none-eabi\15.2.1\thumb\v6-m\nofp\libgcc.a(eqdf2.o)
 .bss           0x200003d0        0x0 C:\Program Files (x86)\Arm\GNU Toolchain mingw-w64-i686-arm-none-eabi\lib\gcc\arm-none-eabi\15.2.1\thumb\v6-m\nofp\libgcc.a(gedf2.o)
 .bss           0x200003d0        0x0 C:\Program Files (x86)\Arm\GNU Toolchain mingw-w64-i686-arm-none-eabi\lib\gcc\arm-none-eabi\15.2.1\thumb\v6-m\nofp\libgcc.a(ledf2.o)
 .bss           0x200003d0        0x0 C:\Program Files (x86)\Arm\GNU Toolchain mingw-w64-i686-arm-none-eabi\lib\gcc\arm-none-eabi\15.2.1\thumb\v6-m\nofp\libgcc.a(muldf3.o)
 .bss           0x200003d0        0x0 C:\Program Files (x86)\Arm\GNU Toolchain mingw-w64-i686-arm-none-eabi\lib\gcc\arm-none-eabi\15.2.1\thumb\v6-m\nofp\libgcc.a(subdf3.o)
 .bss           0x200003d0        0x0 C:\Program Files (x86)\Arm\GNU Toolchain mingw-w64-i686-arm-none-eabi\lib\gcc\arm-none-eabi\15.2.1\thumb\v6-m\nofp\libgcc.a(unorddf2.o)
 .bss           0x200003d0        0x0 C:\Program Files (x86)\Arm\GNU Toolchain mingw-w64-i686-arm-none-eabi\lib\gcc\arm-none-eabi\15.2.1\thumb\v6-m\nofp\libgcc.a(fixdfsi.o)
 .bss           0x200003d0        0x0 C:\Program Files (x86)\Arm\GNU Toolchain mingw-w64-i686-arm-none-eabi\lib\gcc\arm-none-eabi\15.2.1\thumb\v6-m\nofp\libgcc.a(floatsidf.o)
 .bss           0x200003d0        0x0 C:\Program Files (x86)\Arm\GNU Toolchain mingw-w64-i686-arm-none-eabi\lib\gcc\arm-none-eabi\15.2.1\thumb\v6-m\nofp\libgcc.a(floatunsidf.o)
 .bss           0x200003d0        0x0 C:\Program Files (x86)\Arm\GNU Toolchain mingw-w64-i686-arm-none-eabi\lib\gcc\arm-none-eabi\15.2.1\thumb\v6-m\nofp\libgcc.a(_clzsi2.o)
 *(COMMON)
                0x200003d0                        . = ALIGN (0x4)
                0x200003d0                        _ebss = .
                [!provide]                        PROVIDE (end = .)
                0x200003d0                        PROVIDE (_HeapStart = .)
                0x20002000                        PROVIDE (_StackTop = (ORIGIN (ram) + LENGTH (ram)))
OUTPUT(main.elf elf32-littlearm)
LOAD linker stubs

.debug_info     0x00000000     0x1f1e
 .debug_info    0x00000000      0xc20 collision.o
 .debug_info    0x00000c20      0x3ad startup.o
 .debug_info    0x00000fcd      0x82d serial.o
 .debug_info    0x000017fa      0x724 newlib_stubs.o

.debug_abbrev   0x00000000      0x74e
 .debug_abbrev  0x00000000      0x26a collision.o
 .debug_abbrev  0x0000026a      0x174 startup.o
 .debug_abbrev  0x000003de      0x1f5 serial.o
 .debug_abbrev  0x000005d3      0x17b newlib_stubs.o

.debug_aranges  0x00000000       0x88
 .debug_aranges
                0x00000000       0x20 collision.o
 .debug_aranges
                0x00000020       0x28 startup.o
 .debug_aranges
                0x00000048       0x20 serial.o
 .debug_aranges
                0x00000068       0x20 newlib_stubs.o

.debug_line     0x00000000      0xf24
 .debug_line    0x00000000      0x4fa collision.o
 .debug_line    0x000004fa      0x296 startup.o
 .debug_line    0x00000790      0x4d4 serial.o
 .debug_line    0x00000c64      0x2c0 newlib_stubs.o

.debug_str      0x00000000      0xb12
 .debug_str     0x00000000      0xb12 collision.o
                                0x682 (size before relaxing)
 .debug_str     0x00000b12        0x0 startup.o
                                0x2c7 (size before relaxing)
 .debug_str     0x00000b12        0x0 serial.o
                                0x39f (size before relaxing)
 .debug_str     0x00000b12        0x0 newlib_stubs.o
                                0x3c5 (size before relaxing)

.comment        0x00000000       0x8e
 .comment       0x00000000       0x8e collision.o
                                 0x46 (size before relaxing)
 .comment       0x0000008e        0x0 vl53l0x.o
                                 0x46 (size before relaxing)
 .comment       0x0000008e        0x0 startup.o
                                 0x4a (size before relaxing)
 .comment       0x0000008e        0x0 serial.o
                                 0x4a (size before relaxing)
 .comment       0x0000008e        0x0 newlib_stubs.o
                                 0x4a (size before relaxing)

.ARM.attributes
                0x00000000       0x2f
 .ARM.attributes
                0x00000000       0x2c collision.o
 .ARM.attributes
                0x0000002c       0x2a vl53l0x.o
 .ARM.attributes
                0x00000056       0x2c startup.o
 .ARM.attributes
                0x00000082       0x2c serial.o
 .ARM.attributes
                0x000000ae       0x2c newlib_stubs.o
 .ARM.attributes
                0x000000da       0x2c C:\Program Files (x86)\Arm\GNU Toolchain mingw-w64-i686-arm-none-eabi\arm-none-eabi\lib\thumb\v6-m\nofp\libnosys.a(errno.o)
 .ARM.attributes
                0x00000106       0x1e C:\Program Files (x86)\Arm\GNU Toolchain mingw-w64-i686-arm-none-eabi\lib\gcc\arm-none-eabi\15.2.1\thumb\v6-m\nofp\libgcc.a(_divsi3.o)
 .ARM.attributes
                0x00000124       0x1e C:\Program Files (x86)\Arm\GNU Toolchain mingw-w64-i686-arm-none-eabi\lib\gcc\arm-none-eabi\15.2.1\thumb\v6-m\nofp\libgcc.a(_dvmd_tls.o)
 .ARM.attributes
                0x00000142       0x2c C:\Program Files (x86)\Arm\GNU Toolchain mingw-w64-i686-arm-none-eabi\arm-none-eabi\lib\thumb\v6-m\nofp\libc_nano.a(libc_a-nano-vfprintf_float.o)
 .ARM.attributes
                0x0000016e       0x2c C:\Program Files (x86)\Arm\GNU Toolchain mingw-w64-i686-arm-none-eabi\arm-none-eabi\lib\thumb\v6-m\nofp\libc_nano.a(libc_a-nano-vfprintf_i.o)
 .ARM.attributes
                0x0000019a       0x2c C:\Program Files (x86)\Arm\GNU Toolchain mingw-w64-i686-arm-none-eabi\arm-none-eabi\lib\thumb\v6-m\nofp\libc_nano.a(libc_a-fflush.o)
 .ARM.attributes
                0x000001c6       0x2c C:\Program Files (x86)\Arm\GNU Toolchain mingw-w64-i686-arm-none-eabi\arm-none-eabi\lib\thumb\v6-m\nofp\libc_nano.a(libc_a-findfp.o)
 .ARM.attributes
                0x000001f2       0x2c C:\Program Files (x86)\Arm\GNU Toolchain mingw-w64-i686-arm-none-eabi\arm-none-eabi\lib\thumb\v6-m\nofp\libc_nano.a(libc_a-fwalk.o)
 .ARM.attributes
                0x0000021e       0x2c C:\Program Files (x86)\Arm\GNU Toolchain mingw-w64-i686-arm-none-eabi\arm-none-eabi\lib\thumb\v6-m\nofp\libc_nano.a(libc_a-printf.o)
 .ARM.attributes
                0x0000024a       0x2c C:\Program Files (x86)\Arm\GNU Toolchain mingw-w64-i686-arm-none-eabi\arm-none-eabi\lib\thumb\v6-m\nofp\libc_nano.a(libc_a-putchar.o)
 .ARM.attributes
                0x00000276       0x2c C:\Program Files (x86)\Arm\GNU Toolchain mingw-w64-i686-arm-none-eabi\arm-none-eabi\lib\thumb\v6-m\nofp\libc_nano.a(libc_a-puts.o)
 .ARM.attributes
                0x000002a2       0x2c C:\Program Files (x86)\Arm\GNU Toolchain mingw-w64-i686-arm-none-eabi\arm-none-eabi\lib\thumb\v6-m\nofp\libc_nano.a(libc_a-stdio.o)
 .ARM.attributes
                0x000002ce       0x2c C:\Program Files (x86)\Arm\GNU Toolchain mingw-w64-i686-arm-none-eabi\arm-none-eabi\lib\thumb\v6-m\nofp\libc_nano.a(libc_a-wbuf.o)
 .ARM.attributes
                0x000002fa       0x2c C:\Program Files (x86)\Arm\GNU Toolchain mingw-w64-i686-arm-none-eabi\arm-none-eabi\lib\thumb\v6-m\nofp\libc_nano.a(libc_a-wsetup.o)
 .ARM.attributes
                0x00000326       0x2c C:\Program Files (x86)\Arm\GNU Toolchain mingw-w64-i686-arm-none-eabi\arm-none-eabi\lib\thumb\v6-m\nofp\libc_nano.a(libc_a-memset.o)
 .ARM.attributes
                0x00000352       0x2c C:\Program Files (x86)\Arm\GNU Toolchain mingw-w64-i686-arm-none-eabi\arm-none-eabi\lib\thumb\v6-m\nofp\libc_nano.a(libc_a-localeconv.o)
 .ARM.attributes
                0x0000037e       0x2c C:\Program Files (x86)\Arm\GNU Toolchain mingw-w64-i686-arm-none-eabi\arm-none-eabi\lib\thumb\v6-m\nofp\libc_nano.a(libc_a-closer.o)
 .ARM.attributes
                0x000003aa       0x2c C:\Program Files (x86)\Arm\GNU Toolchain mingw-w64-i686-arm-none-eabi\arm-none-eabi\lib\thumb\v6-m\nofp\libc_nano.a(libc_a-impure.o)
 .ARM.attributes
                0x000003d6       0x2c C:\Program Files (x86)\Arm\GNU Toolchain mingw-w64-i686-arm-none-eabi\arm-none-eabi\lib\thumb\v6-m\nofp\libc_nano.a(libc_a-lseekr.o)
 .ARM.attributes
                0x00000402       0x2c C:\Program Files (x86)\Arm\GNU Toolchain mingw-w64-i686-arm-none-eabi\arm-none-eabi\lib\thumb\v6-m\nofp\libc_nano.a(libc_a-readr.o)
 .ARM.attributes
                0x0000042e       0x2c C:\Program Files (x86)\Arm\GNU Toolchain mingw-w64-i686-arm-none-eabi\arm-none-eabi\lib\thumb\v6-m\nofp\libc_nano.a(libc_a-writer.o)
 .ARM.attributes
                0x0000045a       0x2c C:\Program Files (x86)\Arm\GNU Toolchain mingw-w64-i686-arm-none-eabi\arm-none-eabi\lib\thumb\v6-m\nofp\libc_nano.a(libc_a-lock.o)
 .ARM.attributes
                0x00000486       0x2c C:\Program Files (x86)\Arm\GNU Toolchain mingw-w64-i686-arm-none-eabi\arm-none-eabi\lib\thumb\v6-m\nofp\libc_nano.a(libc_a-memchr-stub.o)
 .ARM.attributes
                0x000004b2       0x1c C:\Program Files (x86)\Arm\GNU Toolchain mingw-w64-i686-arm-none-eabi\arm-none-eabi\lib\thumb\v6-m\nofp\libc_nano.a(libc_a-strlen.o)
 .ARM.attributes
                0x000004ce       0x2c C:\Program Files (x86)\Arm\GNU Toolchain mingw-w64-i686-arm-none-eabi\arm-none-eabi\lib\thumb\v6-m\nofp\libc_nano.a(libc_a-dtoa.o)
 .ARM.attributes
                0x000004fa       0x2c C:\Program Files (x86)\Arm\GNU Toolchain mingw-w64-i686-arm-none-eabi\arm-none-eabi\lib\thumb\v6-m\nofp\libc_nano.a(libc_a-freer.o)
 .ARM.attributes
                0x00000526       0x2c C:\Program Files (x86)\Arm\GNU Toolchain mingw-w64-i686-arm-none-eabi\arm-none-eabi\lib\thumb\v6-m\nofp\libc_nano.a(libc_a-malloc.o)
 .ARM.attributes
                0x00000552       0x2c C:\Program Files (x86)\Arm\GNU Toolchain mingw-w64-i686-arm-none-eabi\arm-none-eabi\lib\thumb\v6-m\nofp\libc_nano.a(libc_a-mallocr.o)
 .ARM.attributes
                0x0000057e       0x2c C:\Program Files (x86)\Arm\GNU Toolchain mingw-w64-i686-arm-none-eabi\arm-none-eabi\lib\thumb\v6-m\nofp\libc_nano.a(libc_a-mlock.o)
 .ARM.attributes
                0x000005aa       0x2c C:\Program Files (x86)\Arm\GNU Toolchain mingw-w64-i686-arm-none-eabi\arm-none-eabi\lib\thumb\v6-m\nofp\libc_nano.a(libc_a-mprec.o)
 .ARM.attributes
                0x000005d6       0x2c C:\Program Files (x86)\Arm\GNU Toolchain mingw-w64-i686-arm-none-eabi\arm-none-eabi\lib\thumb\v6-m\nofp\libc_nano.a(libc_a-nano-vfprintf.o)
 .ARM.attributes